/var/spool/slurmd/job6498082/slurm_script: line 13: /mnt/petrelfs/jianglihan/miniforge3/bin/activate: No such file or directory
Head Node IP: SH-IDCA1404-10-140-54-26
Total Nodes: 2
Command to run:
accelerate launch   --config_file configs/accelerate_config/mnode8gpu.yaml   --main_process_ip=SH-IDCA1404-10-140-54-26   --main_process_port=29500   --num_processes=16   --num_machines=2   --machine_rank=$SLURM_PROCID   scripts/train_generator.py config=configs/training/generator/gpt_quadtree_fixtree.yaml
attention mode is flash
attention mode is flash
attention mode is flash
attention mode is flash
attention mode is flash
attention mode is flash
attention mode is flash
attention mode is flash
attention mode is flash
attention mode is flash
attention mode is flash
attention mode is flash
attention mode is flash
attention mode is flash
attention mode is flash
attention mode is flash
Detected kernel version 3.10.0, which is below the recommended minimum of 5.5.0; this can cause the process to hang. It is recommended to upgrade the kernel to the minimum version or higher.
wandb: Tracking run with wandb version 0.23.0
wandb: W&B syncing is set to `offline` in this directory. Run `wandb online` or set WANDB_MODE=online to enable cloud syncing.
wandb: Run data is saved locally in /mnt/petrelfs/jianglihan/my_code/quadtok/wandb/offline-run-20251202_101521-38b700r8
[12/02 10:15:24 TiTok-Gen]: Saving config to checkpoints/generator/gpt_quadtree_fixtree/config.yaml
[12/02 10:15:24 TiTok-Gen]: Config:
experiment:
  project: dynamic_tokenizer_generation
  name: gpt_quadtree_fixtree
  output_dir: checkpoints/generator/gpt_quadtree_fixtree
  max_train_examples: 1281167
  save_every: 10000
  eval_every: 50000
  generate_every: 1000
  log_every: 50
  log_grad_norm_every: 1000
  resume: false
  logging_dir: checkpoints/generator/gpt_quadtree_fixtree/logs
tokenizer:
  type: quadtok
  tokenizer_ckpt_dir: /mnt/petrelfs/jianglihan/my_code/quadtok/checkpoints/quadtok_sl256_vq_ts8-expandprob34/checkpoint-250000/ema_model/pytorch_model.bin
  vae_embed_dim: 8
model:
  type: quadtok
  grad_checkpointing: true
  vq_model:
    quantize_mode: vq
    vit_enc_model_size: small
    vit_dec_model_size: small
    vit_enc_patch_size: 16
    vit_dec_patch_size: 16
    decoder_token_size: 256
    codebook_size: 16384
    use_l2_norm: true
    commitment_cost: 0.25
    token_size: 8
  selector:
    token_size: 8
    num_patch_side_list:
    - 1
    - 2
    - 4
    - 8
    - 16
    - 32
    patch_size_list:
    - 16
    - 16
    - 16
    - 16
    - 16
    - 8
  generator_type: gpt-quadtree
  generator:
    model_size: base
    patch_size: 1
    image_size: 256
    num_patch_side_list:
    - 1
    - 2
    - 4
    - 8
    - 16
    - 32
    patch_size_list:
    - 16
    - 16
    - 16
    - 16
    - 16
    - 8
    guaranteed_depth: 3
    class_num: 1000
    label_drop_prob: 0.1
    mask_ratio_min: 0.7
    buffer_size: 1
    proj_dropout: 0.1
    attn_dropout: 0.1
losses:
  model_embed_dim: 768
  diffloss_d: 8
  diffloss_w: 1280
  expand_loss_weight: 1.0
dataset:
  type: simple_image
  params:
    train_shards_path_or_url: pipe:rclone cat hoss:jianglihan/data/imagenet/imagenet-train-{000000..000070}.tar
    eval_shards_path_or_url: pipe:rclone cat hoss:jianglihan/data/imagenet/imagenet-val-{000000..000049}.tar
    num_workers_per_gpu: 4
  preprocessing:
    resize_shorter_edge: 256
    crop_size: 256
    random_crop: true
    random_flip: true
    res_ratio_filtering: true
optimizer:
  name: adamw
  params:
    learning_rate: 0.0001
    beta1: 0.9
    beta2: 0.96
    weight_decay: 0.03
lr_scheduler:
  scheduler: cosine
  params:
    learning_rate: ${optimizer.params.learning_rate}
    warmup_steps: 10000
    end_lr: 1.0e-05
training:
  gradient_accumulation_steps: 1
  per_gpu_batch_size: 64
  mixed_precision: bf16
  enable_tf32: true
  enable_wandb: true
  use_ema: true
  seed: 42
  max_train_steps: 1000000
  max_grad_norm: 1.0
config: configs/training/generator/gpt_quadtree_fixtree.yaml

[12/02 10:15:29 TiTok-Gen]: Creating model and loss module.
[12/02 10:15:29 TiTok-Gen]: Creating model.
self.train_transform: Compose(
    Resize(size=256, interpolation=bicubic, max_size=None, antialias=True)
    RandomCrop(size=(256, 256), padding=None)
    RandomHorizontalFlip(p=0.5)
    ToTensor()
    Normalize(mean=[0.0, 0.0, 0.0], std=[1.0, 1.0, 1.0])
)
self.eval_transform: Compose(
    Resize(size=256, interpolation=bilinear, max_size=None, antialias=True)
    CenterCrop(size=(256, 256))
    ToTensor()
    Normalize(mean=[0.0, 0.0, 0.0], std=[1.0, 1.0, 1.0])
)
self.train_transform: Compose(
    Resize(size=256, interpolation=bicubic, max_size=None, antialias=True)
    RandomCrop(size=(256, 256), padding=None)
    RandomHorizontalFlip(p=0.5)
    ToTensor()
    Normalize(mean=[0.0, 0.0, 0.0], std=[1.0, 1.0, 1.0])
)
self.eval_transform: Compose(
    Resize(size=256, interpolation=bilinear, max_size=None, antialias=True)
    CenterCrop(size=(256, 256))
    ToTensor()
    Normalize(mean=[0.0, 0.0, 0.0], std=[1.0, 1.0, 1.0])
)
self.train_transform: Compose(
    Resize(size=256, interpolation=bicubic, max_size=None, antialias=True)
    RandomCrop(size=(256, 256), padding=None)
    RandomHorizontalFlip(p=0.5)
    ToTensor()
    Normalize(mean=[0.0, 0.0, 0.0], std=[1.0, 1.0, 1.0])
)
self.eval_transform: Compose(
    Resize(size=256, interpolation=bilinear, max_size=None, antialias=True)
    CenterCrop(size=(256, 256))
    ToTensor()
    Normalize(mean=[0.0, 0.0, 0.0], std=[1.0, 1.0, 1.0])
)
self.train_transform: Compose(
    Resize(size=256, interpolation=bicubic, max_size=None, antialias=True)
    RandomCrop(size=(256, 256), padding=None)
    RandomHorizontalFlip(p=0.5)
    ToTensor()
    Normalize(mean=[0.0, 0.0, 0.0], std=[1.0, 1.0, 1.0])
)
self.eval_transform: Compose(
    Resize(size=256, interpolation=bilinear, max_size=None, antialias=True)
    CenterCrop(size=(256, 256))
    ToTensor()
    Normalize(mean=[0.0, 0.0, 0.0], std=[1.0, 1.0, 1.0])
)
self.train_transform: Compose(
    Resize(size=256, interpolation=bicubic, max_size=None, antialias=True)
    RandomCrop(size=(256, 256), padding=None)
    RandomHorizontalFlip(p=0.5)
    ToTensor()
    Normalize(mean=[0.0, 0.0, 0.0], std=[1.0, 1.0, 1.0])
)
self.eval_transform: Compose(
    Resize(size=256, interpolation=bilinear, max_size=None, antialias=True)
    CenterCrop(size=(256, 256))
    ToTensor()
    Normalize(mean=[0.0, 0.0, 0.0], std=[1.0, 1.0, 1.0])
)
self.train_transform: Compose(
    Resize(size=256, interpolation=bicubic, max_size=None, antialias=True)
    RandomCrop(size=(256, 256), padding=None)
    RandomHorizontalFlip(p=0.5)
    ToTensor()
    Normalize(mean=[0.0, 0.0, 0.0], std=[1.0, 1.0, 1.0])
)
self.eval_transform: Compose(
    Resize(size=256, interpolation=bilinear, max_size=None, antialias=True)
    CenterCrop(size=(256, 256))
    ToTensor()
    Normalize(mean=[0.0, 0.0, 0.0], std=[1.0, 1.0, 1.0])
)
self.train_transform: Compose(
    Resize(size=256, interpolation=bicubic, max_size=None, antialias=True)
    RandomCrop(size=(256, 256), padding=None)
    RandomHorizontalFlip(p=0.5)
    ToTensor()
    Normalize(mean=[0.0, 0.0, 0.0], std=[1.0, 1.0, 1.0])
)
self.eval_transform: Compose(
    Resize(size=256, interpolation=bilinear, max_size=None, antialias=True)
    CenterCrop(size=(256, 256))
    ToTensor()
    Normalize(mean=[0.0, 0.0, 0.0], std=[1.0, 1.0, 1.0])
)
self.train_transform: Compose(
    Resize(size=256, interpolation=bicubic, max_size=None, antialias=True)
    RandomCrop(size=(256, 256), padding=None)
    RandomHorizontalFlip(p=0.5)
    ToTensor()
    Normalize(mean=[0.0, 0.0, 0.0], std=[1.0, 1.0, 1.0])
)
self.eval_transform: Compose(
    Resize(size=256, interpolation=bilinear, max_size=None, antialias=True)
    CenterCrop(size=(256, 256))
    ToTensor()
    Normalize(mean=[0.0, 0.0, 0.0], std=[1.0, 1.0, 1.0])
)
self.train_transform: Compose(
    Resize(size=256, interpolation=bicubic, max_size=None, antialias=True)
    RandomCrop(size=(256, 256), padding=None)
    RandomHorizontalFlip(p=0.5)
    ToTensor()
    Normalize(mean=[0.0, 0.0, 0.0], std=[1.0, 1.0, 1.0])
)
self.eval_transform: Compose(
    Resize(size=256, interpolation=bilinear, max_size=None, antialias=True)
    CenterCrop(size=(256, 256))
    ToTensor()
    Normalize(mean=[0.0, 0.0, 0.0], std=[1.0, 1.0, 1.0])
)
self.train_transform: Compose(
    Resize(size=256, interpolation=bicubic, max_size=None, antialias=True)
    RandomCrop(size=(256, 256), padding=None)
    RandomHorizontalFlip(p=0.5)
    ToTensor()
    Normalize(mean=[0.0, 0.0, 0.0], std=[1.0, 1.0, 1.0])
)
self.eval_transform: Compose(
    Resize(size=256, interpolation=bilinear, max_size=None, antialias=True)
    CenterCrop(size=(256, 256))
    ToTensor()
    Normalize(mean=[0.0, 0.0, 0.0], std=[1.0, 1.0, 1.0])
)
self.train_transform: Compose(
    Resize(size=256, interpolation=bicubic, max_size=None, antialias=True)
    RandomCrop(size=(256, 256), padding=None)
    RandomHorizontalFlip(p=0.5)
    ToTensor()
    Normalize(mean=[0.0, 0.0, 0.0], std=[1.0, 1.0, 1.0])
)
self.eval_transform: Compose(
    Resize(size=256, interpolation=bilinear, max_size=None, antialias=True)
    CenterCrop(size=(256, 256))
    ToTensor()
    Normalize(mean=[0.0, 0.0, 0.0], std=[1.0, 1.0, 1.0])
)
self.train_transform: Compose(
    Resize(size=256, interpolation=bicubic, max_size=None, antialias=True)
    RandomCrop(size=(256, 256), padding=None)
    RandomHorizontalFlip(p=0.5)
    ToTensor()
    Normalize(mean=[0.0, 0.0, 0.0], std=[1.0, 1.0, 1.0])
)
self.eval_transform: Compose(
    Resize(size=256, interpolation=bilinear, max_size=None, antialias=True)
    CenterCrop(size=(256, 256))
    ToTensor()
    Normalize(mean=[0.0, 0.0, 0.0], std=[1.0, 1.0, 1.0])
)
self.train_transform: Compose(
    Resize(size=256, interpolation=bicubic, max_size=None, antialias=True)
    RandomCrop(size=(256, 256), padding=None)
    RandomHorizontalFlip(p=0.5)
    ToTensor()
    Normalize(mean=[0.0, 0.0, 0.0], std=[1.0, 1.0, 1.0])
)
self.eval_transform: Compose(
    Resize(size=256, interpolation=bilinear, max_size=None, antialias=True)
    CenterCrop(size=(256, 256))
    ToTensor()
    Normalize(mean=[0.0, 0.0, 0.0], std=[1.0, 1.0, 1.0])
)
self.train_transform: Compose(
    Resize(size=256, interpolation=bicubic, max_size=None, antialias=True)
    RandomCrop(size=(256, 256), padding=None)
    RandomHorizontalFlip(p=0.5)
    ToTensor()
    Normalize(mean=[0.0, 0.0, 0.0], std=[1.0, 1.0, 1.0])
)
self.eval_transform: Compose(
    Resize(size=256, interpolation=bilinear, max_size=None, antialias=True)
    CenterCrop(size=(256, 256))
    ToTensor()
    Normalize(mean=[0.0, 0.0, 0.0], std=[1.0, 1.0, 1.0])
)
self.train_transform: Compose(
    Resize(size=256, interpolation=bicubic, max_size=None, antialias=True)
    RandomCrop(size=(256, 256), padding=None)
    RandomHorizontalFlip(p=0.5)
    ToTensor()
    Normalize(mean=[0.0, 0.0, 0.0], std=[1.0, 1.0, 1.0])
)
self.eval_transform: Compose(
    Resize(size=256, interpolation=bilinear, max_size=None, antialias=True)
    CenterCrop(size=(256, 256))
    ToTensor()
    Normalize(mean=[0.0, 0.0, 0.0], std=[1.0, 1.0, 1.0])
)
[12/02 10:15:37 TiTok-Gen]: Creating optimizers.
[12/02 10:15:37 TiTok-Gen]: Creating lr_schedulers.
self.train_transform: Compose(
    Resize(size=256, interpolation=bicubic, max_size=None, antialias=True)
    RandomCrop(size=(256, 256), padding=None)
    RandomHorizontalFlip(p=0.5)
    ToTensor()
    Normalize(mean=[0.0, 0.0, 0.0], std=[1.0, 1.0, 1.0])
)
self.eval_transform: Compose(
    Resize(size=256, interpolation=bilinear, max_size=None, antialias=True)
    CenterCrop(size=(256, 256))
    ToTensor()
    Normalize(mean=[0.0, 0.0, 0.0], std=[1.0, 1.0, 1.0])
)
[12/02 10:15:37 TiTok-Gen]: Preparing model, optimizer and dataloaders
SH-IDCA1404-10-140-54-26:82516:82516 [0] NCCL INFO NCCL_SOCKET_IFNAME set by environment to bond0
SH-IDCA1404-10-140-54-26:82516:82516 [0] NCCL INFO Bootstrap : Using bond0:10.140.54.26<0>
SH-IDCA1404-10-140-54-26:82516:82516 [0] NCCL INFO NET/Plugin: No plugin found (libnccl-net.so)
SH-IDCA1404-10-140-54-26:82516:82516 [0] NCCL INFO NET/Plugin: Plugin load returned 2 : libnccl-net.so: cannot open shared object file: No such file or directory : when loading libnccl-net.so
SH-IDCA1404-10-140-54-26:82516:82516 [0] NCCL INFO NET/Plugin: Using internal network plugin.
SH-IDCA1404-10-140-54-26:82516:82516 [0] NCCL INFO cudaDriverVersion 12000
NCCL version 2.21.5+cuda11.0
SH-IDCA1404-10-140-54-26:82522:82522 [6] NCCL INFO cudaDriverVersion 12000
SH-IDCA1404-10-140-54-26:82519:82519 [3] NCCL INFO cudaDriverVersion 12000
SH-IDCA1404-10-140-54-26:82518:82518 [2] NCCL INFO cudaDriverVersion 12000
SH-IDCA1404-10-140-54-26:82521:82521 [5] NCCL INFO cudaDriverVersion 12000
SH-IDCA1404-10-140-54-26:82522:82522 [6] NCCL INFO NCCL_SOCKET_IFNAME set by environment to bond0
SH-IDCA1404-10-140-54-26:82519:82519 [3] NCCL INFO NCCL_SOCKET_IFNAME set by environment to bond0
SH-IDCA1404-10-140-54-26:82518:82518 [2] NCCL INFO NCCL_SOCKET_IFNAME set by environment to bond0
SH-IDCA1404-10-140-54-26:82523:82523 [7] NCCL INFO cudaDriverVersion 12000
SH-IDCA1404-10-140-54-26:82521:82521 [5] NCCL INFO NCCL_SOCKET_IFNAME set by environment to bond0
SH-IDCA1404-10-140-54-26:82523:82523 [7] NCCL INFO NCCL_SOCKET_IFNAME set by environment to bond0
SH-IDCA1404-10-140-54-26:82520:82520 [4] NCCL INFO cudaDriverVersion 12000
SH-IDCA1404-10-140-54-26:82520:82520 [4] NCCL INFO NCCL_SOCKET_IFNAME set by environment to bond0
SH-IDCA1404-10-140-54-26:82517:82517 [1] NCCL INFO cudaDriverVersion 12000
SH-IDCA1404-10-140-54-26:82517:82517 [1] NCCL INFO NCCL_SOCKET_IFNAME set by environment to bond0
SH-IDCA1404-10-140-54-26:82522:82522 [6] NCCL INFO Bootstrap : Using bond0:10.140.54.26<0>
SH-IDCA1404-10-140-54-26:82521:82521 [5] NCCL INFO Bootstrap : Using bond0:10.140.54.26<0>
SH-IDCA1404-10-140-54-26:82518:82518 [2] NCCL INFO Bootstrap : Using bond0:10.140.54.26<0>
SH-IDCA1404-10-140-54-26:82523:82523 [7] NCCL INFO Bootstrap : Using bond0:10.140.54.26<0>
SH-IDCA1404-10-140-54-26:82520:82520 [4] NCCL INFO Bootstrap : Using bond0:10.140.54.26<0>
SH-IDCA1404-10-140-54-26:82517:82517 [1] NCCL INFO Bootstrap : Using bond0:10.140.54.26<0>
SH-IDCA1404-10-140-54-26:82519:82519 [3] NCCL INFO Bootstrap : Using bond0:10.140.54.26<0>
SH-IDCA1404-10-140-54-26:82523:82523 [7] NCCL INFO NET/Plugin: No plugin found (libnccl-net.so)
SH-IDCA1404-10-140-54-26:82523:82523 [7] NCCL INFO NET/Plugin: Plugin load returned 2 : libnccl-net.so: cannot open shared object file: No such file or directory : when loading libnccl-net.so
SH-IDCA1404-10-140-54-26:82523:82523 [7] NCCL INFO NET/Plugin: Using internal network plugin.
SH-IDCA1404-10-140-54-26:82518:82518 [2] NCCL INFO NET/Plugin: No plugin found (libnccl-net.so)
SH-IDCA1404-10-140-54-26:82518:82518 [2] NCCL INFO NET/Plugin: Plugin load returned 2 : libnccl-net.so: cannot open shared object file: No such file or directory : when loading libnccl-net.so
SH-IDCA1404-10-140-54-26:82518:82518 [2] NCCL INFO NET/Plugin: Using internal network plugin.
SH-IDCA1404-10-140-54-26:82521:82521 [5] NCCL INFO NET/Plugin: No plugin found (libnccl-net.so)
SH-IDCA1404-10-140-54-26:82521:82521 [5] NCCL INFO NET/Plugin: Plugin load returned 2 : libnccl-net.so: cannot open shared object file: No such file or directory : when loading libnccl-net.so
SH-IDCA1404-10-140-54-26:82521:82521 [5] NCCL INFO NET/Plugin: Using internal network plugin.
SH-IDCA1404-10-140-54-26:82517:82517 [1] NCCL INFO NET/Plugin: No plugin found (libnccl-net.so)
SH-IDCA1404-10-140-54-26:82517:82517 [1] NCCL INFO NET/Plugin: Plugin load returned 2 : libnccl-net.so: cannot open shared object file: No such file or directory : when loading libnccl-net.so
SH-IDCA1404-10-140-54-26:82517:82517 [1] NCCL INFO NET/Plugin: Using internal network plugin.
SH-IDCA1404-10-140-54-26:82519:82519 [3] NCCL INFO NET/Plugin: No plugin found (libnccl-net.so)
SH-IDCA1404-10-140-54-26:82519:82519 [3] NCCL INFO NET/Plugin: Plugin load returned 2 : libnccl-net.so: cannot open shared object file: No such file or directory : when loading libnccl-net.so
SH-IDCA1404-10-140-54-26:82519:82519 [3] NCCL INFO NET/Plugin: Using internal network plugin.
SH-IDCA1404-10-140-54-26:82522:82522 [6] NCCL INFO NET/Plugin: No plugin found (libnccl-net.so)
SH-IDCA1404-10-140-54-26:82522:82522 [6] NCCL INFO NET/Plugin: Plugin load returned 2 : libnccl-net.so: cannot open shared object file: No such file or directory : when loading libnccl-net.so
SH-IDCA1404-10-140-54-26:82522:82522 [6] NCCL INFO NET/Plugin: Using internal network plugin.
SH-IDCA1404-10-140-54-26:82520:82520 [4] NCCL INFO NET/Plugin: No plugin found (libnccl-net.so)
SH-IDCA1404-10-140-54-26:82520:82520 [4] NCCL INFO NET/Plugin: Plugin load returned 2 : libnccl-net.so: cannot open shared object file: No such file or directory : when loading libnccl-net.so
SH-IDCA1404-10-140-54-26:82520:82520 [4] NCCL INFO NET/Plugin: Using internal network plugin.
SH-IDCA1404-10-140-54-29:9214:9214 [7] NCCL INFO cudaDriverVersion 12000
SH-IDCA1404-10-140-54-29:9214:9214 [7] NCCL INFO NCCL_SOCKET_IFNAME set by environment to bond0
SH-IDCA1404-10-140-54-29:9214:9214 [7] NCCL INFO Bootstrap : Using bond0:10.140.54.29<0>
SH-IDCA1404-10-140-54-29:9207:9207 [0] NCCL INFO cudaDriverVersion 12000
SH-IDCA1404-10-140-54-29:9207:9207 [0] NCCL INFO NCCL_SOCKET_IFNAME set by environment to bond0
SH-IDCA1404-10-140-54-29:9207:9207 [0] NCCL INFO Bootstrap : Using bond0:10.140.54.29<0>
SH-IDCA1404-10-140-54-29:9210:9210 [3] NCCL INFO cudaDriverVersion 12000
SH-IDCA1404-10-140-54-29:9210:9210 [3] NCCL INFO NCCL_SOCKET_IFNAME set by environment to bond0
SH-IDCA1404-10-140-54-29:9208:9208 [1] NCCL INFO cudaDriverVersion 12000
SH-IDCA1404-10-140-54-29:9209:9209 [2] NCCL INFO cudaDriverVersion 12000
SH-IDCA1404-10-140-54-29:9208:9208 [1] NCCL INFO NCCL_SOCKET_IFNAME set by environment to bond0
SH-IDCA1404-10-140-54-29:9209:9209 [2] NCCL INFO NCCL_SOCKET_IFNAME set by environment to bond0
SH-IDCA1404-10-140-54-29:9212:9212 [5] NCCL INFO cudaDriverVersion 12000
SH-IDCA1404-10-140-54-29:9210:9210 [3] NCCL INFO Bootstrap : Using bond0:10.140.54.29<0>
SH-IDCA1404-10-140-54-29:9208:9208 [1] NCCL INFO Bootstrap : Using bond0:10.140.54.29<0>
SH-IDCA1404-10-140-54-29:9209:9209 [2] NCCL INFO Bootstrap : Using bond0:10.140.54.29<0>
SH-IDCA1404-10-140-54-29:9212:9212 [5] NCCL INFO NCCL_SOCKET_IFNAME set by environment to bond0
SH-IDCA1404-10-140-54-29:9213:9213 [6] NCCL INFO cudaDriverVersion 12000
SH-IDCA1404-10-140-54-29:9211:9211 [4] NCCL INFO cudaDriverVersion 12000
SH-IDCA1404-10-140-54-29:9213:9213 [6] NCCL INFO NCCL_SOCKET_IFNAME set by environment to bond0
SH-IDCA1404-10-140-54-29:9211:9211 [4] NCCL INFO NCCL_SOCKET_IFNAME set by environment to bond0
SH-IDCA1404-10-140-54-29:9212:9212 [5] NCCL INFO Bootstrap : Using bond0:10.140.54.29<0>
SH-IDCA1404-10-140-54-29:9213:9213 [6] NCCL INFO Bootstrap : Using bond0:10.140.54.29<0>
SH-IDCA1404-10-140-54-29:9211:9211 [4] NCCL INFO Bootstrap : Using bond0:10.140.54.29<0>
SH-IDCA1404-10-140-54-29:9207:9207 [0] NCCL INFO NET/Plugin: No plugin found (libnccl-net.so)
SH-IDCA1404-10-140-54-29:9207:9207 [0] NCCL INFO NET/Plugin: Plugin load returned 2 : libnccl-net.so: cannot open shared object file: No such file or directory : when loading libnccl-net.so
SH-IDCA1404-10-140-54-29:9207:9207 [0] NCCL INFO NET/Plugin: Using internal network plugin.
SH-IDCA1404-10-140-54-29:9209:9209 [2] NCCL INFO NET/Plugin: No plugin found (libnccl-net.so)
SH-IDCA1404-10-140-54-29:9209:9209 [2] NCCL INFO NET/Plugin: Plugin load returned 2 : libnccl-net.so: cannot open shared object file: No such file or directory : when loading libnccl-net.so
SH-IDCA1404-10-140-54-29:9209:9209 [2] NCCL INFO NET/Plugin: Using internal network plugin.
SH-IDCA1404-10-140-54-29:9208:9208 [1] NCCL INFO NET/Plugin: No plugin found (libnccl-net.so)
SH-IDCA1404-10-140-54-29:9208:9208 [1] NCCL INFO NET/Plugin: Plugin load returned 2 : libnccl-net.so: cannot open shared object file: No such file or directory : when loading libnccl-net.so
SH-IDCA1404-10-140-54-29:9208:9208 [1] NCCL INFO NET/Plugin: Using internal network plugin.
SH-IDCA1404-10-140-54-29:9213:9213 [6] NCCL INFO NET/Plugin: No plugin found (libnccl-net.so)
SH-IDCA1404-10-140-54-29:9213:9213 [6] NCCL INFO NET/Plugin: Plugin load returned 2 : libnccl-net.so: cannot open shared object file: No such file or directory : when loading libnccl-net.so
SH-IDCA1404-10-140-54-29:9213:9213 [6] NCCL INFO NET/Plugin: Using internal network plugin.
SH-IDCA1404-10-140-54-29:9210:9210 [3] NCCL INFO NET/Plugin: No plugin found (libnccl-net.so)
SH-IDCA1404-10-140-54-29:9210:9210 [3] NCCL INFO NET/Plugin: Plugin load returned 2 : libnccl-net.so: cannot open shared object file: No such file or directory : when loading libnccl-net.so
SH-IDCA1404-10-140-54-29:9210:9210 [3] NCCL INFO NET/Plugin: Using internal network plugin.
SH-IDCA1404-10-140-54-29:9211:9211 [4] NCCL INFO NET/Plugin: No plugin found (libnccl-net.so)
SH-IDCA1404-10-140-54-29:9211:9211 [4] NCCL INFO NET/Plugin: Plugin load returned 2 : libnccl-net.so: cannot open shared object file: No such file or directory : when loading libnccl-net.so
SH-IDCA1404-10-140-54-29:9211:9211 [4] NCCL INFO NET/Plugin: Using internal network plugin.
SH-IDCA1404-10-140-54-29:9214:9214 [7] NCCL INFO NET/Plugin: No plugin found (libnccl-net.so)
SH-IDCA1404-10-140-54-29:9214:9214 [7] NCCL INFO NET/Plugin: Plugin load returned 2 : libnccl-net.so: cannot open shared object file: No such file or directory : when loading libnccl-net.so
SH-IDCA1404-10-140-54-29:9214:9214 [7] NCCL INFO NET/Plugin: Using internal network plugin.
SH-IDCA1404-10-140-54-29:9212:9212 [5] NCCL INFO NET/Plugin: No plugin found (libnccl-net.so)
SH-IDCA1404-10-140-54-29:9212:9212 [5] NCCL INFO NET/Plugin: Plugin load returned 2 : libnccl-net.so: cannot open shared object file: No such file or directory : when loading libnccl-net.so
SH-IDCA1404-10-140-54-29:9212:9212 [5] NCCL INFO NET/Plugin: Using internal network plugin.
SH-IDCA1404-10-140-54-26:82516:82516 [0] NCCL INFO Comm config Blocking set to 1
SH-IDCA1404-10-140-54-26:82523:82523 [7] NCCL INFO Comm config Blocking set to 1
SH-IDCA1404-10-140-54-26:82517:82517 [1] NCCL INFO Comm config Blocking set to 1
SH-IDCA1404-10-140-54-26:82516:84135 [0] NCCL INFO NCCL_SOCKET_IFNAME set by environment to bond0
SH-IDCA1404-10-140-54-26:82516:84135 [0] NCCL INFO NCCL_IB_HCA set to mlx5_0,mlx5_2
SH-IDCA1404-10-140-54-26:82522:82522 [6] NCCL INFO Comm config Blocking set to 1
SH-IDCA1404-10-140-54-26:82523:84136 [7] NCCL INFO NCCL_SOCKET_IFNAME set by environment to bond0
SH-IDCA1404-10-140-54-26:82517:84137 [1] NCCL INFO NCCL_SOCKET_IFNAME set by environment to bond0
SH-IDCA1404-10-140-54-26:82523:84136 [7] NCCL INFO NCCL_IB_HCA set to mlx5_0,mlx5_2
SH-IDCA1404-10-140-54-26:82517:84137 [1] NCCL INFO NCCL_IB_HCA set to mlx5_0,mlx5_2
SH-IDCA1404-10-140-54-26:82520:82520 [4] NCCL INFO Comm config Blocking set to 1
SH-IDCA1404-10-140-54-26:82516:84135 [0] NCCL INFO NET/IB : Using [0]mlx5_2:1/IB [RO]; OOB bond0:10.140.54.26<0>
SH-IDCA1404-10-140-54-26:82516:84135 [0] NCCL INFO Using non-device net plugin version 0
SH-IDCA1404-10-140-54-26:82516:84135 [0] NCCL INFO Using network IB
SH-IDCA1404-10-140-54-26:82519:82519 [3] NCCL INFO Comm config Blocking set to 1
SH-IDCA1404-10-140-54-26:82518:82518 [2] NCCL INFO Comm config Blocking set to 1
SH-IDCA1404-10-140-54-26:82522:84139 [6] NCCL INFO NCCL_SOCKET_IFNAME set by environment to bond0
SH-IDCA1404-10-140-54-26:82522:84139 [6] NCCL INFO NCCL_IB_HCA set to mlx5_0,mlx5_2
SH-IDCA1404-10-140-54-26:82517:84137 [1] NCCL INFO NET/IB : Using [0]mlx5_2:1/IB [RO]; OOB bond0:10.140.54.26<0>
SH-IDCA1404-10-140-54-26:82517:84137 [1] NCCL INFO Using non-device net plugin version 0
SH-IDCA1404-10-140-54-26:82517:84137 [1] NCCL INFO Using network IB
SH-IDCA1404-10-140-54-26:82523:84136 [7] NCCL INFO NET/IB : Using [0]mlx5_2:1/IB [RO]; OOB bond0:10.140.54.26<0>
SH-IDCA1404-10-140-54-26:82523:84136 [7] NCCL INFO Using non-device net plugin version 0
SH-IDCA1404-10-140-54-26:82523:84136 [7] NCCL INFO Using network IB
SH-IDCA1404-10-140-54-26:82520:84140 [4] NCCL INFO NCCL_SOCKET_IFNAME set by environment to bond0
SH-IDCA1404-10-140-54-26:82520:84140 [4] NCCL INFO NCCL_IB_HCA set to mlx5_0,mlx5_2
SH-IDCA1404-10-140-54-26:82519:84143 [3] NCCL INFO NCCL_SOCKET_IFNAME set by environment to bond0
SH-IDCA1404-10-140-54-26:82518:84144 [2] NCCL INFO NCCL_SOCKET_IFNAME set by environment to bond0
SH-IDCA1404-10-140-54-26:82519:84143 [3] NCCL INFO NCCL_IB_HCA set to mlx5_0,mlx5_2
SH-IDCA1404-10-140-54-26:82518:84144 [2] NCCL INFO NCCL_IB_HCA set to mlx5_0,mlx5_2
SH-IDCA1404-10-140-54-26:82522:84139 [6] NCCL INFO NET/IB : Using [0]mlx5_2:1/IB [RO]; OOB bond0:10.140.54.26<0>
SH-IDCA1404-10-140-54-26:82522:84139 [6] NCCL INFO Using non-device net plugin version 0
SH-IDCA1404-10-140-54-26:82522:84139 [6] NCCL INFO Using network IB
SH-IDCA1404-10-140-54-26:82520:84140 [4] NCCL INFO NET/IB : Using [0]mlx5_2:1/IB [RO]; OOB bond0:10.140.54.26<0>
SH-IDCA1404-10-140-54-26:82520:84140 [4] NCCL INFO Using non-device net plugin version 0
SH-IDCA1404-10-140-54-26:82520:84140 [4] NCCL INFO Using network IB
SH-IDCA1404-10-140-54-26:82519:84143 [3] NCCL INFO NET/IB : Using [0]mlx5_2:1/IB [RO]; OOB bond0:10.140.54.26<0>
SH-IDCA1404-10-140-54-26:82519:84143 [3] NCCL INFO Using non-device net plugin version 0
SH-IDCA1404-10-140-54-26:82519:84143 [3] NCCL INFO Using network IB
SH-IDCA1404-10-140-54-29:9210:9210 [3] NCCL INFO Comm config Blocking set to 1
SH-IDCA1404-10-140-54-26:82518:84144 [2] NCCL INFO NET/IB : Using [0]mlx5_2:1/IB [RO]; OOB bond0:10.140.54.26<0>
SH-IDCA1404-10-140-54-26:82518:84144 [2] NCCL INFO Using non-device net plugin version 0
SH-IDCA1404-10-140-54-26:82518:84144 [2] NCCL INFO Using network IB
SH-IDCA1404-10-140-54-29:9213:9213 [6] NCCL INFO Comm config Blocking set to 1
SH-IDCA1404-10-140-54-29:9209:9209 [2] NCCL INFO Comm config Blocking set to 1
SH-IDCA1404-10-140-54-29:9208:9208 [1] NCCL INFO Comm config Blocking set to 1
SH-IDCA1404-10-140-54-29:9212:9212 [5] NCCL INFO Comm config Blocking set to 1
SH-IDCA1404-10-140-54-29:9207:9207 [0] NCCL INFO Comm config Blocking set to 1
SH-IDCA1404-10-140-54-29:9210:10762 [3] NCCL INFO NCCL_SOCKET_IFNAME set by environment to bond0
SH-IDCA1404-10-140-54-29:9210:10762 [3] NCCL INFO NCCL_IB_HCA set to mlx5_0,mlx5_2
SH-IDCA1404-10-140-54-29:9209:10764 [2] NCCL INFO NCCL_SOCKET_IFNAME set by environment to bond0
SH-IDCA1404-10-140-54-29:9213:10763 [6] NCCL INFO NCCL_SOCKET_IFNAME set by environment to bond0
SH-IDCA1404-10-140-54-29:9209:10764 [2] NCCL INFO NCCL_IB_HCA set to mlx5_0,mlx5_2
SH-IDCA1404-10-140-54-29:9213:10763 [6] NCCL INFO NCCL_IB_HCA set to mlx5_0,mlx5_2
SH-IDCA1404-10-140-54-29:9208:10765 [1] NCCL INFO NCCL_SOCKET_IFNAME set by environment to bond0
SH-IDCA1404-10-140-54-29:9208:10765 [1] NCCL INFO NCCL_IB_HCA set to mlx5_0,mlx5_2
SH-IDCA1404-10-140-54-29:9211:9211 [4] NCCL INFO Comm config Blocking set to 1
SH-IDCA1404-10-140-54-29:9212:10766 [5] NCCL INFO NCCL_SOCKET_IFNAME set by environment to bond0
SH-IDCA1404-10-140-54-29:9212:10766 [5] NCCL INFO NCCL_IB_HCA set to mlx5_0,mlx5_2
SH-IDCA1404-10-140-54-29:9207:10767 [0] NCCL INFO NCCL_SOCKET_IFNAME set by environment to bond0
SH-IDCA1404-10-140-54-29:9207:10767 [0] NCCL INFO NCCL_IB_HCA set to mlx5_0,mlx5_2
SH-IDCA1404-10-140-54-26:82521:82521 [5] NCCL INFO Comm config Blocking set to 1
SH-IDCA1404-10-140-54-29:9210:10762 [3] NCCL INFO NET/IB : Using [0]mlx5_2:1/IB [RO]; OOB bond0:10.140.54.29<0>
SH-IDCA1404-10-140-54-29:9210:10762 [3] NCCL INFO Using non-device net plugin version 0
SH-IDCA1404-10-140-54-29:9210:10762 [3] NCCL INFO Using network IB
SH-IDCA1404-10-140-54-29:9211:10768 [4] NCCL INFO NCCL_SOCKET_IFNAME set by environment to bond0
SH-IDCA1404-10-140-54-29:9208:10765 [1] NCCL INFO NET/IB : Using [0]mlx5_2:1/IB [RO]; OOB bond0:10.140.54.29<0>
SH-IDCA1404-10-140-54-29:9211:10768 [4] NCCL INFO NCCL_IB_HCA set to mlx5_0,mlx5_2
SH-IDCA1404-10-140-54-29:9208:10765 [1] NCCL INFO Using non-device net plugin version 0
SH-IDCA1404-10-140-54-29:9208:10765 [1] NCCL INFO Using network IB
SH-IDCA1404-10-140-54-29:9209:10764 [2] NCCL INFO NET/IB : Using [0]mlx5_2:1/IB [RO]; OOB bond0:10.140.54.29<0>
SH-IDCA1404-10-140-54-29:9209:10764 [2] NCCL INFO Using non-device net plugin version 0
SH-IDCA1404-10-140-54-29:9209:10764 [2] NCCL INFO Using network IB
SH-IDCA1404-10-140-54-29:9213:10763 [6] NCCL INFO NET/IB : Using [0]mlx5_2:1/IB [RO]; OOB bond0:10.140.54.29<0>
SH-IDCA1404-10-140-54-29:9213:10763 [6] NCCL INFO Using non-device net plugin version 0
SH-IDCA1404-10-140-54-29:9213:10763 [6] NCCL INFO Using network IB
SH-IDCA1404-10-140-54-26:82521:84149 [5] NCCL INFO NCCL_SOCKET_IFNAME set by environment to bond0
SH-IDCA1404-10-140-54-26:82521:84149 [5] NCCL INFO NCCL_IB_HCA set to mlx5_0,mlx5_2
SH-IDCA1404-10-140-54-29:9212:10766 [5] NCCL INFO NET/IB : Using [0]mlx5_2:1/IB [RO]; OOB bond0:10.140.54.29<0>
SH-IDCA1404-10-140-54-29:9212:10766 [5] NCCL INFO Using non-device net plugin version 0
SH-IDCA1404-10-140-54-29:9212:10766 [5] NCCL INFO Using network IB
SH-IDCA1404-10-140-54-29:9207:10767 [0] NCCL INFO NET/IB : Using [0]mlx5_2:1/IB [RO]; OOB bond0:10.140.54.29<0>
SH-IDCA1404-10-140-54-29:9207:10767 [0] NCCL INFO Using non-device net plugin version 0
SH-IDCA1404-10-140-54-29:9207:10767 [0] NCCL INFO Using network IB
SH-IDCA1404-10-140-54-29:9211:10768 [4] NCCL INFO NET/IB : Using [0]mlx5_2:1/IB [RO]; OOB bond0:10.140.54.29<0>
SH-IDCA1404-10-140-54-29:9211:10768 [4] NCCL INFO Using non-device net plugin version 0
SH-IDCA1404-10-140-54-29:9211:10768 [4] NCCL INFO Using network IB
SH-IDCA1404-10-140-54-26:82521:84149 [5] NCCL INFO NET/IB : Using [0]mlx5_2:1/IB [RO]; OOB bond0:10.140.54.26<0>
SH-IDCA1404-10-140-54-26:82521:84149 [5] NCCL INFO Using non-device net plugin version 0
SH-IDCA1404-10-140-54-26:82521:84149 [5] NCCL INFO Using network IB
SH-IDCA1404-10-140-54-29:9214:9214 [7] NCCL INFO Comm config Blocking set to 1
SH-IDCA1404-10-140-54-29:9214:10777 [7] NCCL INFO NCCL_SOCKET_IFNAME set by environment to bond0
SH-IDCA1404-10-140-54-29:9214:10777 [7] NCCL INFO NCCL_IB_HCA set to mlx5_0,mlx5_2
SH-IDCA1404-10-140-54-29:9214:10777 [7] NCCL INFO NET/IB : Using [0]mlx5_2:1/IB [RO]; OOB bond0:10.140.54.29<0>
SH-IDCA1404-10-140-54-29:9214:10777 [7] NCCL INFO Using non-device net plugin version 0
SH-IDCA1404-10-140-54-29:9214:10777 [7] NCCL INFO Using network IB
SH-IDCA1404-10-140-54-26:82520:84140 [4] NCCL INFO ncclCommInitRank comm 0xaeda380 rank 4 nranks 16 cudaDev 4 nvmlDev 4 busId 9d000 commId 0xdda4878f0f64314e - Init START
SH-IDCA1404-10-140-54-26:82522:84139 [6] NCCL INFO ncclCommInitRank comm 0xcf08aa0 rank 6 nranks 16 cudaDev 6 nvmlDev 6 busId d4000 commId 0xdda4878f0f64314e - Init START
SH-IDCA1404-10-140-54-26:82519:84143 [3] NCCL INFO ncclCommInitRank comm 0xccf1fd0 rank 3 nranks 16 cudaDev 3 nvmlDev 3 busId 71000 commId 0xdda4878f0f64314e - Init START
SH-IDCA1404-10-140-54-26:82523:84136 [7] NCCL INFO ncclCommInitRank comm 0xcc7ef00 rank 7 nranks 16 cudaDev 7 nvmlDev 7 busId d7000 commId 0xdda4878f0f64314e - Init START
SH-IDCA1404-10-140-54-26:82518:84144 [2] NCCL INFO ncclCommInitRank comm 0xb2c14d0 rank 2 nranks 16 cudaDev 2 nvmlDev 2 busId 6b000 commId 0xdda4878f0f64314e - Init START
SH-IDCA1404-10-140-54-26:82521:84149 [5] NCCL INFO ncclCommInitRank comm 0xd328a90 rank 5 nranks 16 cudaDev 5 nvmlDev 5 busId a1000 commId 0xdda4878f0f64314e - Init START
SH-IDCA1404-10-140-54-26:82516:84135 [0] NCCL INFO ncclCommInitRank comm 0xa902fc0 rank 0 nranks 16 cudaDev 0 nvmlDev 0 busId 51000 commId 0xdda4878f0f64314e - Init START
SH-IDCA1404-10-140-54-26:82517:84137 [1] NCCL INFO ncclCommInitRank comm 0x61f83300 rank 1 nranks 16 cudaDev 1 nvmlDev 1 busId 56000 commId 0xdda4878f0f64314e - Init START
SH-IDCA1404-10-140-54-29:9211:10768 [4] NCCL INFO ncclCommInitRank comm 0xbaf08b0 rank 12 nranks 16 cudaDev 4 nvmlDev 4 busId 9d000 commId 0xdda4878f0f64314e - Init START
SH-IDCA1404-10-140-54-29:9212:10766 [5] NCCL INFO ncclCommInitRank comm 0xcfef4f0 rank 13 nranks 16 cudaDev 5 nvmlDev 5 busId a1000 commId 0xdda4878f0f64314e - Init START
SH-IDCA1404-10-140-54-29:9213:10763 [6] NCCL INFO ncclCommInitRank comm 0xcc5ed00 rank 14 nranks 16 cudaDev 6 nvmlDev 6 busId d4000 commId 0xdda4878f0f64314e - Init START
SH-IDCA1404-10-140-54-29:9209:10764 [2] NCCL INFO ncclCommInitRank comm 0x56fd2640 rank 10 nranks 16 cudaDev 2 nvmlDev 2 busId 6b000 commId 0xdda4878f0f64314e - Init START
SH-IDCA1404-10-140-54-29:9210:10762 [3] NCCL INFO ncclCommInitRank comm 0x5b9bcb40 rank 11 nranks 16 cudaDev 3 nvmlDev 3 busId 71000 commId 0xdda4878f0f64314e - Init START
SH-IDCA1404-10-140-54-29:9207:10767 [0] NCCL INFO ncclCommInitRank comm 0xc30fba0 rank 8 nranks 16 cudaDev 0 nvmlDev 0 busId 51000 commId 0xdda4878f0f64314e - Init START
SH-IDCA1404-10-140-54-29:9208:10765 [1] NCCL INFO ncclCommInitRank comm 0x580fff40 rank 9 nranks 16 cudaDev 1 nvmlDev 1 busId 56000 commId 0xdda4878f0f64314e - Init START
SH-IDCA1404-10-140-54-29:9214:10777 [7] NCCL INFO ncclCommInitRank comm 0x9f00180 rank 15 nranks 16 cudaDev 7 nvmlDev 7 busId d7000 commId 0xdda4878f0f64314e - Init START
SH-IDCA1404-10-140-54-26:82518:84144 [2] NCCL INFO Setting affinity for GPU 2 to ffffffff,00000000,ffffffff
SH-IDCA1404-10-140-54-29:9211:10768 [4] NCCL INFO Setting affinity for GPU 4 to ffffffff,00000000,ffffffff,00000000
SH-IDCA1404-10-140-54-29:9213:10763 [6] NCCL INFO Setting affinity for GPU 6 to ffffffff,00000000,ffffffff,00000000
SH-IDCA1404-10-140-54-29:9207:10767 [0] NCCL INFO Setting affinity for GPU 0 to ffffffff,00000000,ffffffff
SH-IDCA1404-10-140-54-26:82521:84149 [5] NCCL INFO Setting affinity for GPU 5 to ffffffff,00000000,ffffffff,00000000
SH-IDCA1404-10-140-54-26:82516:84135 [0] NCCL INFO Setting affinity for GPU 0 to ffffffff,00000000,ffffffff
SH-IDCA1404-10-140-54-26:82523:84136 [7] NCCL INFO Setting affinity for GPU 7 to ffffffff,00000000,ffffffff,00000000
SH-IDCA1404-10-140-54-29:9214:10777 [7] NCCL INFO Setting affinity for GPU 7 to ffffffff,00000000,ffffffff,00000000
SH-IDCA1404-10-140-54-29:9210:10762 [3] NCCL INFO Setting affinity for GPU 3 to ffffffff,00000000,ffffffff
SH-IDCA1404-10-140-54-29:9212:10766 [5] NCCL INFO Setting affinity for GPU 5 to ffffffff,00000000,ffffffff,00000000
SH-IDCA1404-10-140-54-26:82517:84137 [1] NCCL INFO Setting affinity for GPU 1 to ffffffff,00000000,ffffffff
SH-IDCA1404-10-140-54-26:82519:84143 [3] NCCL INFO Setting affinity for GPU 3 to ffffffff,00000000,ffffffff
SH-IDCA1404-10-140-54-26:82522:84139 [6] NCCL INFO Setting affinity for GPU 6 to ffffffff,00000000,ffffffff,00000000
SH-IDCA1404-10-140-54-29:9209:10764 [2] NCCL INFO Setting affinity for GPU 2 to ffffffff,00000000,ffffffff
SH-IDCA1404-10-140-54-29:9208:10765 [1] NCCL INFO Setting affinity for GPU 1 to ffffffff,00000000,ffffffff
SH-IDCA1404-10-140-54-26:82520:84140 [4] NCCL INFO Setting affinity for GPU 4 to ffffffff,00000000,ffffffff,00000000
SH-IDCA1404-10-140-54-26:82522:84139 [6] NCCL INFO comm 0xcf08aa0 rank 6 nRanks 16 nNodes 2 localRanks 8 localRank 6 MNNVL 0
SH-IDCA1404-10-140-54-26:82520:84140 [4] NCCL INFO comm 0xaeda380 rank 4 nRanks 16 nNodes 2 localRanks 8 localRank 4 MNNVL 0
SH-IDCA1404-10-140-54-26:82519:84143 [3] NCCL INFO comm 0xccf1fd0 rank 3 nRanks 16 nNodes 2 localRanks 8 localRank 3 MNNVL 0
SH-IDCA1404-10-140-54-26:82523:84136 [7] NCCL INFO comm 0xcc7ef00 rank 7 nRanks 16 nNodes 2 localRanks 8 localRank 7 MNNVL 0
SH-IDCA1404-10-140-54-26:82521:84149 [5] NCCL INFO comm 0xd328a90 rank 5 nRanks 16 nNodes 2 localRanks 8 localRank 5 MNNVL 0
SH-IDCA1404-10-140-54-26:82522:84139 [6] NCCL INFO Trees [0] 7/-1/-1->6->5 [1] 7/-1/-1->6->5
SH-IDCA1404-10-140-54-26:82520:84140 [4] NCCL INFO Trees [0] 5/-1/-1->4->3 [1] 5/-1/-1->4->3
SH-IDCA1404-10-140-54-26:82522:84139 [6] NCCL INFO P2P Chunksize set to 131072
SH-IDCA1404-10-140-54-26:82520:84140 [4] NCCL INFO P2P Chunksize set to 131072
SH-IDCA1404-10-140-54-26:82519:84143 [3] NCCL INFO Trees [0] 4/-1/-1->3->2 [1] 4/-1/-1->3->2
SH-IDCA1404-10-140-54-26:82523:84136 [7] NCCL INFO Trees [0] -1/-1/-1->7->6 [1] -1/-1/-1->7->6
SH-IDCA1404-10-140-54-26:82518:84144 [2] NCCL INFO comm 0xb2c14d0 rank 2 nRanks 16 nNodes 2 localRanks 8 localRank 2 MNNVL 0
SH-IDCA1404-10-140-54-26:82519:84143 [3] NCCL INFO P2P Chunksize set to 131072
SH-IDCA1404-10-140-54-26:82523:84136 [7] NCCL INFO P2P Chunksize set to 131072
SH-IDCA1404-10-140-54-26:82521:84149 [5] NCCL INFO Trees [0] 6/-1/-1->5->4 [1] 6/-1/-1->5->4
SH-IDCA1404-10-140-54-26:82517:84137 [1] NCCL INFO comm 0x61f83300 rank 1 nRanks 16 nNodes 2 localRanks 8 localRank 1 MNNVL 0
SH-IDCA1404-10-140-54-26:82521:84149 [5] NCCL INFO P2P Chunksize set to 131072
SH-IDCA1404-10-140-54-26:82518:84144 [2] NCCL INFO Trees [0] 3/-1/-1->2->1 [1] 3/-1/-1->2->1
SH-IDCA1404-10-140-54-26:82518:84144 [2] NCCL INFO P2P Chunksize set to 131072
SH-IDCA1404-10-140-54-26:82517:84137 [1] NCCL INFO Trees [0] 2/-1/-1->1->0 [1] 2/-1/-1->1->0
SH-IDCA1404-10-140-54-26:82517:84137 [1] NCCL INFO P2P Chunksize set to 131072
SH-IDCA1404-10-140-54-29:9213:10763 [6] NCCL INFO comm 0xcc5ed00 rank 14 nRanks 16 nNodes 2 localRanks 8 localRank 6 MNNVL 0
SH-IDCA1404-10-140-54-29:9212:10766 [5] NCCL INFO comm 0xcfef4f0 rank 13 nRanks 16 nNodes 2 localRanks 8 localRank 5 MNNVL 0
SH-IDCA1404-10-140-54-29:9214:10777 [7] NCCL INFO comm 0x9f00180 rank 15 nRanks 16 nNodes 2 localRanks 8 localRank 7 MNNVL 0
SH-IDCA1404-10-140-54-29:9209:10764 [2] NCCL INFO comm 0x56fd2640 rank 10 nRanks 16 nNodes 2 localRanks 8 localRank 2 MNNVL 0
SH-IDCA1404-10-140-54-29:9211:10768 [4] NCCL INFO comm 0xbaf08b0 rank 12 nRanks 16 nNodes 2 localRanks 8 localRank 4 MNNVL 0
SH-IDCA1404-10-140-54-26:82516:84135 [0] NCCL INFO comm 0xa902fc0 rank 0 nRanks 16 nNodes 2 localRanks 8 localRank 0 MNNVL 0
SH-IDCA1404-10-140-54-29:9208:10765 [1] NCCL INFO comm 0x580fff40 rank 9 nRanks 16 nNodes 2 localRanks 8 localRank 1 MNNVL 0
SH-IDCA1404-10-140-54-29:9210:10762 [3] NCCL INFO comm 0x5b9bcb40 rank 11 nRanks 16 nNodes 2 localRanks 8 localRank 3 MNNVL 0
SH-IDCA1404-10-140-54-29:9207:10767 [0] NCCL INFO comm 0xc30fba0 rank 8 nRanks 16 nNodes 2 localRanks 8 localRank 0 MNNVL 0
SH-IDCA1404-10-140-54-29:9212:10766 [5] NCCL INFO Trees [0] 14/-1/-1->13->12 [1] 14/-1/-1->13->12
SH-IDCA1404-10-140-54-29:9213:10763 [6] NCCL INFO Trees [0] 15/-1/-1->14->13 [1] 15/-1/-1->14->13
SH-IDCA1404-10-140-54-26:82516:84135 [0] NCCL INFO Channel 00/02 :    0   7   6   5   4   3   2   1   8  15  14  13  12  11  10   9
SH-IDCA1404-10-140-54-29:9214:10777 [7] NCCL INFO Trees [0] -1/-1/-1->15->14 [1] -1/-1/-1->15->14
SH-IDCA1404-10-140-54-29:9209:10764 [2] NCCL INFO Trees [0] 11/-1/-1->10->9 [1] 11/-1/-1->10->9
SH-IDCA1404-10-140-54-29:9212:10766 [5] NCCL INFO P2P Chunksize set to 131072
SH-IDCA1404-10-140-54-29:9213:10763 [6] NCCL INFO P2P Chunksize set to 131072
SH-IDCA1404-10-140-54-29:9211:10768 [4] NCCL INFO Trees [0] 13/-1/-1->12->11 [1] 13/-1/-1->12->11
SH-IDCA1404-10-140-54-29:9214:10777 [7] NCCL INFO P2P Chunksize set to 131072
SH-IDCA1404-10-140-54-29:9208:10765 [1] NCCL INFO Trees [0] 10/-1/-1->9->8 [1] 10/-1/-1->9->8
SH-IDCA1404-10-140-54-29:9209:10764 [2] NCCL INFO P2P Chunksize set to 131072
SH-IDCA1404-10-140-54-29:9211:10768 [4] NCCL INFO P2P Chunksize set to 131072
SH-IDCA1404-10-140-54-29:9208:10765 [1] NCCL INFO P2P Chunksize set to 131072
SH-IDCA1404-10-140-54-26:82516:84135 [0] NCCL INFO Channel 01/02 :    0   7   6   5   4   3   2   1   8  15  14  13  12  11  10   9
SH-IDCA1404-10-140-54-29:9210:10762 [3] NCCL INFO Trees [0] 12/-1/-1->11->10 [1] 12/-1/-1->11->10
SH-IDCA1404-10-140-54-29:9207:10767 [0] NCCL INFO Trees [0] 9/-1/-1->8->0 [1] 9/0/-1->8->-1
SH-IDCA1404-10-140-54-29:9210:10762 [3] NCCL INFO P2P Chunksize set to 131072
SH-IDCA1404-10-140-54-29:9207:10767 [0] NCCL INFO P2P Chunksize set to 131072
SH-IDCA1404-10-140-54-26:82516:84135 [0] NCCL INFO Trees [0] 1/8/-1->0->-1 [1] 1/-1/-1->0->8
SH-IDCA1404-10-140-54-26:82516:84135 [0] NCCL INFO P2P Chunksize set to 131072
SH-IDCA1404-10-140-54-29:9210:10762 [3] NCCL INFO Channel 00/0 : 11[3] -> 10[2] via P2P/IPC/read
SH-IDCA1404-10-140-54-29:9209:10764 [2] NCCL INFO Channel 00/0 : 10[2] -> 9[1] via P2P/IPC/read
SH-IDCA1404-10-140-54-26:82516:84135 [0] NCCL INFO Channel 00/0 : 9[1] -> 0[0] [receive] via NET/IB/0/GDRDMA
SH-IDCA1404-10-140-54-29:9211:10768 [4] NCCL INFO Channel 00/0 : 12[4] -> 11[3] via P2P/IPC/read
SH-IDCA1404-10-140-54-29:9212:10766 [5] NCCL INFO Channel 00/0 : 13[5] -> 12[4] via P2P/IPC/read
SH-IDCA1404-10-140-54-26:82516:84135 [0] NCCL INFO Channel 01/0 : 9[1] -> 0[0] [receive] via NET/IB/0/GDRDMA
SH-IDCA1404-10-140-54-29:9213:10763 [6] NCCL INFO Channel 00/0 : 14[6] -> 13[5] via P2P/IPC/read
SH-IDCA1404-10-140-54-26:82516:84135 [0] NCCL INFO Channel 00/0 : 0[0] -> 7[7] via P2P/IPC/read
SH-IDCA1404-10-140-54-29:9207:10767 [0] NCCL INFO Channel 00/0 : 1[1] -> 8[0] [receive] via NET/IB/0/GDRDMA
SH-IDCA1404-10-140-54-26:82522:84139 [6] NCCL INFO Channel 00/0 : 6[6] -> 5[5] via P2P/IPC/read
SH-IDCA1404-10-140-54-29:9207:10767 [0] NCCL INFO Channel 01/0 : 1[1] -> 8[0] [receive] via NET/IB/0/GDRDMA
SH-IDCA1404-10-140-54-26:82517:84137 [1] NCCL INFO Channel 00/0 : 1[1] -> 8[0] [send] via NET/IB/0/GDRDMA
SH-IDCA1404-10-140-54-29:9207:10767 [0] NCCL INFO Channel 00/0 : 8[0] -> 15[7] via P2P/IPC/read
SH-IDCA1404-10-140-54-26:82520:84140 [4] NCCL INFO Channel 00/0 : 4[4] -> 3[3] via P2P/IPC/read
SH-IDCA1404-10-140-54-26:82521:84149 [5] NCCL INFO Channel 00/0 : 5[5] -> 4[4] via P2P/IPC/read
SH-IDCA1404-10-140-54-29:9208:10765 [1] NCCL INFO Channel 00/0 : 9[1] -> 0[0] [send] via NET/IB/0/GDRDMA
SH-IDCA1404-10-140-54-26:82517:84137 [1] NCCL INFO Channel 01/0 : 1[1] -> 8[0] [send] via NET/IB/0/GDRDMA
SH-IDCA1404-10-140-54-29:9210:10762 [3] NCCL INFO Channel 01/0 : 11[3] -> 10[2] via P2P/IPC/read
SH-IDCA1404-10-140-54-26:82518:84144 [2] NCCL INFO Channel 00/0 : 2[2] -> 1[1] via P2P/IPC/read
SH-IDCA1404-10-140-54-29:9208:10765 [1] NCCL INFO Channel 01/0 : 9[1] -> 0[0] [send] via NET/IB/0/GDRDMA
SH-IDCA1404-10-140-54-26:82522:84139 [6] NCCL INFO Channel 01/0 : 6[6] -> 5[5] via P2P/IPC/read
SH-IDCA1404-10-140-54-29:9209:10764 [2] NCCL INFO Channel 01/0 : 10[2] -> 9[1] via P2P/IPC/read
SH-IDCA1404-10-140-54-26:82520:84140 [4] NCCL INFO Channel 01/0 : 4[4] -> 3[3] via P2P/IPC/read
SH-IDCA1404-10-140-54-29:9211:10768 [4] NCCL INFO Channel 01/0 : 12[4] -> 11[3] via P2P/IPC/read
SH-IDCA1404-10-140-54-29:9212:10766 [5] NCCL INFO Channel 01/0 : 13[5] -> 12[4] via P2P/IPC/read
SH-IDCA1404-10-140-54-26:82521:84149 [5] NCCL INFO Channel 01/0 : 5[5] -> 4[4] via P2P/IPC/read
SH-IDCA1404-10-140-54-29:9213:10763 [6] NCCL INFO Channel 01/0 : 14[6] -> 13[5] via P2P/IPC/read
SH-IDCA1404-10-140-54-26:82518:84144 [2] NCCL INFO Channel 01/0 : 2[2] -> 1[1] via P2P/IPC/read
SH-IDCA1404-10-140-54-29:9207:10767 [0] NCCL INFO Channel 01/0 : 8[0] -> 15[7] via P2P/IPC/read
SH-IDCA1404-10-140-54-26:82516:84135 [0] NCCL INFO Channel 01/0 : 0[0] -> 7[7] via P2P/IPC/read
SH-IDCA1404-10-140-54-29:9214:10777 [7] NCCL INFO Channel 00/0 : 15[7] -> 14[6] via P2P/IPC/read
SH-IDCA1404-10-140-54-26:82523:84136 [7] NCCL INFO Channel 00/0 : 7[7] -> 6[6] via P2P/IPC/read
SH-IDCA1404-10-140-54-29:9214:10777 [7] NCCL INFO Channel 01/0 : 15[7] -> 14[6] via P2P/IPC/read
SH-IDCA1404-10-140-54-26:82523:84136 [7] NCCL INFO Channel 01/0 : 7[7] -> 6[6] via P2P/IPC/read
SH-IDCA1404-10-140-54-29:9211:10768 [4] NCCL INFO Connected all rings
SH-IDCA1404-10-140-54-26:82519:84143 [3] NCCL INFO Channel 00/0 : 3[3] -> 2[2] via P2P/IPC/read
SH-IDCA1404-10-140-54-29:9211:10768 [4] NCCL INFO Channel 00/0 : 12[4] -> 13[5] via P2P/IPC/read
SH-IDCA1404-10-140-54-26:82519:84143 [3] NCCL INFO Channel 01/0 : 3[3] -> 2[2] via P2P/IPC/read
SH-IDCA1404-10-140-54-29:9212:10766 [5] NCCL INFO Connected all rings
SH-IDCA1404-10-140-54-26:82521:84149 [5] NCCL INFO Connected all rings
SH-IDCA1404-10-140-54-29:9211:10768 [4] NCCL INFO Channel 01/0 : 12[4] -> 13[5] via P2P/IPC/read
SH-IDCA1404-10-140-54-26:82520:84140 [4] NCCL INFO Connected all rings
SH-IDCA1404-10-140-54-29:9212:10766 [5] NCCL INFO Channel 00/0 : 13[5] -> 14[6] via P2P/IPC/read
SH-IDCA1404-10-140-54-26:82519:84143 [3] NCCL INFO Connected all rings
SH-IDCA1404-10-140-54-29:9212:10766 [5] NCCL INFO Channel 01/0 : 13[5] -> 14[6] via P2P/IPC/read
SH-IDCA1404-10-140-54-29:9210:10762 [3] NCCL INFO Connected all rings
SH-IDCA1404-10-140-54-29:9210:10762 [3] NCCL INFO Channel 00/0 : 11[3] -> 12[4] via P2P/IPC/read
SH-IDCA1404-10-140-54-29:9210:10762 [3] NCCL INFO Channel 01/0 : 11[3] -> 12[4] via P2P/IPC/read
SH-IDCA1404-10-140-54-29:9213:10763 [6] NCCL INFO Connected all rings
SH-IDCA1404-10-140-54-29:9214:10777 [7] NCCL INFO Connected all rings
SH-IDCA1404-10-140-54-26:82517:84137 [1] NCCL INFO Connected all rings
SH-IDCA1404-10-140-54-26:82518:84144 [2] NCCL INFO Connected all rings
SH-IDCA1404-10-140-54-29:9213:10763 [6] NCCL INFO Channel 00/0 : 14[6] -> 15[7] via P2P/IPC/read
SH-IDCA1404-10-140-54-29:9213:10763 [6] NCCL INFO Channel 01/0 : 14[6] -> 15[7] via P2P/IPC/read
SH-IDCA1404-10-140-54-29:9214:10777 [7] NCCL INFO Connected all trees
SH-IDCA1404-10-140-54-29:9214:10777 [7] NCCL INFO threadThresholds 8/8/64 | 128/8/64 | 512 | 512
SH-IDCA1404-10-140-54-29:9214:10777 [7] NCCL INFO 2 coll channels, 2 collnet channels, 0 nvls channels, 2 p2p channels, 1 p2p channels per peer
SH-IDCA1404-10-140-54-29:9212:10766 [5] NCCL INFO Connected all trees
SH-IDCA1404-10-140-54-29:9213:10763 [6] NCCL INFO Connected all trees
SH-IDCA1404-10-140-54-26:82517:84137 [1] NCCL INFO Channel 00/0 : 1[1] -> 2[2] via P2P/IPC/read
SH-IDCA1404-10-140-54-29:9212:10766 [5] NCCL INFO threadThresholds 8/8/64 | 128/8/64 | 512 | 512
SH-IDCA1404-10-140-54-29:9213:10763 [6] NCCL INFO threadThresholds 8/8/64 | 128/8/64 | 512 | 512
SH-IDCA1404-10-140-54-29:9212:10766 [5] NCCL INFO 2 coll channels, 2 collnet channels, 0 nvls channels, 2 p2p channels, 1 p2p channels per peer
SH-IDCA1404-10-140-54-29:9213:10763 [6] NCCL INFO 2 coll channels, 2 collnet channels, 0 nvls channels, 2 p2p channels, 1 p2p channels per peer
SH-IDCA1404-10-140-54-26:82518:84144 [2] NCCL INFO Channel 00/0 : 2[2] -> 3[3] via P2P/IPC/read
SH-IDCA1404-10-140-54-29:9207:10767 [0] NCCL INFO Connected all rings
SH-IDCA1404-10-140-54-26:82517:84137 [1] NCCL INFO Channel 01/0 : 1[1] -> 2[2] via P2P/IPC/read
SH-IDCA1404-10-140-54-26:82518:84144 [2] NCCL INFO Channel 01/0 : 2[2] -> 3[3] via P2P/IPC/read
SH-IDCA1404-10-140-54-29:9207:10767 [0] NCCL INFO Channel 00/0 : 8[0] -> 9[1] via P2P/IPC/read
SH-IDCA1404-10-140-54-29:9207:10767 [0] NCCL INFO Channel 01/0 : 8[0] -> 9[1] via P2P/IPC/read
SH-IDCA1404-10-140-54-26:82521:84149 [5] NCCL INFO Channel 00/0 : 5[5] -> 6[6] via P2P/IPC/read
SH-IDCA1404-10-140-54-26:82520:84140 [4] NCCL INFO Channel 00/0 : 4[4] -> 5[5] via P2P/IPC/read
SH-IDCA1404-10-140-54-29:9208:10765 [1] NCCL INFO Connected all rings
SH-IDCA1404-10-140-54-29:9209:10764 [2] NCCL INFO Connected all rings
SH-IDCA1404-10-140-54-26:82523:84136 [7] NCCL INFO Connected all rings
SH-IDCA1404-10-140-54-26:82522:84139 [6] NCCL INFO Connected all rings
SH-IDCA1404-10-140-54-29:9208:10765 [1] NCCL INFO Channel 00/0 : 9[1] -> 10[2] via P2P/IPC/read
SH-IDCA1404-10-140-54-26:82516:84135 [0] NCCL INFO Connected all rings
SH-IDCA1404-10-140-54-26:82516:84135 [0] NCCL INFO Channel 00/0 : 0[0] -> 1[1] via P2P/IPC/read
SH-IDCA1404-10-140-54-29:9209:10764 [2] NCCL INFO Channel 00/0 : 10[2] -> 11[3] via P2P/IPC/read
SH-IDCA1404-10-140-54-26:82521:84149 [5] NCCL INFO Channel 01/0 : 5[5] -> 6[6] via P2P/IPC/read
SH-IDCA1404-10-140-54-26:82520:84140 [4] NCCL INFO Channel 01/0 : 4[4] -> 5[5] via P2P/IPC/read
SH-IDCA1404-10-140-54-29:9208:10765 [1] NCCL INFO Channel 01/0 : 9[1] -> 10[2] via P2P/IPC/read
SH-IDCA1404-10-140-54-26:82516:84135 [0] NCCL INFO Channel 01/0 : 0[0] -> 1[1] via P2P/IPC/read
SH-IDCA1404-10-140-54-26:82522:84139 [6] NCCL INFO Channel 00/0 : 6[6] -> 7[7] via P2P/IPC/read
SH-IDCA1404-10-140-54-29:9209:10764 [2] NCCL INFO Channel 01/0 : 10[2] -> 11[3] via P2P/IPC/read
SH-IDCA1404-10-140-54-26:82517:84137 [1] NCCL INFO Channel 00/0 : 1[1] -> 0[0] via P2P/IPC/read
SH-IDCA1404-10-140-54-29:9208:10765 [1] NCCL INFO Channel 00/0 : 9[1] -> 8[0] via P2P/IPC/read
SH-IDCA1404-10-140-54-26:82516:84135 [0] NCCL INFO Channel 00/0 : 8[0] -> 0[0] [receive] via NET/IB/0/GDRDMA
SH-IDCA1404-10-140-54-29:9207:10767 [0] NCCL INFO Channel 00/0 : 0[0] -> 8[0] [receive] via NET/IB/0/GDRDMA
SH-IDCA1404-10-140-54-26:82516:84135 [0] NCCL INFO Channel 01/0 : 8[0] -> 0[0] [receive] via NET/IB/0/GDRDMA
SH-IDCA1404-10-140-54-29:9207:10767 [0] NCCL INFO Channel 01/0 : 0[0] -> 8[0] [receive] via NET/IB/0/GDRDMA
SH-IDCA1404-10-140-54-26:82516:84135 [0] NCCL INFO Channel 00/0 : 0[0] -> 8[0] [send] via NET/IB/0/GDRDMA
SH-IDCA1404-10-140-54-29:9207:10767 [0] NCCL INFO Channel 00/0 : 8[0] -> 0[0] [send] via NET/IB/0/GDRDMA
SH-IDCA1404-10-140-54-26:82516:84135 [0] NCCL INFO Channel 01/0 : 0[0] -> 8[0] [send] via NET/IB/0/GDRDMA
SH-IDCA1404-10-140-54-29:9207:10767 [0] NCCL INFO Channel 01/0 : 8[0] -> 0[0] [send] via NET/IB/0/GDRDMA
SH-IDCA1404-10-140-54-26:82522:84139 [6] NCCL INFO Channel 01/0 : 6[6] -> 7[7] via P2P/IPC/read
SH-IDCA1404-10-140-54-29:9208:10765 [1] NCCL INFO Channel 01/0 : 9[1] -> 8[0] via P2P/IPC/read
SH-IDCA1404-10-140-54-26:82517:84137 [1] NCCL INFO Channel 01/0 : 1[1] -> 0[0] via P2P/IPC/read
SH-IDCA1404-10-140-54-26:82519:84143 [3] NCCL INFO Channel 00/0 : 3[3] -> 4[4] via P2P/IPC/read
SH-IDCA1404-10-140-54-29:9211:10768 [4] NCCL INFO Connected all trees
SH-IDCA1404-10-140-54-26:82519:84143 [3] NCCL INFO Channel 01/0 : 3[3] -> 4[4] via P2P/IPC/read
SH-IDCA1404-10-140-54-29:9211:10768 [4] NCCL INFO threadThresholds 8/8/64 | 128/8/64 | 512 | 512
SH-IDCA1404-10-140-54-29:9211:10768 [4] NCCL INFO 2 coll channels, 2 collnet channels, 0 nvls channels, 2 p2p channels, 1 p2p channels per peer
SH-IDCA1404-10-140-54-26:82523:84136 [7] NCCL INFO Connected all trees
SH-IDCA1404-10-140-54-29:9210:10762 [3] NCCL INFO Connected all trees
SH-IDCA1404-10-140-54-26:82523:84136 [7] NCCL INFO threadThresholds 8/8/64 | 128/8/64 | 512 | 512
SH-IDCA1404-10-140-54-26:82523:84136 [7] NCCL INFO 2 coll channels, 2 collnet channels, 0 nvls channels, 2 p2p channels, 1 p2p channels per peer
SH-IDCA1404-10-140-54-29:9210:10762 [3] NCCL INFO threadThresholds 8/8/64 | 128/8/64 | 512 | 512
SH-IDCA1404-10-140-54-29:9210:10762 [3] NCCL INFO 2 coll channels, 2 collnet channels, 0 nvls channels, 2 p2p channels, 1 p2p channels per peer
SH-IDCA1404-10-140-54-26:82522:84139 [6] NCCL INFO Connected all trees
SH-IDCA1404-10-140-54-29:9209:10764 [2] NCCL INFO Connected all trees
SH-IDCA1404-10-140-54-26:82522:84139 [6] NCCL INFO threadThresholds 8/8/64 | 128/8/64 | 512 | 512
SH-IDCA1404-10-140-54-29:9209:10764 [2] NCCL INFO threadThresholds 8/8/64 | 128/8/64 | 512 | 512
SH-IDCA1404-10-140-54-29:9209:10764 [2] NCCL INFO 2 coll channels, 2 collnet channels, 0 nvls channels, 2 p2p channels, 1 p2p channels per peer
SH-IDCA1404-10-140-54-26:82522:84139 [6] NCCL INFO 2 coll channels, 2 collnet channels, 0 nvls channels, 2 p2p channels, 1 p2p channels per peer
SH-IDCA1404-10-140-54-26:82521:84149 [5] NCCL INFO Connected all trees
SH-IDCA1404-10-140-54-26:82521:84149 [5] NCCL INFO threadThresholds 8/8/64 | 128/8/64 | 512 | 512
SH-IDCA1404-10-140-54-26:82521:84149 [5] NCCL INFO 2 coll channels, 2 collnet channels, 0 nvls channels, 2 p2p channels, 1 p2p channels per peer
SH-IDCA1404-10-140-54-26:82520:84140 [4] NCCL INFO Connected all trees
SH-IDCA1404-10-140-54-26:82520:84140 [4] NCCL INFO threadThresholds 8/8/64 | 128/8/64 | 512 | 512
SH-IDCA1404-10-140-54-26:82520:84140 [4] NCCL INFO 2 coll channels, 2 collnet channels, 0 nvls channels, 2 p2p channels, 1 p2p channels per peer
SH-IDCA1404-10-140-54-26:82518:84144 [2] NCCL INFO Connected all trees
SH-IDCA1404-10-140-54-26:82518:84144 [2] NCCL INFO threadThresholds 8/8/64 | 128/8/64 | 512 | 512
SH-IDCA1404-10-140-54-26:82519:84143 [3] NCCL INFO Connected all trees
SH-IDCA1404-10-140-54-26:82518:84144 [2] NCCL INFO 2 coll channels, 2 collnet channels, 0 nvls channels, 2 p2p channels, 1 p2p channels per peer
SH-IDCA1404-10-140-54-26:82519:84143 [3] NCCL INFO threadThresholds 8/8/64 | 128/8/64 | 512 | 512
SH-IDCA1404-10-140-54-26:82519:84143 [3] NCCL INFO 2 coll channels, 2 collnet channels, 0 nvls channels, 2 p2p channels, 1 p2p channels per peer
SH-IDCA1404-10-140-54-26:82517:84137 [1] NCCL INFO Connected all trees
SH-IDCA1404-10-140-54-26:82517:84137 [1] NCCL INFO threadThresholds 8/8/64 | 128/8/64 | 512 | 512
SH-IDCA1404-10-140-54-26:82517:84137 [1] NCCL INFO 2 coll channels, 2 collnet channels, 0 nvls channels, 2 p2p channels, 1 p2p channels per peer
SH-IDCA1404-10-140-54-26:82516:84135 [0] NCCL INFO Connected all trees
SH-IDCA1404-10-140-54-29:9207:10767 [0] NCCL INFO Connected all trees
SH-IDCA1404-10-140-54-26:82516:84135 [0] NCCL INFO threadThresholds 8/8/64 | 128/8/64 | 512 | 512
SH-IDCA1404-10-140-54-26:82516:84135 [0] NCCL INFO 2 coll channels, 2 collnet channels, 0 nvls channels, 2 p2p channels, 1 p2p channels per peer
SH-IDCA1404-10-140-54-29:9208:10765 [1] NCCL INFO Connected all trees
SH-IDCA1404-10-140-54-29:9207:10767 [0] NCCL INFO threadThresholds 8/8/64 | 128/8/64 | 512 | 512
SH-IDCA1404-10-140-54-29:9207:10767 [0] NCCL INFO 2 coll channels, 2 collnet channels, 0 nvls channels, 2 p2p channels, 1 p2p channels per peer
SH-IDCA1404-10-140-54-29:9208:10765 [1] NCCL INFO threadThresholds 8/8/64 | 128/8/64 | 512 | 512
SH-IDCA1404-10-140-54-29:9208:10765 [1] NCCL INFO 2 coll channels, 2 collnet channels, 0 nvls channels, 2 p2p channels, 1 p2p channels per peer
SH-IDCA1404-10-140-54-29:9209:10764 [2] NCCL INFO TUNER/Plugin: Plugin load returned 11 : libnccl-net.so: cannot open shared object file: No such file or directory : when loading libnccl-tuner.so
SH-IDCA1404-10-140-54-29:9209:10764 [2] NCCL INFO TUNER/Plugin: Using internal tuner plugin.
SH-IDCA1404-10-140-54-29:9209:10764 [2] NCCL INFO ncclCommInitRank comm 0x56fd2640 rank 10 nranks 16 cudaDev 2 nvmlDev 2 busId 6b000 commId 0xdda4878f0f64314e - Init COMPLETE
SH-IDCA1404-10-140-54-29:9213:10763 [6] NCCL INFO TUNER/Plugin: Plugin load returned 11 : libnccl-net.so: cannot open shared object file: No such file or directory : when loading libnccl-tuner.so
SH-IDCA1404-10-140-54-29:9213:10763 [6] NCCL INFO TUNER/Plugin: Using internal tuner plugin.
SH-IDCA1404-10-140-54-29:9213:10763 [6] NCCL INFO ncclCommInitRank comm 0xcc5ed00 rank 14 nranks 16 cudaDev 6 nvmlDev 6 busId d4000 commId 0xdda4878f0f64314e - Init COMPLETE
SH-IDCA1404-10-140-54-29:9210:10762 [3] NCCL INFO TUNER/Plugin: Plugin load returned 11 : libnccl-net.so: cannot open shared object file: No such file or directory : when loading libnccl-tuner.so
SH-IDCA1404-10-140-54-29:9210:10762 [3] NCCL INFO TUNER/Plugin: Using internal tuner plugin.
SH-IDCA1404-10-140-54-29:9210:10762 [3] NCCL INFO ncclCommInitRank comm 0x5b9bcb40 rank 11 nranks 16 cudaDev 3 nvmlDev 3 busId 71000 commId 0xdda4878f0f64314e - Init COMPLETE
SH-IDCA1404-10-140-54-29:9211:10768 [4] NCCL INFO TUNER/Plugin: Plugin load returned 11 : libnccl-net.so: cannot open shared object file: No such file or directory : when loading libnccl-tuner.so
SH-IDCA1404-10-140-54-29:9211:10768 [4] NCCL INFO TUNER/Plugin: Using internal tuner plugin.
SH-IDCA1404-10-140-54-29:9211:10768 [4] NCCL INFO ncclCommInitRank comm 0xbaf08b0 rank 12 nranks 16 cudaDev 4 nvmlDev 4 busId 9d000 commId 0xdda4878f0f64314e - Init COMPLETE
SH-IDCA1404-10-140-54-29:9214:10777 [7] NCCL INFO TUNER/Plugin: Plugin load returned 11 : libnccl-net.so: cannot open shared object file: No such file or directory : when loading libnccl-tuner.so
SH-IDCA1404-10-140-54-29:9214:10777 [7] NCCL INFO TUNER/Plugin: Using internal tuner plugin.
SH-IDCA1404-10-140-54-29:9214:10777 [7] NCCL INFO ncclCommInitRank comm 0x9f00180 rank 15 nranks 16 cudaDev 7 nvmlDev 7 busId d7000 commId 0xdda4878f0f64314e - Init COMPLETE
SH-IDCA1404-10-140-54-29:9212:10766 [5] NCCL INFO TUNER/Plugin: Plugin load returned 11 : libnccl-net.so: cannot open shared object file: No such file or directory : when loading libnccl-tuner.so
SH-IDCA1404-10-140-54-29:9212:10766 [5] NCCL INFO TUNER/Plugin: Using internal tuner plugin.
SH-IDCA1404-10-140-54-29:9212:10766 [5] NCCL INFO ncclCommInitRank comm 0xcfef4f0 rank 13 nranks 16 cudaDev 5 nvmlDev 5 busId a1000 commId 0xdda4878f0f64314e - Init COMPLETE
SH-IDCA1404-10-140-54-29:9208:10765 [1] NCCL INFO TUNER/Plugin: Plugin load returned 11 : libnccl-net.so: cannot open shared object file: No such file or directory : when loading libnccl-tuner.so
SH-IDCA1404-10-140-54-29:9208:10765 [1] NCCL INFO TUNER/Plugin: Using internal tuner plugin.
SH-IDCA1404-10-140-54-29:9208:10765 [1] NCCL INFO ncclCommInitRank comm 0x580fff40 rank 9 nranks 16 cudaDev 1 nvmlDev 1 busId 56000 commId 0xdda4878f0f64314e - Init COMPLETE
SH-IDCA1404-10-140-54-29:9207:10767 [0] NCCL INFO TUNER/Plugin: Plugin load returned 11 : libnccl-net.so: cannot open shared object file: No such file or directory : when loading libnccl-tuner.so
SH-IDCA1404-10-140-54-29:9207:10767 [0] NCCL INFO TUNER/Plugin: Using internal tuner plugin.
SH-IDCA1404-10-140-54-29:9207:10767 [0] NCCL INFO ncclCommInitRank comm 0xc30fba0 rank 8 nranks 16 cudaDev 0 nvmlDev 0 busId 51000 commId 0xdda4878f0f64314e - Init COMPLETE
SH-IDCA1404-10-140-54-26:82516:84135 [0] NCCL INFO TUNER/Plugin: Plugin load returned 11 : libnccl-net.so: cannot open shared object file: No such file or directory : when loading libnccl-tuner.so
SH-IDCA1404-10-140-54-26:82516:84135 [0] NCCL INFO TUNER/Plugin: Using internal tuner plugin.
SH-IDCA1404-10-140-54-26:82516:84135 [0] NCCL INFO ncclCommInitRank comm 0xa902fc0 rank 0 nranks 16 cudaDev 0 nvmlDev 0 busId 51000 commId 0xdda4878f0f64314e - Init COMPLETE
SH-IDCA1404-10-140-54-26:82517:84137 [1] NCCL INFO TUNER/Plugin: Plugin load returned 11 : libnccl-net.so: cannot open shared object file: No such file or directory : when loading libnccl-tuner.so
SH-IDCA1404-10-140-54-26:82517:84137 [1] NCCL INFO TUNER/Plugin: Using internal tuner plugin.
SH-IDCA1404-10-140-54-26:82517:84137 [1] NCCL INFO ncclCommInitRank comm 0x61f83300 rank 1 nranks 16 cudaDev 1 nvmlDev 1 busId 56000 commId 0xdda4878f0f64314e - Init COMPLETE
SH-IDCA1404-10-140-54-26:82522:84139 [6] NCCL INFO TUNER/Plugin: Plugin load returned 11 : libnccl-net.so: cannot open shared object file: No such file or directory : when loading libnccl-tuner.so
SH-IDCA1404-10-140-54-26:82522:84139 [6] NCCL INFO TUNER/Plugin: Using internal tuner plugin.
SH-IDCA1404-10-140-54-26:82522:84139 [6] NCCL INFO ncclCommInitRank comm 0xcf08aa0 rank 6 nranks 16 cudaDev 6 nvmlDev 6 busId d4000 commId 0xdda4878f0f64314e - Init COMPLETE
SH-IDCA1404-10-140-54-26:82523:84136 [7] NCCL INFO TUNER/Plugin: Plugin load returned 11 : libnccl-net.so: cannot open shared object file: No such file or directory : when loading libnccl-tuner.so
SH-IDCA1404-10-140-54-26:82523:84136 [7] NCCL INFO TUNER/Plugin: Using internal tuner plugin.
SH-IDCA1404-10-140-54-26:82523:84136 [7] NCCL INFO ncclCommInitRank comm 0xcc7ef00 rank 7 nranks 16 cudaDev 7 nvmlDev 7 busId d7000 commId 0xdda4878f0f64314e - Init COMPLETE
SH-IDCA1404-10-140-54-26:82520:84140 [4] NCCL INFO TUNER/Plugin: Plugin load returned 11 : libnccl-net.so: cannot open shared object file: No such file or directory : when loading libnccl-tuner.so
SH-IDCA1404-10-140-54-26:82520:84140 [4] NCCL INFO TUNER/Plugin: Using internal tuner plugin.
SH-IDCA1404-10-140-54-26:82520:84140 [4] NCCL INFO ncclCommInitRank comm 0xaeda380 rank 4 nranks 16 cudaDev 4 nvmlDev 4 busId 9d000 commId 0xdda4878f0f64314e - Init COMPLETE
SH-IDCA1404-10-140-54-26:82518:84144 [2] NCCL INFO TUNER/Plugin: Plugin load returned 11 : libnccl-net.so: cannot open shared object file: No such file or directory : when loading libnccl-tuner.so
SH-IDCA1404-10-140-54-26:82518:84144 [2] NCCL INFO TUNER/Plugin: Using internal tuner plugin.
SH-IDCA1404-10-140-54-26:82518:84144 [2] NCCL INFO ncclCommInitRank comm 0xb2c14d0 rank 2 nranks 16 cudaDev 2 nvmlDev 2 busId 6b000 commId 0xdda4878f0f64314e - Init COMPLETE
SH-IDCA1404-10-140-54-26:82521:84149 [5] NCCL INFO TUNER/Plugin: Plugin load returned 11 : libnccl-net.so: cannot open shared object file: No such file or directory : when loading libnccl-tuner.so
SH-IDCA1404-10-140-54-26:82521:84149 [5] NCCL INFO TUNER/Plugin: Using internal tuner plugin.
SH-IDCA1404-10-140-54-26:82521:84149 [5] NCCL INFO ncclCommInitRank comm 0xd328a90 rank 5 nranks 16 cudaDev 5 nvmlDev 5 busId a1000 commId 0xdda4878f0f64314e - Init COMPLETE
SH-IDCA1404-10-140-54-26:82519:84143 [3] NCCL INFO TUNER/Plugin: Plugin load returned 11 : libnccl-net.so: cannot open shared object file: No such file or directory : when loading libnccl-tuner.so
SH-IDCA1404-10-140-54-26:82519:84143 [3] NCCL INFO TUNER/Plugin: Using internal tuner plugin.
SH-IDCA1404-10-140-54-26:82519:84143 [3] NCCL INFO ncclCommInitRank comm 0xccf1fd0 rank 3 nranks 16 cudaDev 3 nvmlDev 3 busId 71000 commId 0xdda4878f0f64314e - Init COMPLETE
[12/02 10:15:42 TiTok-Gen]: ***** Running training *****
[12/02 10:15:42 TiTok-Gen]:   Num training steps = 1000000
[12/02 10:15:42 TiTok-Gen]:   Gradient Accumulation steps = 1
[12/02 10:15:42 TiTok-Gen]:   Instantaneous batch size per gpu = 64
[12/02 10:15:42 TiTok-Gen]:   Total train batch size (w. parallel, distributed & accumulation) = 1024
[12/02 10:15:42 TiTok-Gen]: Epoch 0/798 started.
[12/02 10:16:46 TiTok-Gen]: Data (t): 0.1984, 51.34/s/gpu Batch (t): 1.2467 LR: 0.000001 Step: 50 Loss: 9.7489 
[12/02 10:17:42 TiTok-Gen]: Data (t): 0.3694, 52.90/s/gpu Batch (t): 1.2097 LR: 0.000001 Step: 100 Loss: 9.7479 
[12/02 10:18:37 TiTok-Gen]: Data (t): 0.2369, 62.01/s/gpu Batch (t): 1.0321 LR: 0.000002 Step: 150 Loss: 9.7459 
[12/02 10:19:31 TiTok-Gen]: Data (t): 0.1970, 64.43/s/gpu Batch (t): 0.9933 LR: 0.000002 Step: 200 Loss: 9.7439 
[12/02 10:20:26 TiTok-Gen]: Data (t): 0.1860, 62.40/s/gpu Batch (t): 1.0256 LR: 0.000003 Step: 250 Loss: 9.7400 
[12/02 10:21:20 TiTok-Gen]: Data (t): 0.1931, 61.64/s/gpu Batch (t): 1.0383 LR: 0.000003 Step: 300 Loss: 9.7338 
[12/02 10:22:16 TiTok-Gen]: Data (t): 0.1898, 61.91/s/gpu Batch (t): 1.0338 LR: 0.000004 Step: 350 Loss: 9.7273 
[12/02 10:23:10 TiTok-Gen]: Data (t): 0.1938, 53.39/s/gpu Batch (t): 1.1988 LR: 0.000004 Step: 400 Loss: 9.7066 
[12/02 10:24:05 TiTok-Gen]: Data (t): 0.2692, 52.39/s/gpu Batch (t): 1.2215 LR: 0.000005 Step: 450 Loss: 9.6960 
[12/02 10:25:00 TiTok-Gen]: Data (t): 0.2872, 61.78/s/gpu Batch (t): 1.0359 LR: 0.000005 Step: 500 Loss: 9.6932 
[12/02 10:25:54 TiTok-Gen]: Data (t): 0.4741, 52.36/s/gpu Batch (t): 1.2224 LR: 0.000006 Step: 550 Loss: 9.6835 
[12/02 10:26:49 TiTok-Gen]: Data (t): 0.1944, 65.45/s/gpu Batch (t): 0.9778 LR: 0.000006 Step: 600 Loss: 9.6818 
[12/02 10:27:45 TiTok-Gen]: Data (t): 0.4330, 54.38/s/gpu Batch (t): 1.1768 LR: 0.000007 Step: 650 Loss: 9.6697 
[12/02 10:28:39 TiTok-Gen]: Data (t): 0.1895, 63.00/s/gpu Batch (t): 1.0159 LR: 0.000007 Step: 700 Loss: 9.6710 
[12/02 10:29:36 TiTok-Gen]: Data (t): 0.4439, 52.22/s/gpu Batch (t): 1.2256 LR: 0.000008 Step: 750 Loss: 9.6672 
[12/02 10:30:31 TiTok-Gen]: Data (t): 0.1944, 51.58/s/gpu Batch (t): 1.2408 LR: 0.000008 Step: 800 Loss: 9.6662 
[12/02 10:31:27 TiTok-Gen]: Data (t): 0.4149, 52.18/s/gpu Batch (t): 1.2265 LR: 0.000009 Step: 850 Loss: 9.6557 
[12/02 10:32:24 TiTok-Gen]: Data (t): 0.1899, 63.24/s/gpu Batch (t): 1.0121 LR: 0.000009 Step: 900 Loss: 9.6503 
[12/02 10:33:19 TiTok-Gen]: Data (t): 0.3912, 56.99/s/gpu Batch (t): 1.1229 LR: 0.000010 Step: 950 Loss: 9.6362 
[12/02 10:34:15 TiTok-Gen]: Data (t): 0.1903, 57.58/s/gpu Batch (t): 1.1115 LR: 0.000010 Step: 1000 Loss: 9.6338 
[12/02 10:34:17 TiTok-Gen]: Generating images...
  0%|          | 0/261 [00:00<?, ?it/s]  2%|▏         | 5/261 [00:00<00:06, 40.86it/s]  4%|▍         | 10/261 [00:00<00:06, 38.57it/s]  5%|▌         | 14/261 [00:00<00:06, 37.63it/s]  7%|▋         | 18/261 [00:00<00:06, 37.35it/s]  8%|▊         | 22/261 [00:00<00:06, 36.98it/s] 10%|▉         | 26/261 [00:00<00:06, 37.38it/s] 11%|█▏        | 30/261 [00:00<00:06, 37.77it/s] 13%|█▎        | 35/261 [00:00<00:05, 39.70it/s] 15%|█▌        | 40/261 [00:01<00:05, 40.85it/s] 17%|█▋        | 45/261 [00:01<00:05, 41.52it/s] 19%|█▉        | 50/261 [00:01<00:04, 42.23it/s] 21%|██        | 55/261 [00:01<00:04, 42.47it/s] 23%|██▎       | 60/261 [00:01<00:04, 42.96it/s] 25%|██▍       | 65/261 [00:01<00:04, 43.06it/s] 27%|██▋       | 70/261 [00:01<00:04, 43.10it/s] 29%|██▊       | 75/261 [00:01<00:04, 43.48it/s] 31%|███       | 80/261 [00:01<00:04, 43.37it/s] 33%|███▎      | 85/261 [00:02<00:04, 43.50it/s] 34%|███▍      | 90/261 [00:02<00:03, 43.41it/s] 36%|███▋      | 95/261 [00:02<00:03, 43.44it/s] 38%|███▊      | 100/261 [00:02<00:03, 43.49it/s] 40%|████      | 105/261 [00:02<00:03, 43.63it/s] 42%|████▏     | 110/261 [00:02<00:03, 43.12it/s] 44%|████▍     | 115/261 [00:02<00:03, 43.19it/s] 46%|████▌     | 120/261 [00:02<00:03, 42.83it/s] 48%|████▊     | 125/261 [00:02<00:03, 42.74it/s] 50%|████▉     | 130/261 [00:03<00:03, 42.76it/s] 52%|█████▏    | 135/261 [00:03<00:02, 42.55it/s] 54%|█████▎    | 140/261 [00:03<00:02, 42.62it/s] 56%|█████▌    | 145/261 [00:03<00:02, 41.91it/s] 57%|█████▋    | 150/261 [00:03<00:02, 41.88it/s] 59%|█████▉    | 155/261 [00:03<00:02, 42.39it/s] 61%|██████▏   | 160/261 [00:03<00:02, 42.59it/s] 63%|██████▎   | 165/261 [00:03<00:02, 42.99it/s] 65%|██████▌   | 170/261 [00:04<00:02, 42.91it/s] 67%|██████▋   | 175/261 [00:04<00:02, 39.27it/s] 69%|██████▊   | 179/261 [00:04<00:02, 36.43it/s] 70%|███████   | 184/261 [00:04<00:02, 38.38it/s] 72%|███████▏  | 189/261 [00:04<00:01, 39.88it/s] 74%|███████▍  | 194/261 [00:04<00:01, 40.76it/s] 76%|███████▌  | 199/261 [00:04<00:01, 41.56it/s] 78%|███████▊  | 204/261 [00:04<00:01, 41.90it/s] 80%|████████  | 209/261 [00:05<00:01, 41.88it/s] 82%|████████▏ | 214/261 [00:05<00:01, 42.07it/s] 84%|████████▍ | 219/261 [00:05<00:00, 42.07it/s] 86%|████████▌ | 224/261 [00:05<00:00, 42.27it/s] 88%|████████▊ | 229/261 [00:05<00:00, 42.31it/s] 90%|████████▉ | 234/261 [00:05<00:00, 42.33it/s] 92%|█████████▏| 239/261 [00:05<00:00, 42.67it/s] 93%|█████████▎| 244/261 [00:05<00:00, 42.79it/s] 95%|█████████▌| 249/261 [00:05<00:00, 43.05it/s] 97%|█████████▋| 254/261 [00:06<00:00, 43.07it/s] 99%|█████████▉| 259/261 [00:06<00:00, 42.97it/s]100%|█████████▉| 260/261 [00:06<00:00, 41.64it/s]
W1202 10:35:02.047000 8418 site-packages/torch/distributed/elastic/multiprocessing/api.py:897] Sending process 9208 closing signal SIGTERM
W1202 10:35:02.049000 8418 site-packages/torch/distributed/elastic/multiprocessing/api.py:897] Sending process 9209 closing signal SIGTERM
W1202 10:35:02.050000 8418 site-packages/torch/distributed/elastic/multiprocessing/api.py:897] Sending process 9210 closing signal SIGTERM
W1202 10:35:02.052000 8418 site-packages/torch/distributed/elastic/multiprocessing/api.py:897] Sending process 9211 closing signal SIGTERM
W1202 10:35:02.054000 8418 site-packages/torch/distributed/elastic/multiprocessing/api.py:897] Sending process 9212 closing signal SIGTERM
W1202 10:35:02.057000 8418 site-packages/torch/distributed/elastic/multiprocessing/api.py:897] Sending process 9213 closing signal SIGTERM
W1202 10:35:02.058000 8418 site-packages/torch/distributed/elastic/multiprocessing/api.py:897] Sending process 9214 closing signal SIGTERM
E1202 10:35:02.942000 8418 site-packages/torch/distributed/elastic/multiprocessing/api.py:869] failed (exitcode: -9) local_rank: 0 (pid: 9207) of binary: /mnt/petrelfs/jianglihan/miniconda3/envs/1d/bin/python3.10
Traceback (most recent call last):
  File "/mnt/petrelfs/jianglihan/miniconda3/envs/1d/bin/accelerate", line 7, in <module>
    sys.exit(main())
  File "/mnt/petrelfs/jianglihan/miniconda3/envs/1d/lib/python3.10/site-packages/accelerate/commands/accelerate_cli.py", line 50, in main
    args.func(args)
  File "/mnt/petrelfs/jianglihan/miniconda3/envs/1d/lib/python3.10/site-packages/accelerate/commands/launch.py", line 1272, in launch_command
    multi_gpu_launcher(args)
  File "/mnt/petrelfs/jianglihan/miniconda3/envs/1d/lib/python3.10/site-packages/accelerate/commands/launch.py", line 899, in multi_gpu_launcher
    distrib_run.run(args)
  File "/mnt/petrelfs/jianglihan/miniconda3/envs/1d/lib/python3.10/site-packages/torch/distributed/run.py", line 909, in run
    elastic_launch(
  File "/mnt/petrelfs/jianglihan/miniconda3/envs/1d/lib/python3.10/site-packages/torch/distributed/launcher/api.py", line 138, in __call__
    return launch_agent(self._config, self._entrypoint, list(args))
  File "/mnt/petrelfs/jianglihan/miniconda3/envs/1d/lib/python3.10/site-packages/torch/distributed/launcher/api.py", line 269, in launch_agent
    raise ChildFailedError(
torch.distributed.elastic.multiprocessing.errors.ChildFailedError: 
=====================================================
scripts/train_generator.py FAILED
-----------------------------------------------------
Failures:
  <NO_OTHER_FAILURES>
-----------------------------------------------------
Root Cause (first observed failure):
[0]:
  time      : 2025-12-02_10:35:02
  host      : SH-IDCA1404-10-140-54-29
  rank      : 8 (local_rank: 0)
  exitcode  : -9 (pid: 9207)
  error_file: <N/A>
  traceback : Signal 9 (SIGKILL) received by PID 9207
=====================================================
srun: error: SH-IDCA1404-10-140-54-29: task 1: Exited with exit code 1
[rank0]:[E1202 10:35:07.874026545 ProcessGroupGloo.cpp:3027] [Rank 0]: Rank 8 failed to pass monitoredBarrier in 600000 ms
[rank0]:[E1202 10:35:07.874073974 ProcessGroupGloo.cpp:3027] [Rank 0]: Rank 10 failed to pass monitoredBarrier in 600000 ms
[rank0]:[E1202 10:35:07.874087232 ProcessGroupGloo.cpp:3027] [Rank 0]: Rank 11 failed to pass monitoredBarrier in 600000 ms
[rank0]:[E1202 10:35:07.874098718 ProcessGroupGloo.cpp:3027] [Rank 0]: Rank 12 failed to pass monitoredBarrier in 600000 ms
[rank0]:[E1202 10:35:07.874110676 ProcessGroupGloo.cpp:3027] [Rank 0]: Rank 13 failed to pass monitoredBarrier in 600000 ms
[rank0]:[E1202 10:35:07.874121884 ProcessGroupGloo.cpp:3027] [Rank 0]: Rank 14 failed to pass monitoredBarrier in 600000 ms
[rank0]:[E1202 10:35:07.874133278 ProcessGroupGloo.cpp:3027] [Rank 0]: Rank 15 failed to pass monitoredBarrier in 600000 ms
[rank0]:[E1202 10:35:07.874144898 ProcessGroupGloo.cpp:145] [Rank 0]: Ranks 8, 10, 11, 12, 13, 14, 15 failed to pass monitoredBarrier in 600000 ms
Traceback (most recent call last):
  File "/mnt/petrelfs/jianglihan/my_code/quadtok/scripts/train_generator.py", line 168, in <module>
    main()
  File "/mnt/petrelfs/jianglihan/my_code/quadtok/scripts/train_generator.py", line 141, in main
    global_step = train_one_epoch_generator(config, logger, accelerator,
  File "/mnt/petrelfs/jianglihan/my_code/quadtok/utils/train_utils.py", line 1000, in train_one_epoch_generator
    accelerator.backward(loss)
  File "/mnt/petrelfs/jianglihan/miniconda3/envs/1d/lib/python3.10/site-packages/accelerate/accelerator.py", line 2852, in backward
    loss.backward(**kwargs)
  File "/mnt/petrelfs/jianglihan/miniconda3/envs/1d/lib/python3.10/site-packages/torch/_tensor.py", line 626, in backward
    torch.autograd.backward(
  File "/mnt/petrelfs/jianglihan/miniconda3/envs/1d/lib/python3.10/site-packages/torch/autograd/__init__.py", line 347, in backward
    _engine_run_backward(
  File "/mnt/petrelfs/jianglihan/miniconda3/envs/1d/lib/python3.10/site-packages/torch/autograd/graph.py", line 823, in _engine_run_backward
    return Variable._execution_engine.run_backward(  # Calls into the C++ engine to run the backward pass
RuntimeError: [Rank 0]: Ranks 8, 10, 11, 12, 13, 14, 15 failed to pass monitoredBarrier in 600000 ms
[rank0]: Traceback (most recent call last):
[rank0]:   File "/mnt/petrelfs/jianglihan/my_code/quadtok/scripts/train_generator.py", line 168, in <module>
[rank0]:     main()
[rank0]:   File "/mnt/petrelfs/jianglihan/my_code/quadtok/scripts/train_generator.py", line 141, in main
[rank0]:     global_step = train_one_epoch_generator(config, logger, accelerator,
[rank0]:   File "/mnt/petrelfs/jianglihan/my_code/quadtok/utils/train_utils.py", line 1000, in train_one_epoch_generator
[rank0]:     accelerator.backward(loss)
[rank0]:   File "/mnt/petrelfs/jianglihan/miniconda3/envs/1d/lib/python3.10/site-packages/accelerate/accelerator.py", line 2852, in backward
[rank0]:     loss.backward(**kwargs)
[rank0]:   File "/mnt/petrelfs/jianglihan/miniconda3/envs/1d/lib/python3.10/site-packages/torch/_tensor.py", line 626, in backward
[rank0]:     torch.autograd.backward(
[rank0]:   File "/mnt/petrelfs/jianglihan/miniconda3/envs/1d/lib/python3.10/site-packages/torch/autograd/__init__.py", line 347, in backward
[rank0]:     _engine_run_backward(
[rank0]:   File "/mnt/petrelfs/jianglihan/miniconda3/envs/1d/lib/python3.10/site-packages/torch/autograd/graph.py", line 823, in _engine_run_backward
[rank0]:     return Variable._execution_engine.run_backward(  # Calls into the C++ engine to run the backward pass
[rank0]: RuntimeError: [Rank 0]: Ranks 8, 10, 11, 12, 13, 14, 15 failed to pass monitoredBarrier in 600000 ms
[1;34mwandb[0m: 
[1;34mwandb[0m: You can sync this run to the cloud by running:
[1;34mwandb[0m: [1mwandb sync /mnt/petrelfs/jianglihan/my_code/quadtok/wandb/offline-run-20251202_101521-38b700r8[0m
[1;34mwandb[0m: Find logs at: [1;35mwandb/offline-run-20251202_101521-38b700r8/logs[0m
[rank2]:[E1202 10:35:29.069378690 ProcessGroupGloo.cpp:145] Rank 2 successfully reached monitoredBarrier, but received errors while waiting for send/recv from rank 0. Please check rank 0 logs for faulty rank.
[rank6]:[E1202 10:35:29.069381356 ProcessGroupGloo.cpp:145] Rank 6 successfully reached monitoredBarrier, but received errors while waiting for send/recv from rank 0. Please check rank 0 logs for faulty rank.
[rank3]:[E1202 10:35:29.069380126 ProcessGroupGloo.cpp:145] Rank 3 successfully reached monitoredBarrier, but received errors while waiting for send/recv from rank 0. Please check rank 0 logs for faulty rank.
[rank4]:[E1202 10:35:29.069380187 ProcessGroupGloo.cpp:145] Rank 4 successfully reached monitoredBarrier, but received errors while waiting for send/recv from rank 0. Please check rank 0 logs for faulty rank.
[rank7]:[E1202 10:35:29.069382190 ProcessGroupGloo.cpp:145] Rank 7 successfully reached monitoredBarrier, but received errors while waiting for send/recv from rank 0. Please check rank 0 logs for faulty rank.
[rank5]:[E1202 10:35:29.069413696 ProcessGroupGloo.cpp:145] Rank 5 successfully reached monitoredBarrier, but received errors while waiting for send/recv from rank 0. Please check rank 0 logs for faulty rank.
[rank1]:[E1202 10:35:29.069430841 ProcessGroupGloo.cpp:145] Rank 1 successfully reached monitoredBarrier, but received errors while waiting for send/recv from rank 0. Please check rank 0 logs for faulty rank.
[rank3]: Traceback (most recent call last):
[rank3]:   File "/mnt/petrelfs/jianglihan/my_code/quadtok/scripts/train_generator.py", line 168, in <module>
[rank3]:     main()
[rank3]:   File "/mnt/petrelfs/jianglihan/my_code/quadtok/scripts/train_generator.py", line 141, in main
[rank3]:     global_step = train_one_epoch_generator(config, logger, accelerator,
[rank3]:   File "/mnt/petrelfs/jianglihan/my_code/quadtok/utils/train_utils.py", line 1000, in train_one_epoch_generator
[rank3]:     accelerator.backward(loss)
[rank3]:   File "/mnt/petrelfs/jianglihan/miniconda3/envs/1d/lib/python3.10/site-packages/accelerate/accelerator.py", line 2852, in backward
[rank3]:     loss.backward(**kwargs)
[rank3]:   File "/mnt/petrelfs/jianglihan/miniconda3/envs/1d/lib/python3.10/site-packages/torch/_tensor.py", line 626, in backward
[rank3]:     torch.autograd.backward(
[rank3]:   File "/mnt/petrelfs/jianglihan/miniconda3/envs/1d/lib/python3.10/site-packages/torch/autograd/__init__.py", line 347, in backward
[rank3]:     _engine_run_backward(
[rank3]:   File "/mnt/petrelfs/jianglihan/miniconda3/envs/1d/lib/python3.10/site-packages/torch/autograd/graph.py", line 823, in _engine_run_backward
[rank3]:     return Variable._execution_engine.run_backward(  # Calls into the C++ engine to run the backward pass
[rank3]: RuntimeError: Rank 3 successfully reached monitoredBarrier, but received errors while waiting for send/recv from rank 0. Please check rank 0 logs for faulty rank.
[rank3]:  Original exception: 
[rank3]: [/pytorch/third_party/gloo/gloo/transport/tcp/pair.cc:534] Connection closed by peer [10.140.54.26]:8584
[rank6]: Traceback (most recent call last):
[rank6]:   File "/mnt/petrelfs/jianglihan/my_code/quadtok/scripts/train_generator.py", line 168, in <module>
[rank6]:     main()
[rank6]:   File "/mnt/petrelfs/jianglihan/my_code/quadtok/scripts/train_generator.py", line 141, in main
[rank6]:     global_step = train_one_epoch_generator(config, logger, accelerator,
[rank6]:   File "/mnt/petrelfs/jianglihan/my_code/quadtok/utils/train_utils.py", line 1000, in train_one_epoch_generator
[rank6]:     accelerator.backward(loss)
[rank6]:   File "/mnt/petrelfs/jianglihan/miniconda3/envs/1d/lib/python3.10/site-packages/accelerate/accelerator.py", line 2852, in backward
[rank6]:     loss.backward(**kwargs)
[rank6]:   File "/mnt/petrelfs/jianglihan/miniconda3/envs/1d/lib/python3.10/site-packages/torch/_tensor.py", line 626, in backward
[rank6]:     torch.autograd.backward(
[rank6]:   File "/mnt/petrelfs/jianglihan/miniconda3/envs/1d/lib/python3.10/site-packages/torch/autograd/__init__.py", line 347, in backward
[rank6]:     _engine_run_backward(
[rank6]:   File "/mnt/petrelfs/jianglihan/miniconda3/envs/1d/lib/python3.10/site-packages/torch/autograd/graph.py", line 823, in _engine_run_backward
[rank6]:     return Variable._execution_engine.run_backward(  # Calls into the C++ engine to run the backward pass
[rank6]: RuntimeError: Rank 6 successfully reached monitoredBarrier, but received errors while waiting for send/recv from rank 0. Please check rank 0 logs for faulty rank.
[rank6]:  Original exception: 
[rank6]: [/pytorch/third_party/gloo/gloo/transport/tcp/pair.cc:534] Connection closed by peer [10.140.54.26]:8584
[rank2]: Traceback (most recent call last):
[rank2]:   File "/mnt/petrelfs/jianglihan/my_code/quadtok/scripts/train_generator.py", line 168, in <module>
[rank2]:     main()
[rank2]:   File "/mnt/petrelfs/jianglihan/my_code/quadtok/scripts/train_generator.py", line 141, in main
[rank2]:     global_step = train_one_epoch_generator(config, logger, accelerator,
[rank2]:   File "/mnt/petrelfs/jianglihan/my_code/quadtok/utils/train_utils.py", line 1000, in train_one_epoch_generator
[rank2]:     accelerator.backward(loss)
[rank2]:   File "/mnt/petrelfs/jianglihan/miniconda3/envs/1d/lib/python3.10/site-packages/accelerate/accelerator.py", line 2852, in backward
[rank2]:     loss.backward(**kwargs)
[rank2]:   File "/mnt/petrelfs/jianglihan/miniconda3/envs/1d/lib/python3.10/site-packages/torch/_tensor.py", line 626, in backward
[rank2]:     torch.autograd.backward(
[rank2]:   File "/mnt/petrelfs/jianglihan/miniconda3/envs/1d/lib/python3.10/site-packages/torch/autograd/__init__.py", line 347, in backward
[rank2]:     _engine_run_backward(
[rank2]:   File "/mnt/petrelfs/jianglihan/miniconda3/envs/1d/lib/python3.10/site-packages/torch/autograd/graph.py", line 823, in _engine_run_backward
[rank2]:     return Variable._execution_engine.run_backward(  # Calls into the C++ engine to run the backward pass
[rank2]: RuntimeError: Rank 2 successfully reached monitoredBarrier, but received errors while waiting for send/recv from rank 0. Please check rank 0 logs for faulty rank.
[rank2]:  Original exception: 
[rank2]: [/pytorch/third_party/gloo/gloo/transport/tcp/pair.cc:534] Connection closed by peer [10.140.54.26]:56491
[rank7]: Traceback (most recent call last):
[rank7]:   File "/mnt/petrelfs/jianglihan/my_code/quadtok/scripts/train_generator.py", line 168, in <module>
[rank7]:     main()
[rank7]:   File "/mnt/petrelfs/jianglihan/my_code/quadtok/scripts/train_generator.py", line 141, in main
[rank7]:     global_step = train_one_epoch_generator(config, logger, accelerator,
[rank7]:   File "/mnt/petrelfs/jianglihan/my_code/quadtok/utils/train_utils.py", line 1000, in train_one_epoch_generator
[rank7]:     accelerator.backward(loss)
[rank7]:   File "/mnt/petrelfs/jianglihan/miniconda3/envs/1d/lib/python3.10/site-packages/accelerate/accelerator.py", line 2852, in backward
[rank7]:     loss.backward(**kwargs)
[rank7]:   File "/mnt/petrelfs/jianglihan/miniconda3/envs/1d/lib/python3.10/site-packages/torch/_tensor.py", line 626, in backward
[rank7]:     torch.autograd.backward(
[rank7]:   File "/mnt/petrelfs/jianglihan/miniconda3/envs/1d/lib/python3.10/site-packages/torch/autograd/__init__.py", line 347, in backward
[rank7]:     _engine_run_backward(
[rank7]:   File "/mnt/petrelfs/jianglihan/miniconda3/envs/1d/lib/python3.10/site-packages/torch/autograd/graph.py", line 823, in _engine_run_backward
[rank7]:     return Variable._execution_engine.run_backward(  # Calls into the C++ engine to run the backward pass
[rank7]: RuntimeError: Rank 7 successfully reached monitoredBarrier, but received errors while waiting for send/recv from rank 0. Please check rank 0 logs for faulty rank.
[rank7]:  Original exception: 
[rank7]: [/pytorch/third_party/gloo/gloo/transport/tcp/pair.cc:534] Connection closed by peer [10.140.54.26]:8584
[rank5]: Traceback (most recent call last):
[rank5]:   File "/mnt/petrelfs/jianglihan/my_code/quadtok/scripts/train_generator.py", line 168, in <module>
[rank5]:     main()
[rank5]:   File "/mnt/petrelfs/jianglihan/my_code/quadtok/scripts/train_generator.py", line 141, in main
[rank5]:     global_step = train_one_epoch_generator(config, logger, accelerator,
[rank5]:   File "/mnt/petrelfs/jianglihan/my_code/quadtok/utils/train_utils.py", line 1000, in train_one_epoch_generator
[rank5]:     accelerator.backward(loss)
[rank5]:   File "/mnt/petrelfs/jianglihan/miniconda3/envs/1d/lib/python3.10/site-packages/accelerate/accelerator.py", line 2852, in backward
[rank5]:     loss.backward(**kwargs)
[rank5]:   File "/mnt/petrelfs/jianglihan/miniconda3/envs/1d/lib/python3.10/site-packages/torch/_tensor.py", line 626, in backward
[rank5]:     torch.autograd.backward(
[rank5]:   File "/mnt/petrelfs/jianglihan/miniconda3/envs/1d/lib/python3.10/site-packages/torch/autograd/__init__.py", line 347, in backward
[rank5]:     _engine_run_backward(
[rank5]:   File "/mnt/petrelfs/jianglihan/miniconda3/envs/1d/lib/python3.10/site-packages/torch/autograd/graph.py", line 823, in _engine_run_backward
[rank5]:     return Variable._execution_engine.run_backward(  # Calls into the C++ engine to run the backward pass
[rank5]: RuntimeError: Rank 5 successfully reached monitoredBarrier, but received errors while waiting for send/recv from rank 0. Please check rank 0 logs for faulty rank.
[rank5]:  Original exception: 
[rank5]: [/pytorch/third_party/gloo/gloo/transport/tcp/pair.cc:534] Connection closed by peer [10.140.54.26]:8584
[rank4]: Traceback (most recent call last):
[rank4]:   File "/mnt/petrelfs/jianglihan/my_code/quadtok/scripts/train_generator.py", line 168, in <module>
[rank4]:     main()
[rank4]:   File "/mnt/petrelfs/jianglihan/my_code/quadtok/scripts/train_generator.py", line 141, in main
[rank4]:     global_step = train_one_epoch_generator(config, logger, accelerator,
[rank4]:   File "/mnt/petrelfs/jianglihan/my_code/quadtok/utils/train_utils.py", line 1000, in train_one_epoch_generator
[rank4]:     accelerator.backward(loss)
[rank4]:   File "/mnt/petrelfs/jianglihan/miniconda3/envs/1d/lib/python3.10/site-packages/accelerate/accelerator.py", line 2852, in backward
[rank4]:     loss.backward(**kwargs)
[rank4]:   File "/mnt/petrelfs/jianglihan/miniconda3/envs/1d/lib/python3.10/site-packages/torch/_tensor.py", line 626, in backward
[rank4]:     torch.autograd.backward(
[rank4]:   File "/mnt/petrelfs/jianglihan/miniconda3/envs/1d/lib/python3.10/site-packages/torch/autograd/__init__.py", line 347, in backward
[rank4]:     _engine_run_backward(
[rank4]:   File "/mnt/petrelfs/jianglihan/miniconda3/envs/1d/lib/python3.10/site-packages/torch/autograd/graph.py", line 823, in _engine_run_backward
[rank4]:     return Variable._execution_engine.run_backward(  # Calls into the C++ engine to run the backward pass
[rank4]: RuntimeError: Rank 4 successfully reached monitoredBarrier, but received errors while waiting for send/recv from rank 0. Please check rank 0 logs for faulty rank.
[rank4]:  Original exception: 
[rank4]: [/pytorch/third_party/gloo/gloo/transport/tcp/pair.cc:534] Connection closed by peer [10.140.54.26]:8584
[rank1]: Traceback (most recent call last):
[rank1]:   File "/mnt/petrelfs/jianglihan/my_code/quadtok/scripts/train_generator.py", line 168, in <module>
[rank1]:     main()
[rank1]:   File "/mnt/petrelfs/jianglihan/my_code/quadtok/scripts/train_generator.py", line 141, in main
[rank1]:     global_step = train_one_epoch_generator(config, logger, accelerator,
[rank1]:   File "/mnt/petrelfs/jianglihan/my_code/quadtok/utils/train_utils.py", line 1000, in train_one_epoch_generator
[rank1]:     accelerator.backward(loss)
[rank1]:   File "/mnt/petrelfs/jianglihan/miniconda3/envs/1d/lib/python3.10/site-packages/accelerate/accelerator.py", line 2852, in backward
[rank1]:     loss.backward(**kwargs)
[rank1]:   File "/mnt/petrelfs/jianglihan/miniconda3/envs/1d/lib/python3.10/site-packages/torch/_tensor.py", line 626, in backward
[rank1]:     torch.autograd.backward(
[rank1]:   File "/mnt/petrelfs/jianglihan/miniconda3/envs/1d/lib/python3.10/site-packages/torch/autograd/__init__.py", line 347, in backward
[rank1]:     _engine_run_backward(
[rank1]:   File "/mnt/petrelfs/jianglihan/miniconda3/envs/1d/lib/python3.10/site-packages/torch/autograd/graph.py", line 823, in _engine_run_backward
[rank1]:     return Variable._execution_engine.run_backward(  # Calls into the C++ engine to run the backward pass
[rank1]: RuntimeError: Rank 1 successfully reached monitoredBarrier, but received errors while waiting for send/recv from rank 0. Please check rank 0 logs for faulty rank.
[rank1]:  Original exception: 
[rank1]: [/pytorch/third_party/gloo/gloo/transport/tcp/pair.cc:534] Connection closed by peer [10.140.54.26]:8584
W1202 10:35:29.585000 81792 site-packages/torch/distributed/elastic/multiprocessing/api.py:897] Sending process 82517 closing signal SIGTERM
W1202 10:35:29.588000 81792 site-packages/torch/distributed/elastic/multiprocessing/api.py:897] Sending process 82518 closing signal SIGTERM
W1202 10:35:29.591000 81792 site-packages/torch/distributed/elastic/multiprocessing/api.py:897] Sending process 82519 closing signal SIGTERM
W1202 10:35:29.593000 81792 site-packages/torch/distributed/elastic/multiprocessing/api.py:897] Sending process 82520 closing signal SIGTERM
W1202 10:35:29.595000 81792 site-packages/torch/distributed/elastic/multiprocessing/api.py:897] Sending process 82521 closing signal SIGTERM
W1202 10:35:29.596000 81792 site-packages/torch/distributed/elastic/multiprocessing/api.py:897] Sending process 82522 closing signal SIGTERM
W1202 10:35:29.598000 81792 site-packages/torch/distributed/elastic/multiprocessing/api.py:897] Sending process 82523 closing signal SIGTERM
E1202 10:35:32.298000 81792 site-packages/torch/distributed/elastic/multiprocessing/api.py:869] failed (exitcode: 1) local_rank: 0 (pid: 82516) of binary: /mnt/petrelfs/jianglihan/miniconda3/envs/1d/bin/python3.10
Traceback (most recent call last):
  File "/mnt/petrelfs/jianglihan/miniconda3/envs/1d/bin/accelerate", line 7, in <module>
    sys.exit(main())
  File "/mnt/petrelfs/jianglihan/miniconda3/envs/1d/lib/python3.10/site-packages/accelerate/commands/accelerate_cli.py", line 50, in main
    args.func(args)
  File "/mnt/petrelfs/jianglihan/miniconda3/envs/1d/lib/python3.10/site-packages/accelerate/commands/launch.py", line 1272, in launch_command
    multi_gpu_launcher(args)
  File "/mnt/petrelfs/jianglihan/miniconda3/envs/1d/lib/python3.10/site-packages/accelerate/commands/launch.py", line 899, in multi_gpu_launcher
    distrib_run.run(args)
  File "/mnt/petrelfs/jianglihan/miniconda3/envs/1d/lib/python3.10/site-packages/torch/distributed/run.py", line 909, in run
    elastic_launch(
  File "/mnt/petrelfs/jianglihan/miniconda3/envs/1d/lib/python3.10/site-packages/torch/distributed/launcher/api.py", line 138, in __call__
    return launch_agent(self._config, self._entrypoint, list(args))
  File "/mnt/petrelfs/jianglihan/miniconda3/envs/1d/lib/python3.10/site-packages/torch/distributed/launcher/api.py", line 269, in launch_agent
    raise ChildFailedError(
torch.distributed.elastic.multiprocessing.errors.ChildFailedError: 
============================================================
scripts/train_generator.py FAILED
------------------------------------------------------------
Failures:
  <NO_OTHER_FAILURES>
------------------------------------------------------------
Root Cause (first observed failure):
[0]:
  time      : 2025-12-02_10:35:29
  host      : SH-IDCA1404-10-140-54-26
  rank      : 0 (local_rank: 0)
  exitcode  : 1 (pid: 82516)
  error_file: <N/A>
  traceback : To enable traceback see: https://pytorch.org/docs/stable/elastic/errors.html
============================================================
srun: error: SH-IDCA1404-10-140-54-26: task 0: Exited with exit code 1
