/var/spool/slurmd/job6482413/slurm_script: line 13: /mnt/petrelfs/jianglihan/miniforge3/bin/activate: No such file or directory
Head Node IP: SH-IDCA1404-10-140-54-35
Total Nodes: 2
Command to run:
accelerate launch   --config_file configs/accelerate_config/mnode8gpu.yaml   --main_process_ip=SH-IDCA1404-10-140-54-35   --main_process_port=29500   --num_processes=16   --num_machines=2   --machine_rank=$SLURM_PROCID   scripts/train_generator.py config=configs/training/generator/maskgit_quadtree_fixtree.yaml
attention mode is flash
attention mode is flash
attention mode is flash
attention mode is flash
attention mode is flash
attention mode is flash
attention mode is flash
attention mode is flash
attention mode is flash
attention mode is flash
attention mode is flash
attention mode is flash
attention mode is flash
attention mode is flash
attention mode is flash
attention mode is flash
Detected kernel version 3.10.0, which is below the recommended minimum of 5.5.0; this can cause the process to hang. It is recommended to upgrade the kernel to the minimum version or higher.
wandb: Tracking run with wandb version 0.23.0
wandb: W&B syncing is set to `offline` in this directory. Run `wandb online` or set WANDB_MODE=online to enable cloud syncing.
wandb: Run data is saved locally in /mnt/petrelfs/jianglihan/my_code/quadtok/wandb/offline-run-20251202_042051-gvnarqch
[12/02 04:20:52 TiTok-Gen]: Saving config to checkpoints/generator/maskgit_quadtree_fixtree/config.yaml
[12/02 04:20:52 TiTok-Gen]: Config:
experiment:
  project: dynamic_tokenizer_generation
  name: maskgit_quadtree_fixtree
  output_dir: checkpoints/generator/maskgit_quadtree_fixtree
  max_train_examples: 1281167
  save_every: 10000
  eval_every: 50000
  generate_every: 10
  log_every: 50
  log_grad_norm_every: 1000
  resume: false
  logging_dir: checkpoints/generator/maskgit_quadtree_fixtree/logs
tokenizer:
  type: quadtok
  tokenizer_ckpt_dir: /mnt/petrelfs/jianglihan/my_code/quadtok/checkpoints/quadtok_sl256_vq_ts8-expandprob34/checkpoint-250000/ema_model/pytorch_model.bin
  vae_embed_dim: 8
model:
  type: quadtok
  grad_checkpointing: true
  vq_model:
    quantize_mode: vq
    vit_enc_model_size: small
    vit_dec_model_size: small
    vit_enc_patch_size: 16
    vit_dec_patch_size: 16
    decoder_token_size: 256
    codebook_size: 16384
    use_l2_norm: true
    commitment_cost: 0.25
    token_size: 8
  selector:
    token_size: 8
    num_patch_side_list:
    - 1
    - 2
    - 4
    - 8
    - 16
    - 32
    patch_size_list:
    - 16
    - 16
    - 16
    - 16
    - 16
    - 8
  generator_type: maskgit
  generator:
    model_type: ViT
    hidden_size: 768
    num_hidden_layers: 24
    num_attention_heads: 16
    intermediate_size: 3072
    dropout: 0.1
    attn_drop: 0.1
    class_label_dropout: 0.1
    image_seq_len: 261
    condition_num_classes: 1000
    num_steps: 16
    randomize_temperature: 2.5
    guidance_scale: 8.5
    guidance_decay: power-cosine
losses:
  label_smoothing: 0.1
  loss_weight_unmasked_token: 0.0
dataset:
  type: simple_image
  params:
    train_shards_path_or_url: pipe:rclone cat hoss:jianglihan/data/imagenet/imagenet-train-{000000..000070}.tar
    eval_shards_path_or_url: pipe:rclone cat hoss:jianglihan/data/imagenet/imagenet-val-{000000..000049}.tar
    num_workers_per_gpu: 12
  preprocessing:
    resize_shorter_edge: 256
    crop_size: 256
    random_crop: true
    random_flip: true
    res_ratio_filtering: true
optimizer:
  name: adamw
  params:
    learning_rate: 0.0001
    beta1: 0.9
    beta2: 0.96
    weight_decay: 0.03
lr_scheduler:
  scheduler: cosine
  params:
    learning_rate: ${optimizer.params.learning_rate}
    warmup_steps: 10000
    end_lr: 1.0e-05
training:
  gradient_accumulation_steps: 1
  per_gpu_batch_size: 64
  mixed_precision: bf16
  enable_tf32: true
  enable_wandb: true
  use_ema: true
  seed: 42
  max_train_steps: 1000000
  max_grad_norm: 1.0
config: configs/training/generator/maskgit_quadtree_fixtree.yaml

[12/02 04:20:58 TiTok-Gen]: Creating model and loss module.
[12/02 04:20:58 TiTok-Gen]: Creating model.
self.train_transform: Compose(
    Resize(size=256, interpolation=bicubic, max_size=None, antialias=True)
    RandomCrop(size=(256, 256), padding=None)
    RandomHorizontalFlip(p=0.5)
    ToTensor()
    Normalize(mean=[0.0, 0.0, 0.0], std=[1.0, 1.0, 1.0])
)
self.eval_transform: Compose(
    Resize(size=256, interpolation=bilinear, max_size=None, antialias=True)
    CenterCrop(size=(256, 256))
    ToTensor()
    Normalize(mean=[0.0, 0.0, 0.0], std=[1.0, 1.0, 1.0])
)
self.train_transform: Compose(
    Resize(size=256, interpolation=bicubic, max_size=None, antialias=True)
    RandomCrop(size=(256, 256), padding=None)
    RandomHorizontalFlip(p=0.5)
    ToTensor()
    Normalize(mean=[0.0, 0.0, 0.0], std=[1.0, 1.0, 1.0])
)
self.eval_transform: Compose(
    Resize(size=256, interpolation=bilinear, max_size=None, antialias=True)
    CenterCrop(size=(256, 256))
    ToTensor()
    Normalize(mean=[0.0, 0.0, 0.0], std=[1.0, 1.0, 1.0])
)
self.train_transform: Compose(
    Resize(size=256, interpolation=bicubic, max_size=None, antialias=True)
    RandomCrop(size=(256, 256), padding=None)
    RandomHorizontalFlip(p=0.5)
    ToTensor()
    Normalize(mean=[0.0, 0.0, 0.0], std=[1.0, 1.0, 1.0])
)
self.eval_transform: Compose(
    Resize(size=256, interpolation=bilinear, max_size=None, antialias=True)
    CenterCrop(size=(256, 256))
    ToTensor()
    Normalize(mean=[0.0, 0.0, 0.0], std=[1.0, 1.0, 1.0])
)
self.train_transform: Compose(
    Resize(size=256, interpolation=bicubic, max_size=None, antialias=True)
    RandomCrop(size=(256, 256), padding=None)
    RandomHorizontalFlip(p=0.5)
    ToTensor()
    Normalize(mean=[0.0, 0.0, 0.0], std=[1.0, 1.0, 1.0])
)
self.eval_transform: Compose(
    Resize(size=256, interpolation=bilinear, max_size=None, antialias=True)
    CenterCrop(size=(256, 256))
    ToTensor()
    Normalize(mean=[0.0, 0.0, 0.0], std=[1.0, 1.0, 1.0])
)
self.train_transform: Compose(
    Resize(size=256, interpolation=bicubic, max_size=None, antialias=True)
    RandomCrop(size=(256, 256), padding=None)
    RandomHorizontalFlip(p=0.5)
    ToTensor()
    Normalize(mean=[0.0, 0.0, 0.0], std=[1.0, 1.0, 1.0])
)
self.eval_transform: Compose(
    Resize(size=256, interpolation=bilinear, max_size=None, antialias=True)
    CenterCrop(size=(256, 256))
    ToTensor()
    Normalize(mean=[0.0, 0.0, 0.0], std=[1.0, 1.0, 1.0])
)
self.train_transform: Compose(
    Resize(size=256, interpolation=bicubic, max_size=None, antialias=True)
    RandomCrop(size=(256, 256), padding=None)
    RandomHorizontalFlip(p=0.5)
    ToTensor()
    Normalize(mean=[0.0, 0.0, 0.0], std=[1.0, 1.0, 1.0])
)
self.eval_transform: Compose(
    Resize(size=256, interpolation=bilinear, max_size=None, antialias=True)
    CenterCrop(size=(256, 256))
    ToTensor()
    Normalize(mean=[0.0, 0.0, 0.0], std=[1.0, 1.0, 1.0])
self.train_transform: Compose(
    Resize(size=256, interpolation=bicubic, max_size=None, antialias=True)
    RandomCrop(size=(256, 256), padding=None)
    RandomHorizontalFlip(p=0.5)
    ToTensor()
    Normalize(mean=[0.0, 0.0, 0.0], std=[1.0, 1.0, 1.0])
)
)
self.eval_transform: Compose(
    Resize(size=256, interpolation=bilinear, max_size=None, antialias=True)
    CenterCrop(size=(256, 256))
    ToTensor()
    Normalize(mean=[0.0, 0.0, 0.0], std=[1.0, 1.0, 1.0])
)
self.train_transform: Compose(
    Resize(size=256, interpolation=bicubic, max_size=None, antialias=True)
    RandomCrop(size=(256, 256), padding=None)
    RandomHorizontalFlip(p=0.5)
    ToTensor()
    Normalize(mean=[0.0, 0.0, 0.0], std=[1.0, 1.0, 1.0])
)
self.eval_transform: Compose(
    Resize(size=256, interpolation=bilinear, max_size=None, antialias=True)
    CenterCrop(size=(256, 256))
    ToTensor()
    Normalize(mean=[0.0, 0.0, 0.0], std=[1.0, 1.0, 1.0])
)
self.train_transform: Compose(
    Resize(size=256, interpolation=bicubic, max_size=None, antialias=True)
    RandomCrop(size=(256, 256), padding=None)
    RandomHorizontalFlip(p=0.5)
    ToTensor()
    Normalize(mean=[0.0, 0.0, 0.0], std=[1.0, 1.0, 1.0])
)
self.eval_transform: Compose(
    Resize(size=256, interpolation=bilinear, max_size=None, antialias=True)
    CenterCrop(size=(256, 256))
    ToTensor()
    Normalize(mean=[0.0, 0.0, 0.0], std=[1.0, 1.0, 1.0])
self.train_transform: Compose(
    Resize(size=256, interpolation=bicubic, max_size=None, antialias=True)
    RandomCrop(size=(256, 256), padding=None)
    RandomHorizontalFlip(p=0.5)
    ToTensor()
    Normalize(mean=[0.0, 0.0, 0.0], std=[1.0, 1.0, 1.0])
)
)
self.eval_transform: Compose(
    Resize(size=256, interpolation=bilinear, max_size=None, antialias=True)
    CenterCrop(size=(256, 256))
    ToTensor()
    Normalize(mean=[0.0, 0.0, 0.0], std=[1.0, 1.0, 1.0])
)
self.train_transform: Compose(
    Resize(size=256, interpolation=bicubic, max_size=None, antialias=True)
    RandomCrop(size=(256, 256), padding=None)
    RandomHorizontalFlip(p=0.5)
    ToTensor()
    Normalize(mean=[0.0, 0.0, 0.0], std=[1.0, 1.0, 1.0])
)
self.eval_transform: Compose(
    Resize(size=256, interpolation=bilinear, max_size=None, antialias=True)
    CenterCrop(size=(256, 256))
    ToTensor()
    Normalize(mean=[0.0, 0.0, 0.0], std=[1.0, 1.0, 1.0])
)
self.train_transform: Compose(
    Resize(size=256, interpolation=bicubic, max_size=None, antialias=True)
    RandomCrop(size=(256, 256), padding=None)
    RandomHorizontalFlip(p=0.5)
    ToTensor()
    Normalize(mean=[0.0, 0.0, 0.0], std=[1.0, 1.0, 1.0])
)
self.eval_transform: Compose(
    Resize(size=256, interpolation=bilinear, max_size=None, antialias=True)
    CenterCrop(size=(256, 256))
    ToTensor()
    Normalize(mean=[0.0, 0.0, 0.0], std=[1.0, 1.0, 1.0])
)
self.train_transform: Compose(
    Resize(size=256, interpolation=bicubic, max_size=None, antialias=True)
    RandomCrop(size=(256, 256), padding=None)
    RandomHorizontalFlip(p=0.5)
    ToTensor()
    Normalize(mean=[0.0, 0.0, 0.0], std=[1.0, 1.0, 1.0])
)
self.eval_transform: Compose(
    Resize(size=256, interpolation=bilinear, max_size=None, antialias=True)
    CenterCrop(size=(256, 256))
    ToTensor()
    Normalize(mean=[0.0, 0.0, 0.0], std=[1.0, 1.0, 1.0])
)
self.train_transform: Compose(
    Resize(size=256, interpolation=bicubic, max_size=None, antialias=True)
    RandomCrop(size=(256, 256), padding=None)
    RandomHorizontalFlip(p=0.5)
    ToTensor()
    Normalize(mean=[0.0, 0.0, 0.0], std=[1.0, 1.0, 1.0])
)
self.eval_transform: Compose(
    Resize(size=256, interpolation=bilinear, max_size=None, antialias=True)
    CenterCrop(size=(256, 256))
    ToTensor()
    Normalize(mean=[0.0, 0.0, 0.0], std=[1.0, 1.0, 1.0])
)
self.train_transform: Compose(
    Resize(size=256, interpolation=bicubic, max_size=None, antialias=True)
    RandomCrop(size=(256, 256), padding=None)
    RandomHorizontalFlip(p=0.5)
    ToTensor()
    Normalize(mean=[0.0, 0.0, 0.0], std=[1.0, 1.0, 1.0])
)
self.eval_transform: Compose(
    Resize(size=256, interpolation=bilinear, max_size=None, antialias=True)
    CenterCrop(size=(256, 256))
    ToTensor()
    Normalize(mean=[0.0, 0.0, 0.0], std=[1.0, 1.0, 1.0])
)
[12/02 04:21:00 TiTok-Gen]: Creating optimizers.
[12/02 04:21:00 TiTok-Gen]: Creating lr_schedulers.
self.train_transform: Compose(
    Resize(size=256, interpolation=bicubic, max_size=None, antialias=True)
    RandomCrop(size=(256, 256), padding=None)
    RandomHorizontalFlip(p=0.5)
    ToTensor()
    Normalize(mean=[0.0, 0.0, 0.0], std=[1.0, 1.0, 1.0])
)
self.eval_transform: Compose(
    Resize(size=256, interpolation=bilinear, max_size=None, antialias=True)
    CenterCrop(size=(256, 256))
    ToTensor()
    Normalize(mean=[0.0, 0.0, 0.0], std=[1.0, 1.0, 1.0])
)
[12/02 04:21:01 TiTok-Gen]: Preparing model, optimizer and dataloaders
SH-IDCA1404-10-140-54-35:48320:48320 [0] NCCL INFO NCCL_SOCKET_IFNAME set by environment to bond0
SH-IDCA1404-10-140-54-35:48320:48320 [0] NCCL INFO Bootstrap : Using bond0:10.140.54.35<0>
SH-IDCA1404-10-140-54-35:48320:48320 [0] NCCL INFO NET/Plugin: No plugin found (libnccl-net.so)
SH-IDCA1404-10-140-54-35:48320:48320 [0] NCCL INFO NET/Plugin: Plugin load returned 2 : libnccl-net.so: cannot open shared object file: No such file or directory : when loading libnccl-net.so
SH-IDCA1404-10-140-54-35:48320:48320 [0] NCCL INFO NET/Plugin: Using internal network plugin.
SH-IDCA1404-10-140-54-35:48320:48320 [0] NCCL INFO cudaDriverVersion 12000
NCCL version 2.21.5+cuda11.0
SH-IDCA1404-10-140-54-35:48323:48323 [3] NCCL INFO cudaDriverVersion 12000
SH-IDCA1404-10-140-54-35:48323:48323 [3] NCCL INFO NCCL_SOCKET_IFNAME set by environment to bond0
SH-IDCA1404-10-140-54-35:48321:48321 [1] NCCL INFO cudaDriverVersion 12000
SH-IDCA1404-10-140-54-35:48321:48321 [1] NCCL INFO NCCL_SOCKET_IFNAME set by environment to bond0
SH-IDCA1404-10-140-54-35:48327:48327 [7] NCCL INFO cudaDriverVersion 12000
SH-IDCA1404-10-140-54-35:48327:48327 [7] NCCL INFO NCCL_SOCKET_IFNAME set by environment to bond0
SH-IDCA1404-10-140-54-35:48323:48323 [3] NCCL INFO Bootstrap : Using bond0:10.140.54.35<0>
SH-IDCA1404-10-140-54-35:48321:48321 [1] NCCL INFO Bootstrap : Using bond0:10.140.54.35<0>
SH-IDCA1404-10-140-54-35:48327:48327 [7] NCCL INFO Bootstrap : Using bond0:10.140.54.35<0>
SH-IDCA1404-10-140-54-35:48326:48326 [6] NCCL INFO cudaDriverVersion 12000
SH-IDCA1404-10-140-54-35:48324:48324 [4] NCCL INFO cudaDriverVersion 12000
SH-IDCA1404-10-140-54-35:48326:48326 [6] NCCL INFO NCCL_SOCKET_IFNAME set by environment to bond0
SH-IDCA1404-10-140-54-35:48324:48324 [4] NCCL INFO NCCL_SOCKET_IFNAME set by environment to bond0
SH-IDCA1404-10-140-54-35:48324:48324 [4] NCCL INFO Bootstrap : Using bond0:10.140.54.35<0>
SH-IDCA1404-10-140-54-35:48326:48326 [6] NCCL INFO Bootstrap : Using bond0:10.140.54.35<0>
SH-IDCA1404-10-140-54-35:48322:48322 [2] NCCL INFO cudaDriverVersion 12000
SH-IDCA1404-10-140-54-35:48322:48322 [2] NCCL INFO NCCL_SOCKET_IFNAME set by environment to bond0
SH-IDCA1404-10-140-54-35:48325:48325 [5] NCCL INFO cudaDriverVersion 12000
SH-IDCA1404-10-140-54-35:48325:48325 [5] NCCL INFO NCCL_SOCKET_IFNAME set by environment to bond0
SH-IDCA1404-10-140-54-35:48322:48322 [2] NCCL INFO Bootstrap : Using bond0:10.140.54.35<0>
SH-IDCA1404-10-140-54-35:48325:48325 [5] NCCL INFO Bootstrap : Using bond0:10.140.54.35<0>
SH-IDCA1404-10-140-54-35:48321:48321 [1] NCCL INFO NET/Plugin: No plugin found (libnccl-net.so)
SH-IDCA1404-10-140-54-35:48321:48321 [1] NCCL INFO NET/Plugin: Plugin load returned 2 : libnccl-net.so: cannot open shared object file: No such file or directory : when loading libnccl-net.so
SH-IDCA1404-10-140-54-35:48321:48321 [1] NCCL INFO NET/Plugin: Using internal network plugin.
SH-IDCA1404-10-140-54-35:48327:48327 [7] NCCL INFO NET/Plugin: No plugin found (libnccl-net.so)
SH-IDCA1404-10-140-54-35:48327:48327 [7] NCCL INFO NET/Plugin: Plugin load returned 2 : libnccl-net.so: cannot open shared object file: No such file or directory : when loading libnccl-net.so
SH-IDCA1404-10-140-54-35:48327:48327 [7] NCCL INFO NET/Plugin: Using internal network plugin.
SH-IDCA1404-10-140-54-73:112326:112326 [0] NCCL INFO cudaDriverVersion 12000
SH-IDCA1404-10-140-54-35:48323:48323 [3] NCCL INFO NET/Plugin: No plugin found (libnccl-net.so)
SH-IDCA1404-10-140-54-73:112328:112328 [2] NCCL INFO cudaDriverVersion 12000
SH-IDCA1404-10-140-54-35:48323:48323 [3] NCCL INFO NET/Plugin: Plugin load returned 2 : libnccl-net.so: cannot open shared object file: No such file or directory : when loading libnccl-net.so
SH-IDCA1404-10-140-54-35:48323:48323 [3] NCCL INFO NET/Plugin: Using internal network plugin.
SH-IDCA1404-10-140-54-73:112328:112328 [2] NCCL INFO NCCL_SOCKET_IFNAME set by environment to bond0
SH-IDCA1404-10-140-54-73:112326:112326 [0] NCCL INFO NCCL_SOCKET_IFNAME set by environment to bond0
SH-IDCA1404-10-140-54-35:48326:48326 [6] NCCL INFO NET/Plugin: No plugin found (libnccl-net.so)
SH-IDCA1404-10-140-54-73:112328:112328 [2] NCCL INFO Bootstrap : Using bond0:10.140.54.73<0>
SH-IDCA1404-10-140-54-73:112326:112326 [0] NCCL INFO Bootstrap : Using bond0:10.140.54.73<0>
SH-IDCA1404-10-140-54-35:48326:48326 [6] NCCL INFO NET/Plugin: Plugin load returned 2 : libnccl-net.so: cannot open shared object file: No such file or directory : when loading libnccl-net.so
SH-IDCA1404-10-140-54-35:48326:48326 [6] NCCL INFO NET/Plugin: Using internal network plugin.
SH-IDCA1404-10-140-54-35:48324:48324 [4] NCCL INFO NET/Plugin: No plugin found (libnccl-net.so)
SH-IDCA1404-10-140-54-35:48324:48324 [4] NCCL INFO NET/Plugin: Plugin load returned 2 : libnccl-net.so: cannot open shared object file: No such file or directory : when loading libnccl-net.so
SH-IDCA1404-10-140-54-73:112327:112327 [1] NCCL INFO cudaDriverVersion 12000
SH-IDCA1404-10-140-54-35:48324:48324 [4] NCCL INFO NET/Plugin: Using internal network plugin.
SH-IDCA1404-10-140-54-73:112327:112327 [1] NCCL INFO NCCL_SOCKET_IFNAME set by environment to bond0
SH-IDCA1404-10-140-54-35:48322:48322 [2] NCCL INFO NET/Plugin: No plugin found (libnccl-net.so)
SH-IDCA1404-10-140-54-73:112329:112329 [3] NCCL INFO cudaDriverVersion 12000
SH-IDCA1404-10-140-54-35:48322:48322 [2] NCCL INFO NET/Plugin: Plugin load returned 2 : libnccl-net.so: cannot open shared object file: No such file or directory : when loading libnccl-net.so
SH-IDCA1404-10-140-54-73:112329:112329 [3] NCCL INFO NCCL_SOCKET_IFNAME set by environment to bond0
SH-IDCA1404-10-140-54-35:48322:48322 [2] NCCL INFO NET/Plugin: Using internal network plugin.
SH-IDCA1404-10-140-54-73:112327:112327 [1] NCCL INFO Bootstrap : Using bond0:10.140.54.73<0>
SH-IDCA1404-10-140-54-35:48325:48325 [5] NCCL INFO NET/Plugin: No plugin found (libnccl-net.so)
SH-IDCA1404-10-140-54-73:112329:112329 [3] NCCL INFO Bootstrap : Using bond0:10.140.54.73<0>
SH-IDCA1404-10-140-54-35:48325:48325 [5] NCCL INFO NET/Plugin: Plugin load returned 2 : libnccl-net.so: cannot open shared object file: No such file or directory : when loading libnccl-net.so
SH-IDCA1404-10-140-54-73:112332:112332 [6] NCCL INFO cudaDriverVersion 12000
SH-IDCA1404-10-140-54-35:48325:48325 [5] NCCL INFO NET/Plugin: Using internal network plugin.
SH-IDCA1404-10-140-54-73:112332:112332 [6] NCCL INFO NCCL_SOCKET_IFNAME set by environment to bond0
SH-IDCA1404-10-140-54-73:112332:112332 [6] NCCL INFO Bootstrap : Using bond0:10.140.54.73<0>
SH-IDCA1404-10-140-54-73:112330:112330 [4] NCCL INFO cudaDriverVersion 12000
SH-IDCA1404-10-140-54-73:112330:112330 [4] NCCL INFO NCCL_SOCKET_IFNAME set by environment to bond0
SH-IDCA1404-10-140-54-73:112330:112330 [4] NCCL INFO Bootstrap : Using bond0:10.140.54.73<0>
SH-IDCA1404-10-140-54-73:112331:112331 [5] NCCL INFO cudaDriverVersion 12000
SH-IDCA1404-10-140-54-73:112331:112331 [5] NCCL INFO NCCL_SOCKET_IFNAME set by environment to bond0
SH-IDCA1404-10-140-54-73:112331:112331 [5] NCCL INFO Bootstrap : Using bond0:10.140.54.73<0>
SH-IDCA1404-10-140-54-73:112333:112333 [7] NCCL INFO cudaDriverVersion 12000
SH-IDCA1404-10-140-54-73:112333:112333 [7] NCCL INFO NCCL_SOCKET_IFNAME set by environment to bond0
SH-IDCA1404-10-140-54-73:112333:112333 [7] NCCL INFO Bootstrap : Using bond0:10.140.54.73<0>
SH-IDCA1404-10-140-54-73:112331:112331 [5] NCCL INFO NET/Plugin: No plugin found (libnccl-net.so)
SH-IDCA1404-10-140-54-73:112331:112331 [5] NCCL INFO NET/Plugin: Plugin load returned 2 : libnccl-net.so: cannot open shared object file: No such file or directory : when loading libnccl-net.so
SH-IDCA1404-10-140-54-73:112331:112331 [5] NCCL INFO NET/Plugin: Using internal network plugin.
SH-IDCA1404-10-140-54-73:112326:112326 [0] NCCL INFO NET/Plugin: No plugin found (libnccl-net.so)
SH-IDCA1404-10-140-54-73:112326:112326 [0] NCCL INFO NET/Plugin: Plugin load returned 2 : libnccl-net.so: cannot open shared object file: No such file or directory : when loading libnccl-net.so
SH-IDCA1404-10-140-54-73:112326:112326 [0] NCCL INFO NET/Plugin: Using internal network plugin.
SH-IDCA1404-10-140-54-73:112333:112333 [7] NCCL INFO NET/Plugin: No plugin found (libnccl-net.so)
SH-IDCA1404-10-140-54-73:112333:112333 [7] NCCL INFO NET/Plugin: Plugin load returned 2 : libnccl-net.so: cannot open shared object file: No such file or directory : when loading libnccl-net.so
SH-IDCA1404-10-140-54-73:112333:112333 [7] NCCL INFO NET/Plugin: Using internal network plugin.
SH-IDCA1404-10-140-54-73:112329:112329 [3] NCCL INFO NET/Plugin: No plugin found (libnccl-net.so)
SH-IDCA1404-10-140-54-73:112329:112329 [3] NCCL INFO NET/Plugin: Plugin load returned 2 : libnccl-net.so: cannot open shared object file: No such file or directory : when loading libnccl-net.so
SH-IDCA1404-10-140-54-73:112329:112329 [3] NCCL INFO NET/Plugin: Using internal network plugin.
SH-IDCA1404-10-140-54-73:112328:112328 [2] NCCL INFO NET/Plugin: No plugin found (libnccl-net.so)
SH-IDCA1404-10-140-54-73:112328:112328 [2] NCCL INFO NET/Plugin: Plugin load returned 2 : libnccl-net.so: cannot open shared object file: No such file or directory : when loading libnccl-net.so
SH-IDCA1404-10-140-54-73:112328:112328 [2] NCCL INFO NET/Plugin: Using internal network plugin.
SH-IDCA1404-10-140-54-73:112327:112327 [1] NCCL INFO NET/Plugin: No plugin found (libnccl-net.so)
SH-IDCA1404-10-140-54-73:112327:112327 [1] NCCL INFO NET/Plugin: Plugin load returned 2 : libnccl-net.so: cannot open shared object file: No such file or directory : when loading libnccl-net.so
SH-IDCA1404-10-140-54-73:112327:112327 [1] NCCL INFO NET/Plugin: Using internal network plugin.
SH-IDCA1404-10-140-54-73:112332:112332 [6] NCCL INFO NET/Plugin: No plugin found (libnccl-net.so)
SH-IDCA1404-10-140-54-73:112332:112332 [6] NCCL INFO NET/Plugin: Plugin load returned 2 : libnccl-net.so: cannot open shared object file: No such file or directory : when loading libnccl-net.so
SH-IDCA1404-10-140-54-73:112332:112332 [6] NCCL INFO NET/Plugin: Using internal network plugin.
SH-IDCA1404-10-140-54-73:112330:112330 [4] NCCL INFO NET/Plugin: No plugin found (libnccl-net.so)
SH-IDCA1404-10-140-54-73:112330:112330 [4] NCCL INFO NET/Plugin: Plugin load returned 2 : libnccl-net.so: cannot open shared object file: No such file or directory : when loading libnccl-net.so
SH-IDCA1404-10-140-54-73:112330:112330 [4] NCCL INFO NET/Plugin: Using internal network plugin.
SH-IDCA1404-10-140-54-35:48321:48321 [1] NCCL INFO Comm config Blocking set to 1
SH-IDCA1404-10-140-54-35:48321:49241 [1] NCCL INFO NCCL_SOCKET_IFNAME set by environment to bond0
SH-IDCA1404-10-140-54-35:48321:49241 [1] NCCL INFO NCCL_IB_HCA set to mlx5_0,mlx5_2
SH-IDCA1404-10-140-54-35:48320:48320 [0] NCCL INFO Comm config Blocking set to 1
SH-IDCA1404-10-140-54-35:48321:49241 [1] NCCL INFO NET/IB : Using [0]mlx5_2:1/IB [RO]; OOB bond0:10.140.54.35<0>
SH-IDCA1404-10-140-54-35:48321:49241 [1] NCCL INFO Using non-device net plugin version 0
SH-IDCA1404-10-140-54-35:48321:49241 [1] NCCL INFO Using network IB
SH-IDCA1404-10-140-54-35:48326:48326 [6] NCCL INFO Comm config Blocking set to 1
SH-IDCA1404-10-140-54-35:48320:49243 [0] NCCL INFO NCCL_SOCKET_IFNAME set by environment to bond0
SH-IDCA1404-10-140-54-35:48320:49243 [0] NCCL INFO NCCL_IB_HCA set to mlx5_0,mlx5_2
SH-IDCA1404-10-140-54-73:112328:112328 [2] NCCL INFO Comm config Blocking set to 1
SH-IDCA1404-10-140-54-73:112329:112329 [3] NCCL INFO Comm config Blocking set to 1
SH-IDCA1404-10-140-54-35:48326:49244 [6] NCCL INFO NCCL_SOCKET_IFNAME set by environment to bond0
SH-IDCA1404-10-140-54-35:48323:48323 [3] NCCL INFO Comm config Blocking set to 1
SH-IDCA1404-10-140-54-35:48326:49244 [6] NCCL INFO NCCL_IB_HCA set to mlx5_0,mlx5_2
SH-IDCA1404-10-140-54-35:48325:48325 [5] NCCL INFO Comm config Blocking set to 1
SH-IDCA1404-10-140-54-35:48320:49243 [0] NCCL INFO NET/IB : Using [0]mlx5_2:1/IB [RO]; OOB bond0:10.140.54.35<0>
SH-IDCA1404-10-140-54-35:48320:49243 [0] NCCL INFO Using non-device net plugin version 0
SH-IDCA1404-10-140-54-35:48320:49243 [0] NCCL INFO Using network IB
SH-IDCA1404-10-140-54-73:112329:112746 [3] NCCL INFO NCCL_SOCKET_IFNAME set by environment to bond0
SH-IDCA1404-10-140-54-73:112328:112745 [2] NCCL INFO NCCL_SOCKET_IFNAME set by environment to bond0
SH-IDCA1404-10-140-54-73:112329:112746 [3] NCCL INFO NCCL_IB_HCA set to mlx5_0,mlx5_2
SH-IDCA1404-10-140-54-73:112328:112745 [2] NCCL INFO NCCL_IB_HCA set to mlx5_0,mlx5_2
SH-IDCA1404-10-140-54-35:48322:48322 [2] NCCL INFO Comm config Blocking set to 1
SH-IDCA1404-10-140-54-35:48323:49246 [3] NCCL INFO NCCL_SOCKET_IFNAME set by environment to bond0
SH-IDCA1404-10-140-54-35:48323:49246 [3] NCCL INFO NCCL_IB_HCA set to mlx5_0,mlx5_2
SH-IDCA1404-10-140-54-73:112327:112327 [1] NCCL INFO Comm config Blocking set to 1
SH-IDCA1404-10-140-54-35:48326:49244 [6] NCCL INFO NET/IB : Using [0]mlx5_2:1/IB [RO]; OOB bond0:10.140.54.35<0>
SH-IDCA1404-10-140-54-35:48326:49244 [6] NCCL INFO Using non-device net plugin version 0
SH-IDCA1404-10-140-54-35:48326:49244 [6] NCCL INFO Using network IB
SH-IDCA1404-10-140-54-73:112330:112330 [4] NCCL INFO Comm config Blocking set to 1
SH-IDCA1404-10-140-54-35:48325:49247 [5] NCCL INFO NCCL_SOCKET_IFNAME set by environment to bond0
SH-IDCA1404-10-140-54-35:48325:49247 [5] NCCL INFO NCCL_IB_HCA set to mlx5_0,mlx5_2
SH-IDCA1404-10-140-54-73:112333:112333 [7] NCCL INFO Comm config Blocking set to 1
SH-IDCA1404-10-140-54-35:48322:49249 [2] NCCL INFO NCCL_SOCKET_IFNAME set by environment to bond0
SH-IDCA1404-10-140-54-35:48322:49249 [2] NCCL INFO NCCL_IB_HCA set to mlx5_0,mlx5_2
SH-IDCA1404-10-140-54-73:112329:112746 [3] NCCL INFO NET/IB : Using [0]mlx5_2:1/IB [RO]; OOB bond0:10.140.54.73<0>
SH-IDCA1404-10-140-54-73:112328:112745 [2] NCCL INFO NET/IB : Using [0]mlx5_2:1/IB [RO]; OOB bond0:10.140.54.73<0>
SH-IDCA1404-10-140-54-73:112328:112745 [2] NCCL INFO Using non-device net plugin version 0
SH-IDCA1404-10-140-54-73:112329:112746 [3] NCCL INFO Using non-device net plugin version 0
SH-IDCA1404-10-140-54-73:112328:112745 [2] NCCL INFO Using network IB
SH-IDCA1404-10-140-54-73:112329:112746 [3] NCCL INFO Using network IB
SH-IDCA1404-10-140-54-73:112327:112749 [1] NCCL INFO NCCL_SOCKET_IFNAME set by environment to bond0
SH-IDCA1404-10-140-54-35:48323:49246 [3] NCCL INFO NET/IB : Using [0]mlx5_2:1/IB [RO]; OOB bond0:10.140.54.35<0>
SH-IDCA1404-10-140-54-73:112327:112749 [1] NCCL INFO NCCL_IB_HCA set to mlx5_0,mlx5_2
SH-IDCA1404-10-140-54-35:48323:49246 [3] NCCL INFO Using non-device net plugin version 0
SH-IDCA1404-10-140-54-35:48323:49246 [3] NCCL INFO Using network IB
SH-IDCA1404-10-140-54-73:112330:112750 [4] NCCL INFO NCCL_SOCKET_IFNAME set by environment to bond0
SH-IDCA1404-10-140-54-73:112330:112750 [4] NCCL INFO NCCL_IB_HCA set to mlx5_0,mlx5_2
SH-IDCA1404-10-140-54-73:112326:112326 [0] NCCL INFO Comm config Blocking set to 1
SH-IDCA1404-10-140-54-35:48325:49247 [5] NCCL INFO NET/IB : Using [0]mlx5_2:1/IB [RO]; OOB bond0:10.140.54.35<0>
SH-IDCA1404-10-140-54-73:112333:112751 [7] NCCL INFO NCCL_SOCKET_IFNAME set by environment to bond0
SH-IDCA1404-10-140-54-35:48325:49247 [5] NCCL INFO Using non-device net plugin version 0
SH-IDCA1404-10-140-54-35:48325:49247 [5] NCCL INFO Using network IB
SH-IDCA1404-10-140-54-73:112333:112751 [7] NCCL INFO NCCL_IB_HCA set to mlx5_0,mlx5_2
SH-IDCA1404-10-140-54-73:112332:112332 [6] NCCL INFO Comm config Blocking set to 1
SH-IDCA1404-10-140-54-73:112331:112331 [5] NCCL INFO Comm config Blocking set to 1
SH-IDCA1404-10-140-54-35:48322:49249 [2] NCCL INFO NET/IB : Using [0]mlx5_2:1/IB [RO]; OOB bond0:10.140.54.35<0>
SH-IDCA1404-10-140-54-35:48322:49249 [2] NCCL INFO Using non-device net plugin version 0
SH-IDCA1404-10-140-54-35:48322:49249 [2] NCCL INFO Using network IB
SH-IDCA1404-10-140-54-35:48324:48324 [4] NCCL INFO Comm config Blocking set to 1
SH-IDCA1404-10-140-54-73:112330:112750 [4] NCCL INFO NET/IB : Using [0]mlx5_2:1/IB [RO]; OOB bond0:10.140.54.73<0>
SH-IDCA1404-10-140-54-73:112330:112750 [4] NCCL INFO Using non-device net plugin version 0
SH-IDCA1404-10-140-54-73:112330:112750 [4] NCCL INFO Using network IB
SH-IDCA1404-10-140-54-73:112327:112749 [1] NCCL INFO NET/IB : Using [0]mlx5_2:1/IB [RO]; OOB bond0:10.140.54.73<0>
SH-IDCA1404-10-140-54-73:112327:112749 [1] NCCL INFO Using non-device net plugin version 0
SH-IDCA1404-10-140-54-73:112327:112749 [1] NCCL INFO Using network IB
SH-IDCA1404-10-140-54-73:112326:112752 [0] NCCL INFO NCCL_SOCKET_IFNAME set by environment to bond0
SH-IDCA1404-10-140-54-35:48327:48327 [7] NCCL INFO Comm config Blocking set to 1
SH-IDCA1404-10-140-54-73:112326:112752 [0] NCCL INFO NCCL_IB_HCA set to mlx5_0,mlx5_2
SH-IDCA1404-10-140-54-73:112332:112755 [6] NCCL INFO NCCL_SOCKET_IFNAME set by environment to bond0
SH-IDCA1404-10-140-54-73:112331:112756 [5] NCCL INFO NCCL_SOCKET_IFNAME set by environment to bond0
SH-IDCA1404-10-140-54-73:112332:112755 [6] NCCL INFO NCCL_IB_HCA set to mlx5_0,mlx5_2
SH-IDCA1404-10-140-54-73:112331:112756 [5] NCCL INFO NCCL_IB_HCA set to mlx5_0,mlx5_2
SH-IDCA1404-10-140-54-73:112333:112751 [7] NCCL INFO NET/IB : Using [0]mlx5_2:1/IB [RO]; OOB bond0:10.140.54.73<0>
SH-IDCA1404-10-140-54-73:112333:112751 [7] NCCL INFO Using non-device net plugin version 0
SH-IDCA1404-10-140-54-73:112333:112751 [7] NCCL INFO Using network IB
SH-IDCA1404-10-140-54-35:48324:49253 [4] NCCL INFO NCCL_SOCKET_IFNAME set by environment to bond0
SH-IDCA1404-10-140-54-35:48324:49253 [4] NCCL INFO NCCL_IB_HCA set to mlx5_0,mlx5_2
SH-IDCA1404-10-140-54-35:48327:49254 [7] NCCL INFO NCCL_SOCKET_IFNAME set by environment to bond0
SH-IDCA1404-10-140-54-35:48327:49254 [7] NCCL INFO NCCL_IB_HCA set to mlx5_0,mlx5_2
SH-IDCA1404-10-140-54-73:112331:112756 [5] NCCL INFO NET/IB : Using [0]mlx5_2:1/IB [RO]; OOB bond0:10.140.54.73<0>
SH-IDCA1404-10-140-54-73:112331:112756 [5] NCCL INFO Using non-device net plugin version 0
SH-IDCA1404-10-140-54-73:112331:112756 [5] NCCL INFO Using network IB
SH-IDCA1404-10-140-54-73:112326:112752 [0] NCCL INFO NET/IB : Using [0]mlx5_2:1/IB [RO]; OOB bond0:10.140.54.73<0>
SH-IDCA1404-10-140-54-73:112332:112755 [6] NCCL INFO NET/IB : Using [0]mlx5_2:1/IB [RO]; OOB bond0:10.140.54.73<0>
SH-IDCA1404-10-140-54-73:112332:112755 [6] NCCL INFO Using non-device net plugin version 0
SH-IDCA1404-10-140-54-73:112332:112755 [6] NCCL INFO Using network IB
SH-IDCA1404-10-140-54-73:112326:112752 [0] NCCL INFO Using non-device net plugin version 0
SH-IDCA1404-10-140-54-73:112326:112752 [0] NCCL INFO Using network IB
SH-IDCA1404-10-140-54-35:48324:49253 [4] NCCL INFO NET/IB : Using [0]mlx5_2:1/IB [RO]; OOB bond0:10.140.54.35<0>
SH-IDCA1404-10-140-54-35:48324:49253 [4] NCCL INFO Using non-device net plugin version 0
SH-IDCA1404-10-140-54-35:48324:49253 [4] NCCL INFO Using network IB
SH-IDCA1404-10-140-54-35:48327:49254 [7] NCCL INFO NET/IB : Using [0]mlx5_2:1/IB [RO]; OOB bond0:10.140.54.35<0>
SH-IDCA1404-10-140-54-35:48327:49254 [7] NCCL INFO Using non-device net plugin version 0
SH-IDCA1404-10-140-54-35:48327:49254 [7] NCCL INFO Using network IB
SH-IDCA1404-10-140-54-73:112330:112750 [4] NCCL INFO ncclCommInitRank comm 0xb078ab0 rank 12 nranks 16 cudaDev 4 nvmlDev 4 busId 9d000 commId 0xa4b8c0a427982a36 - Init START
SH-IDCA1404-10-140-54-73:112329:112746 [3] NCCL INFO ncclCommInitRank comm 0xb7f6700 rank 11 nranks 16 cudaDev 3 nvmlDev 3 busId 71000 commId 0xa4b8c0a427982a36 - Init START
SH-IDCA1404-10-140-54-35:48327:49254 [7] NCCL INFO ncclCommInitRank comm 0xb867a70 rank 7 nranks 16 cudaDev 7 nvmlDev 7 busId d7000 commId 0xa4b8c0a427982a36 - Init START
SH-IDCA1404-10-140-54-35:48324:49253 [4] NCCL INFO ncclCommInitRank comm 0xc6843a0 rank 4 nranks 16 cudaDev 4 nvmlDev 4 busId 9d000 commId 0xa4b8c0a427982a36 - Init START
SH-IDCA1404-10-140-54-35:48322:49249 [2] NCCL INFO ncclCommInitRank comm 0xc0d86d0 rank 2 nranks 16 cudaDev 2 nvmlDev 2 busId 6b000 commId 0xa4b8c0a427982a36 - Init START
SH-IDCA1404-10-140-54-35:48326:49244 [6] NCCL INFO ncclCommInitRank comm 0x5d9f93a0 rank 6 nranks 16 cudaDev 6 nvmlDev 6 busId d4000 commId 0xa4b8c0a427982a36 - Init START
SH-IDCA1404-10-140-54-35:48323:49246 [3] NCCL INFO ncclCommInitRank comm 0xc258260 rank 3 nranks 16 cudaDev 3 nvmlDev 3 busId 71000 commId 0xa4b8c0a427982a36 - Init START
SH-IDCA1404-10-140-54-35:48321:49241 [1] NCCL INFO ncclCommInitRank comm 0xbdde7f0 rank 1 nranks 16 cudaDev 1 nvmlDev 1 busId 56000 commId 0xa4b8c0a427982a36 - Init START
SH-IDCA1404-10-140-54-35:48320:49243 [0] NCCL INFO ncclCommInitRank comm 0xbe87820 rank 0 nranks 16 cudaDev 0 nvmlDev 0 busId 51000 commId 0xa4b8c0a427982a36 - Init START
SH-IDCA1404-10-140-54-73:112328:112745 [2] NCCL INFO ncclCommInitRank comm 0xa5ded90 rank 10 nranks 16 cudaDev 2 nvmlDev 2 busId 6b000 commId 0xa4b8c0a427982a36 - Init START
SH-IDCA1404-10-140-54-73:112333:112751 [7] NCCL INFO ncclCommInitRank comm 0xc7e48b0 rank 15 nranks 16 cudaDev 7 nvmlDev 7 busId d7000 commId 0xa4b8c0a427982a36 - Init START
SH-IDCA1404-10-140-54-35:48325:49247 [5] NCCL INFO ncclCommInitRank comm 0xbf732e0 rank 5 nranks 16 cudaDev 5 nvmlDev 5 busId a1000 commId 0xa4b8c0a427982a36 - Init START
SH-IDCA1404-10-140-54-73:112326:112752 [0] NCCL INFO ncclCommInitRank comm 0xbe62c50 rank 8 nranks 16 cudaDev 0 nvmlDev 0 busId 51000 commId 0xa4b8c0a427982a36 - Init START
SH-IDCA1404-10-140-54-73:112327:112749 [1] NCCL INFO ncclCommInitRank comm 0x5b7be080 rank 9 nranks 16 cudaDev 1 nvmlDev 1 busId 56000 commId 0xa4b8c0a427982a36 - Init START
SH-IDCA1404-10-140-54-73:112331:112756 [5] NCCL INFO ncclCommInitRank comm 0x5a67a600 rank 13 nranks 16 cudaDev 5 nvmlDev 5 busId a1000 commId 0xa4b8c0a427982a36 - Init START
SH-IDCA1404-10-140-54-73:112332:112755 [6] NCCL INFO ncclCommInitRank comm 0xc54f680 rank 14 nranks 16 cudaDev 6 nvmlDev 6 busId d4000 commId 0xa4b8c0a427982a36 - Init START
SH-IDCA1404-10-140-54-35:48327:49254 [7] NCCL INFO Setting affinity for GPU 7 to ffffffff,00000000,ffffffff,00000000
SH-IDCA1404-10-140-54-35:48321:49241 [1] NCCL INFO Setting affinity for GPU 1 to ffffffff,00000000,ffffffff
SH-IDCA1404-10-140-54-73:112332:112755 [6] NCCL INFO Setting affinity for GPU 6 to ffffffff,00000000,ffffffff,00000000
SH-IDCA1404-10-140-54-35:48326:49244 [6] NCCL INFO Setting affinity for GPU 6 to ffffffff,00000000,ffffffff,00000000
SH-IDCA1404-10-140-54-73:112329:112746 [3] NCCL INFO Setting affinity for GPU 3 to ffffffff,00000000,ffffffff
SH-IDCA1404-10-140-54-73:112331:112756 [5] NCCL INFO Setting affinity for GPU 5 to ffffffff,00000000,ffffffff,00000000
SH-IDCA1404-10-140-54-35:48323:49246 [3] NCCL INFO Setting affinity for GPU 3 to ffffffff,00000000,ffffffff
SH-IDCA1404-10-140-54-35:48320:49243 [0] NCCL INFO Setting affinity for GPU 0 to ffffffff,00000000,ffffffff
SH-IDCA1404-10-140-54-73:112328:112745 [2] NCCL INFO Setting affinity for GPU 2 to ffffffff,00000000,ffffffff
SH-IDCA1404-10-140-54-73:112333:112751 [7] NCCL INFO Setting affinity for GPU 7 to ffffffff,00000000,ffffffff,00000000
SH-IDCA1404-10-140-54-35:48322:49249 [2] NCCL INFO Setting affinity for GPU 2 to ffffffff,00000000,ffffffff
SH-IDCA1404-10-140-54-73:112327:112749 [1] NCCL INFO Setting affinity for GPU 1 to ffffffff,00000000,ffffffff
SH-IDCA1404-10-140-54-73:112326:112752 [0] NCCL INFO Setting affinity for GPU 0 to ffffffff,00000000,ffffffff
SH-IDCA1404-10-140-54-73:112330:112750 [4] NCCL INFO Setting affinity for GPU 4 to ffffffff,00000000,ffffffff,00000000
SH-IDCA1404-10-140-54-35:48325:49247 [5] NCCL INFO Setting affinity for GPU 5 to ffffffff,00000000,ffffffff,00000000
SH-IDCA1404-10-140-54-35:48324:49253 [4] NCCL INFO Setting affinity for GPU 4 to ffffffff,00000000,ffffffff,00000000
SH-IDCA1404-10-140-54-35:48327:49254 [7] NCCL INFO comm 0xb867a70 rank 7 nRanks 16 nNodes 2 localRanks 8 localRank 7 MNNVL 0
SH-IDCA1404-10-140-54-35:48326:49244 [6] NCCL INFO comm 0x5d9f93a0 rank 6 nRanks 16 nNodes 2 localRanks 8 localRank 6 MNNVL 0
SH-IDCA1404-10-140-54-35:48324:49253 [4] NCCL INFO comm 0xc6843a0 rank 4 nRanks 16 nNodes 2 localRanks 8 localRank 4 MNNVL 0
SH-IDCA1404-10-140-54-35:48325:49247 [5] NCCL INFO comm 0xbf732e0 rank 5 nRanks 16 nNodes 2 localRanks 8 localRank 5 MNNVL 0
SH-IDCA1404-10-140-54-35:48323:49246 [3] NCCL INFO comm 0xc258260 rank 3 nRanks 16 nNodes 2 localRanks 8 localRank 3 MNNVL 0
SH-IDCA1404-10-140-54-35:48327:49254 [7] NCCL INFO Trees [0] -1/-1/-1->7->6 [1] -1/-1/-1->7->6
SH-IDCA1404-10-140-54-35:48327:49254 [7] NCCL INFO P2P Chunksize set to 131072
SH-IDCA1404-10-140-54-35:48324:49253 [4] NCCL INFO Trees [0] 5/-1/-1->4->3 [1] 5/-1/-1->4->3
SH-IDCA1404-10-140-54-35:48322:49249 [2] NCCL INFO comm 0xc0d86d0 rank 2 nRanks 16 nNodes 2 localRanks 8 localRank 2 MNNVL 0
SH-IDCA1404-10-140-54-35:48324:49253 [4] NCCL INFO P2P Chunksize set to 131072
SH-IDCA1404-10-140-54-73:112333:112751 [7] NCCL INFO comm 0xc7e48b0 rank 15 nRanks 16 nNodes 2 localRanks 8 localRank 7 MNNVL 0
SH-IDCA1404-10-140-54-73:112332:112755 [6] NCCL INFO comm 0xc54f680 rank 14 nRanks 16 nNodes 2 localRanks 8 localRank 6 MNNVL 0
SH-IDCA1404-10-140-54-73:112331:112756 [5] NCCL INFO comm 0x5a67a600 rank 13 nRanks 16 nNodes 2 localRanks 8 localRank 5 MNNVL 0
SH-IDCA1404-10-140-54-73:112330:112750 [4] NCCL INFO comm 0xb078ab0 rank 12 nRanks 16 nNodes 2 localRanks 8 localRank 4 MNNVL 0
SH-IDCA1404-10-140-54-73:112328:112745 [2] NCCL INFO comm 0xa5ded90 rank 10 nRanks 16 nNodes 2 localRanks 8 localRank 2 MNNVL 0
SH-IDCA1404-10-140-54-73:112329:112746 [3] NCCL INFO comm 0xb7f6700 rank 11 nRanks 16 nNodes 2 localRanks 8 localRank 3 MNNVL 0
SH-IDCA1404-10-140-54-73:112327:112749 [1] NCCL INFO comm 0x5b7be080 rank 9 nRanks 16 nNodes 2 localRanks 8 localRank 1 MNNVL 0
SH-IDCA1404-10-140-54-35:48325:49247 [5] NCCL INFO Trees [0] 6/-1/-1->5->4 [1] 6/-1/-1->5->4
SH-IDCA1404-10-140-54-35:48323:49246 [3] NCCL INFO Trees [0] 4/-1/-1->3->2 [1] 4/-1/-1->3->2
SH-IDCA1404-10-140-54-35:48325:49247 [5] NCCL INFO P2P Chunksize set to 131072
SH-IDCA1404-10-140-54-35:48326:49244 [6] NCCL INFO Trees [0] 7/-1/-1->6->5 [1] 7/-1/-1->6->5
SH-IDCA1404-10-140-54-35:48323:49246 [3] NCCL INFO P2P Chunksize set to 131072
SH-IDCA1404-10-140-54-35:48326:49244 [6] NCCL INFO P2P Chunksize set to 131072
SH-IDCA1404-10-140-54-35:48322:49249 [2] NCCL INFO Trees [0] 3/-1/-1->2->1 [1] 3/-1/-1->2->1
SH-IDCA1404-10-140-54-35:48322:49249 [2] NCCL INFO P2P Chunksize set to 131072
SH-IDCA1404-10-140-54-35:48321:49241 [1] NCCL INFO comm 0xbdde7f0 rank 1 nRanks 16 nNodes 2 localRanks 8 localRank 1 MNNVL 0
SH-IDCA1404-10-140-54-73:112326:112752 [0] NCCL INFO comm 0xbe62c50 rank 8 nRanks 16 nNodes 2 localRanks 8 localRank 0 MNNVL 0
SH-IDCA1404-10-140-54-35:48320:49243 [0] NCCL INFO comm 0xbe87820 rank 0 nRanks 16 nNodes 2 localRanks 8 localRank 0 MNNVL 0
SH-IDCA1404-10-140-54-73:112333:112751 [7] NCCL INFO Trees [0] -1/-1/-1->15->14 [1] -1/-1/-1->15->14
SH-IDCA1404-10-140-54-73:112333:112751 [7] NCCL INFO P2P Chunksize set to 131072
SH-IDCA1404-10-140-54-73:112330:112750 [4] NCCL INFO Trees [0] 13/-1/-1->12->11 [1] 13/-1/-1->12->11
SH-IDCA1404-10-140-54-73:112328:112745 [2] NCCL INFO Trees [0] 11/-1/-1->10->9 [1] 11/-1/-1->10->9
SH-IDCA1404-10-140-54-73:112327:112749 [1] NCCL INFO Trees [0] 10/-1/-1->9->8 [1] 10/-1/-1->9->8
SH-IDCA1404-10-140-54-73:112329:112746 [3] NCCL INFO Trees [0] 12/-1/-1->11->10 [1] 12/-1/-1->11->10
SH-IDCA1404-10-140-54-73:112326:112752 [0] NCCL INFO Trees [0] 9/-1/-1->8->0 [1] 9/0/-1->8->-1
SH-IDCA1404-10-140-54-73:112330:112750 [4] NCCL INFO P2P Chunksize set to 131072
SH-IDCA1404-10-140-54-73:112328:112745 [2] NCCL INFO P2P Chunksize set to 131072
SH-IDCA1404-10-140-54-73:112331:112756 [5] NCCL INFO Trees [0] 14/-1/-1->13->12 [1] 14/-1/-1->13->12
SH-IDCA1404-10-140-54-73:112329:112746 [3] NCCL INFO P2P Chunksize set to 131072
SH-IDCA1404-10-140-54-35:48321:49241 [1] NCCL INFO Trees [0] 2/-1/-1->1->0 [1] 2/-1/-1->1->0
SH-IDCA1404-10-140-54-35:48321:49241 [1] NCCL INFO P2P Chunksize set to 131072
SH-IDCA1404-10-140-54-73:112327:112749 [1] NCCL INFO P2P Chunksize set to 131072
SH-IDCA1404-10-140-54-73:112326:112752 [0] NCCL INFO P2P Chunksize set to 131072
SH-IDCA1404-10-140-54-73:112332:112755 [6] NCCL INFO Trees [0] 15/-1/-1->14->13 [1] 15/-1/-1->14->13
SH-IDCA1404-10-140-54-73:112331:112756 [5] NCCL INFO P2P Chunksize set to 131072
SH-IDCA1404-10-140-54-35:48320:49243 [0] NCCL INFO Channel 00/02 :    0   7   6   5   4   3   2   1   8  15  14  13  12  11  10   9
SH-IDCA1404-10-140-54-73:112332:112755 [6] NCCL INFO P2P Chunksize set to 131072
SH-IDCA1404-10-140-54-35:48320:49243 [0] NCCL INFO Channel 01/02 :    0   7   6   5   4   3   2   1   8  15  14  13  12  11  10   9
SH-IDCA1404-10-140-54-73:112330:112750 [4] NCCL INFO Channel 00/0 : 12[4] -> 11[3] via P2P/IPC/read
SH-IDCA1404-10-140-54-35:48320:49243 [0] NCCL INFO Trees [0] 1/8/-1->0->-1 [1] 1/-1/-1->0->8
SH-IDCA1404-10-140-54-35:48320:49243 [0] NCCL INFO P2P Chunksize set to 131072
SH-IDCA1404-10-140-54-73:112331:112756 [5] NCCL INFO Channel 00/0 : 13[5] -> 12[4] via P2P/IPC/read
SH-IDCA1404-10-140-54-35:48324:49253 [4] NCCL INFO Channel 00/0 : 4[4] -> 3[3] via P2P/IPC/read
SH-IDCA1404-10-140-54-73:112327:112749 [1] NCCL INFO Channel 00/0 : 9[1] -> 0[0] [send] via NET/IB/0/GDRDMA
SH-IDCA1404-10-140-54-35:48323:49246 [3] NCCL INFO Channel 00/0 : 3[3] -> 2[2] via P2P/IPC/read
SH-IDCA1404-10-140-54-73:112326:112752 [0] NCCL INFO Channel 00/0 : 1[1] -> 8[0] [receive] via NET/IB/0/GDRDMA
SH-IDCA1404-10-140-54-35:48325:49247 [5] NCCL INFO Channel 00/0 : 5[5] -> 4[4] via P2P/IPC/read
SH-IDCA1404-10-140-54-73:112327:112749 [1] NCCL INFO Channel 01/0 : 9[1] -> 0[0] [send] via NET/IB/0/GDRDMA
SH-IDCA1404-10-140-54-35:48322:49249 [2] NCCL INFO Channel 00/0 : 2[2] -> 1[1] via P2P/IPC/read
SH-IDCA1404-10-140-54-73:112326:112752 [0] NCCL INFO Channel 01/0 : 1[1] -> 8[0] [receive] via NET/IB/0/GDRDMA
SH-IDCA1404-10-140-54-35:48326:49244 [6] NCCL INFO Channel 00/0 : 6[6] -> 5[5] via P2P/IPC/read
SH-IDCA1404-10-140-54-73:112326:112752 [0] NCCL INFO Channel 00/0 : 8[0] -> 15[7] via P2P/IPC/read
SH-IDCA1404-10-140-54-35:48324:49253 [4] NCCL INFO Channel 01/0 : 4[4] -> 3[3] via P2P/IPC/read
SH-IDCA1404-10-140-54-73:112332:112755 [6] NCCL INFO Channel 00/0 : 14[6] -> 13[5] via P2P/IPC/read
SH-IDCA1404-10-140-54-35:48323:49246 [3] NCCL INFO Channel 01/0 : 3[3] -> 2[2] via P2P/IPC/read
SH-IDCA1404-10-140-54-35:48325:49247 [5] NCCL INFO Channel 01/0 : 5[5] -> 4[4] via P2P/IPC/read
SH-IDCA1404-10-140-54-73:112330:112750 [4] NCCL INFO Channel 01/0 : 12[4] -> 11[3] via P2P/IPC/read
SH-IDCA1404-10-140-54-35:48322:49249 [2] NCCL INFO Channel 01/0 : 2[2] -> 1[1] via P2P/IPC/read
SH-IDCA1404-10-140-54-73:112331:112756 [5] NCCL INFO Channel 01/0 : 13[5] -> 12[4] via P2P/IPC/read
SH-IDCA1404-10-140-54-35:48326:49244 [6] NCCL INFO Channel 01/0 : 6[6] -> 5[5] via P2P/IPC/read
SH-IDCA1404-10-140-54-73:112332:112755 [6] NCCL INFO Channel 01/0 : 14[6] -> 13[5] via P2P/IPC/read
SH-IDCA1404-10-140-54-35:48321:49241 [1] NCCL INFO Channel 00/0 : 1[1] -> 8[0] [send] via NET/IB/0/GDRDMA
SH-IDCA1404-10-140-54-73:112326:112752 [0] NCCL INFO Channel 01/0 : 8[0] -> 15[7] via P2P/IPC/read
SH-IDCA1404-10-140-54-35:48321:49241 [1] NCCL INFO Channel 01/0 : 1[1] -> 8[0] [send] via NET/IB/0/GDRDMA
SH-IDCA1404-10-140-54-73:112328:112745 [2] NCCL INFO Channel 00/0 : 10[2] -> 9[1] via P2P/IPC/read
SH-IDCA1404-10-140-54-35:48320:49243 [0] NCCL INFO Channel 00/0 : 9[1] -> 0[0] [receive] via NET/IB/0/GDRDMA
SH-IDCA1404-10-140-54-73:112333:112751 [7] NCCL INFO Channel 00/0 : 15[7] -> 14[6] via P2P/IPC/read
SH-IDCA1404-10-140-54-35:48320:49243 [0] NCCL INFO Channel 01/0 : 9[1] -> 0[0] [receive] via NET/IB/0/GDRDMA
SH-IDCA1404-10-140-54-73:112329:112746 [3] NCCL INFO Channel 00/0 : 11[3] -> 10[2] via P2P/IPC/read
SH-IDCA1404-10-140-54-35:48320:49243 [0] NCCL INFO Channel 00/0 : 0[0] -> 7[7] via P2P/IPC/read
SH-IDCA1404-10-140-54-73:112328:112745 [2] NCCL INFO Channel 01/0 : 10[2] -> 9[1] via P2P/IPC/read
SH-IDCA1404-10-140-54-35:48320:49243 [0] NCCL INFO Channel 01/0 : 0[0] -> 7[7] via P2P/IPC/read
SH-IDCA1404-10-140-54-73:112333:112751 [7] NCCL INFO Channel 01/0 : 15[7] -> 14[6] via P2P/IPC/read
SH-IDCA1404-10-140-54-35:48324:49253 [4] NCCL INFO Connected all rings
SH-IDCA1404-10-140-54-73:112329:112746 [3] NCCL INFO Channel 01/0 : 11[3] -> 10[2] via P2P/IPC/read
SH-IDCA1404-10-140-54-35:48327:49254 [7] NCCL INFO Channel 00/0 : 7[7] -> 6[6] via P2P/IPC/read
SH-IDCA1404-10-140-54-73:112331:112756 [5] NCCL INFO Connected all rings
SH-IDCA1404-10-140-54-35:48327:49254 [7] NCCL INFO Channel 01/0 : 7[7] -> 6[6] via P2P/IPC/read
SH-IDCA1404-10-140-54-73:112330:112750 [4] NCCL INFO Connected all rings
SH-IDCA1404-10-140-54-35:48324:49253 [4] NCCL INFO Channel 00/0 : 4[4] -> 5[5] via P2P/IPC/read
SH-IDCA1404-10-140-54-73:112331:112756 [5] NCCL INFO Channel 00/0 : 13[5] -> 14[6] via P2P/IPC/read
SH-IDCA1404-10-140-54-35:48323:49246 [3] NCCL INFO Connected all rings
SH-IDCA1404-10-140-54-73:112330:112750 [4] NCCL INFO Channel 00/0 : 12[4] -> 13[5] via P2P/IPC/read
SH-IDCA1404-10-140-54-35:48324:49253 [4] NCCL INFO Channel 01/0 : 4[4] -> 5[5] via P2P/IPC/read
SH-IDCA1404-10-140-54-73:112331:112756 [5] NCCL INFO Channel 01/0 : 13[5] -> 14[6] via P2P/IPC/read
SH-IDCA1404-10-140-54-35:48323:49246 [3] NCCL INFO Channel 00/0 : 3[3] -> 4[4] via P2P/IPC/read
SH-IDCA1404-10-140-54-73:112330:112750 [4] NCCL INFO Channel 01/0 : 12[4] -> 13[5] via P2P/IPC/read
SH-IDCA1404-10-140-54-35:48325:49247 [5] NCCL INFO Connected all rings
SH-IDCA1404-10-140-54-73:112329:112746 [3] NCCL INFO Connected all rings
SH-IDCA1404-10-140-54-35:48323:49246 [3] NCCL INFO Channel 01/0 : 3[3] -> 4[4] via P2P/IPC/read
SH-IDCA1404-10-140-54-73:112329:112746 [3] NCCL INFO Channel 00/0 : 11[3] -> 12[4] via P2P/IPC/read
SH-IDCA1404-10-140-54-35:48325:49247 [5] NCCL INFO Channel 00/0 : 5[5] -> 6[6] via P2P/IPC/read
SH-IDCA1404-10-140-54-73:112329:112746 [3] NCCL INFO Channel 01/0 : 11[3] -> 12[4] via P2P/IPC/read
SH-IDCA1404-10-140-54-35:48325:49247 [5] NCCL INFO Channel 01/0 : 5[5] -> 6[6] via P2P/IPC/read
SH-IDCA1404-10-140-54-73:112332:112755 [6] NCCL INFO Connected all rings
SH-IDCA1404-10-140-54-73:112333:112751 [7] NCCL INFO Connected all rings
SH-IDCA1404-10-140-54-35:48321:49241 [1] NCCL INFO Connected all rings
SH-IDCA1404-10-140-54-73:112332:112755 [6] NCCL INFO Channel 00/0 : 14[6] -> 15[7] via P2P/IPC/read
SH-IDCA1404-10-140-54-35:48322:49249 [2] NCCL INFO Connected all rings
SH-IDCA1404-10-140-54-73:112332:112755 [6] NCCL INFO Channel 01/0 : 14[6] -> 15[7] via P2P/IPC/read
SH-IDCA1404-10-140-54-35:48321:49241 [1] NCCL INFO Channel 00/0 : 1[1] -> 2[2] via P2P/IPC/read
SH-IDCA1404-10-140-54-73:112333:112751 [7] NCCL INFO Connected all trees
SH-IDCA1404-10-140-54-35:48322:49249 [2] NCCL INFO Channel 00/0 : 2[2] -> 3[3] via P2P/IPC/read
SH-IDCA1404-10-140-54-73:112333:112751 [7] NCCL INFO threadThresholds 8/8/64 | 128/8/64 | 512 | 512
SH-IDCA1404-10-140-54-73:112333:112751 [7] NCCL INFO 2 coll channels, 2 collnet channels, 0 nvls channels, 2 p2p channels, 1 p2p channels per peer
SH-IDCA1404-10-140-54-35:48321:49241 [1] NCCL INFO Channel 01/0 : 1[1] -> 2[2] via P2P/IPC/read
SH-IDCA1404-10-140-54-73:112331:112756 [5] NCCL INFO Connected all trees
SH-IDCA1404-10-140-54-35:48322:49249 [2] NCCL INFO Channel 01/0 : 2[2] -> 3[3] via P2P/IPC/read
SH-IDCA1404-10-140-54-73:112332:112755 [6] NCCL INFO Connected all trees
SH-IDCA1404-10-140-54-73:112331:112756 [5] NCCL INFO threadThresholds 8/8/64 | 128/8/64 | 512 | 512
SH-IDCA1404-10-140-54-73:112331:112756 [5] NCCL INFO 2 coll channels, 2 collnet channels, 0 nvls channels, 2 p2p channels, 1 p2p channels per peer
SH-IDCA1404-10-140-54-73:112332:112755 [6] NCCL INFO threadThresholds 8/8/64 | 128/8/64 | 512 | 512
SH-IDCA1404-10-140-54-73:112332:112755 [6] NCCL INFO 2 coll channels, 2 collnet channels, 0 nvls channels, 2 p2p channels, 1 p2p channels per peer
SH-IDCA1404-10-140-54-73:112326:112752 [0] NCCL INFO Connected all rings
SH-IDCA1404-10-140-54-35:48323:49246 [3] NCCL INFO Connected all trees
SH-IDCA1404-10-140-54-73:112326:112752 [0] NCCL INFO Channel 00/0 : 8[0] -> 9[1] via P2P/IPC/read
SH-IDCA1404-10-140-54-35:48323:49246 [3] NCCL INFO threadThresholds 8/8/64 | 128/8/64 | 512 | 512
SH-IDCA1404-10-140-54-35:48323:49246 [3] NCCL INFO 2 coll channels, 2 collnet channels, 0 nvls channels, 2 p2p channels, 1 p2p channels per peer
SH-IDCA1404-10-140-54-73:112326:112752 [0] NCCL INFO Channel 01/0 : 8[0] -> 9[1] via P2P/IPC/read
SH-IDCA1404-10-140-54-35:48326:49244 [6] NCCL INFO Connected all rings
SH-IDCA1404-10-140-54-35:48327:49254 [7] NCCL INFO Connected all rings
SH-IDCA1404-10-140-54-35:48320:49243 [0] NCCL INFO Connected all rings
SH-IDCA1404-10-140-54-73:112327:112749 [1] NCCL INFO Connected all rings
SH-IDCA1404-10-140-54-73:112328:112745 [2] NCCL INFO Connected all rings
SH-IDCA1404-10-140-54-35:48320:49243 [0] NCCL INFO Channel 00/0 : 0[0] -> 1[1] via P2P/IPC/read
SH-IDCA1404-10-140-54-73:112328:112745 [2] NCCL INFO Channel 00/0 : 10[2] -> 11[3] via P2P/IPC/read
SH-IDCA1404-10-140-54-35:48320:49243 [0] NCCL INFO Channel 01/0 : 0[0] -> 1[1] via P2P/IPC/read
SH-IDCA1404-10-140-54-73:112327:112749 [1] NCCL INFO Channel 00/0 : 9[1] -> 10[2] via P2P/IPC/read
SH-IDCA1404-10-140-54-35:48326:49244 [6] NCCL INFO Channel 00/0 : 6[6] -> 7[7] via P2P/IPC/read
SH-IDCA1404-10-140-54-73:112328:112745 [2] NCCL INFO Channel 01/0 : 10[2] -> 11[3] via P2P/IPC/read
SH-IDCA1404-10-140-54-35:48321:49241 [1] NCCL INFO Channel 00/0 : 1[1] -> 0[0] via P2P/IPC/read
SH-IDCA1404-10-140-54-73:112327:112749 [1] NCCL INFO Channel 01/0 : 9[1] -> 10[2] via P2P/IPC/read
SH-IDCA1404-10-140-54-35:48320:49243 [0] NCCL INFO Channel 00/0 : 8[0] -> 0[0] [receive] via NET/IB/0/GDRDMA
SH-IDCA1404-10-140-54-35:48326:49244 [6] NCCL INFO Channel 01/0 : 6[6] -> 7[7] via P2P/IPC/read
SH-IDCA1404-10-140-54-73:112327:112749 [1] NCCL INFO Channel 00/0 : 9[1] -> 8[0] via P2P/IPC/read
SH-IDCA1404-10-140-54-35:48320:49243 [0] NCCL INFO Channel 01/0 : 8[0] -> 0[0] [receive] via NET/IB/0/GDRDMA
SH-IDCA1404-10-140-54-73:112326:112752 [0] NCCL INFO Channel 00/0 : 0[0] -> 8[0] [receive] via NET/IB/0/GDRDMA
SH-IDCA1404-10-140-54-35:48320:49243 [0] NCCL INFO Channel 00/0 : 0[0] -> 8[0] [send] via NET/IB/0/GDRDMA
SH-IDCA1404-10-140-54-73:112326:112752 [0] NCCL INFO Channel 01/0 : 0[0] -> 8[0] [receive] via NET/IB/0/GDRDMA
SH-IDCA1404-10-140-54-35:48320:49243 [0] NCCL INFO Channel 01/0 : 0[0] -> 8[0] [send] via NET/IB/0/GDRDMA
SH-IDCA1404-10-140-54-73:112326:112752 [0] NCCL INFO Channel 00/0 : 8[0] -> 0[0] [send] via NET/IB/0/GDRDMA
SH-IDCA1404-10-140-54-35:48321:49241 [1] NCCL INFO Channel 01/0 : 1[1] -> 0[0] via P2P/IPC/read
SH-IDCA1404-10-140-54-73:112326:112752 [0] NCCL INFO Channel 01/0 : 8[0] -> 0[0] [send] via NET/IB/0/GDRDMA
SH-IDCA1404-10-140-54-35:48324:49253 [4] NCCL INFO Connected all trees
SH-IDCA1404-10-140-54-73:112327:112749 [1] NCCL INFO Channel 01/0 : 9[1] -> 8[0] via P2P/IPC/read
SH-IDCA1404-10-140-54-35:48324:49253 [4] NCCL INFO threadThresholds 8/8/64 | 128/8/64 | 512 | 512
SH-IDCA1404-10-140-54-35:48324:49253 [4] NCCL INFO 2 coll channels, 2 collnet channels, 0 nvls channels, 2 p2p channels, 1 p2p channels per peer
SH-IDCA1404-10-140-54-73:112330:112750 [4] NCCL INFO Connected all trees
SH-IDCA1404-10-140-54-35:48327:49254 [7] NCCL INFO Connected all trees
SH-IDCA1404-10-140-54-73:112330:112750 [4] NCCL INFO threadThresholds 8/8/64 | 128/8/64 | 512 | 512
SH-IDCA1404-10-140-54-73:112330:112750 [4] NCCL INFO 2 coll channels, 2 collnet channels, 0 nvls channels, 2 p2p channels, 1 p2p channels per peer
SH-IDCA1404-10-140-54-35:48327:49254 [7] NCCL INFO threadThresholds 8/8/64 | 128/8/64 | 512 | 512
SH-IDCA1404-10-140-54-35:48327:49254 [7] NCCL INFO 2 coll channels, 2 collnet channels, 0 nvls channels, 2 p2p channels, 1 p2p channels per peer
SH-IDCA1404-10-140-54-73:112329:112746 [3] NCCL INFO Connected all trees
SH-IDCA1404-10-140-54-35:48325:49247 [5] NCCL INFO Connected all trees
SH-IDCA1404-10-140-54-73:112329:112746 [3] NCCL INFO threadThresholds 8/8/64 | 128/8/64 | 512 | 512
SH-IDCA1404-10-140-54-73:112329:112746 [3] NCCL INFO 2 coll channels, 2 collnet channels, 0 nvls channels, 2 p2p channels, 1 p2p channels per peer
SH-IDCA1404-10-140-54-35:48326:49244 [6] NCCL INFO Connected all trees
SH-IDCA1404-10-140-54-35:48325:49247 [5] NCCL INFO threadThresholds 8/8/64 | 128/8/64 | 512 | 512
SH-IDCA1404-10-140-54-35:48325:49247 [5] NCCL INFO 2 coll channels, 2 collnet channels, 0 nvls channels, 2 p2p channels, 1 p2p channels per peer
SH-IDCA1404-10-140-54-73:112328:112745 [2] NCCL INFO Connected all trees
SH-IDCA1404-10-140-54-35:48326:49244 [6] NCCL INFO threadThresholds 8/8/64 | 128/8/64 | 512 | 512
SH-IDCA1404-10-140-54-35:48326:49244 [6] NCCL INFO 2 coll channels, 2 collnet channels, 0 nvls channels, 2 p2p channels, 1 p2p channels per peer
SH-IDCA1404-10-140-54-73:112328:112745 [2] NCCL INFO threadThresholds 8/8/64 | 128/8/64 | 512 | 512
SH-IDCA1404-10-140-54-73:112328:112745 [2] NCCL INFO 2 coll channels, 2 collnet channels, 0 nvls channels, 2 p2p channels, 1 p2p channels per peer
SH-IDCA1404-10-140-54-35:48322:49249 [2] NCCL INFO Connected all trees
SH-IDCA1404-10-140-54-35:48322:49249 [2] NCCL INFO threadThresholds 8/8/64 | 128/8/64 | 512 | 512
SH-IDCA1404-10-140-54-35:48322:49249 [2] NCCL INFO 2 coll channels, 2 collnet channels, 0 nvls channels, 2 p2p channels, 1 p2p channels per peer
SH-IDCA1404-10-140-54-73:112327:112749 [1] NCCL INFO Connected all trees
SH-IDCA1404-10-140-54-73:112326:112752 [0] NCCL INFO Connected all trees
SH-IDCA1404-10-140-54-35:48321:49241 [1] NCCL INFO Connected all trees
SH-IDCA1404-10-140-54-73:112327:112749 [1] NCCL INFO threadThresholds 8/8/64 | 128/8/64 | 512 | 512
SH-IDCA1404-10-140-54-73:112326:112752 [0] NCCL INFO threadThresholds 8/8/64 | 128/8/64 | 512 | 512
SH-IDCA1404-10-140-54-73:112327:112749 [1] NCCL INFO 2 coll channels, 2 collnet channels, 0 nvls channels, 2 p2p channels, 1 p2p channels per peer
SH-IDCA1404-10-140-54-73:112326:112752 [0] NCCL INFO 2 coll channels, 2 collnet channels, 0 nvls channels, 2 p2p channels, 1 p2p channels per peer
SH-IDCA1404-10-140-54-35:48320:49243 [0] NCCL INFO Connected all trees
SH-IDCA1404-10-140-54-35:48321:49241 [1] NCCL INFO threadThresholds 8/8/64 | 128/8/64 | 512 | 512
SH-IDCA1404-10-140-54-35:48321:49241 [1] NCCL INFO 2 coll channels, 2 collnet channels, 0 nvls channels, 2 p2p channels, 1 p2p channels per peer
SH-IDCA1404-10-140-54-35:48320:49243 [0] NCCL INFO threadThresholds 8/8/64 | 128/8/64 | 512 | 512
SH-IDCA1404-10-140-54-35:48320:49243 [0] NCCL INFO 2 coll channels, 2 collnet channels, 0 nvls channels, 2 p2p channels, 1 p2p channels per peer
SH-IDCA1404-10-140-54-73:112330:112750 [4] NCCL INFO TUNER/Plugin: Plugin load returned 11 : libnccl-net.so: cannot open shared object file: No such file or directory : when loading libnccl-tuner.so
SH-IDCA1404-10-140-54-73:112330:112750 [4] NCCL INFO TUNER/Plugin: Using internal tuner plugin.
SH-IDCA1404-10-140-54-73:112330:112750 [4] NCCL INFO ncclCommInitRank comm 0xb078ab0 rank 12 nranks 16 cudaDev 4 nvmlDev 4 busId 9d000 commId 0xa4b8c0a427982a36 - Init COMPLETE
SH-IDCA1404-10-140-54-73:112332:112755 [6] NCCL INFO TUNER/Plugin: Plugin load returned 11 : libnccl-net.so: cannot open shared object file: No such file or directory : when loading libnccl-tuner.so
SH-IDCA1404-10-140-54-73:112332:112755 [6] NCCL INFO TUNER/Plugin: Using internal tuner plugin.
SH-IDCA1404-10-140-54-73:112332:112755 [6] NCCL INFO ncclCommInitRank comm 0xc54f680 rank 14 nranks 16 cudaDev 6 nvmlDev 6 busId d4000 commId 0xa4b8c0a427982a36 - Init COMPLETE
SH-IDCA1404-10-140-54-73:112329:112746 [3] NCCL INFO TUNER/Plugin: Plugin load returned 11 : libnccl-net.so: cannot open shared object file: No such file or directory : when loading libnccl-tuner.so
SH-IDCA1404-10-140-54-73:112329:112746 [3] NCCL INFO TUNER/Plugin: Using internal tuner plugin.
SH-IDCA1404-10-140-54-73:112329:112746 [3] NCCL INFO ncclCommInitRank comm 0xb7f6700 rank 11 nranks 16 cudaDev 3 nvmlDev 3 busId 71000 commId 0xa4b8c0a427982a36 - Init COMPLETE
SH-IDCA1404-10-140-54-73:112326:112752 [0] NCCL INFO TUNER/Plugin: Plugin load returned 11 : libnccl-net.so: cannot open shared object file: No such file or directory : when loading libnccl-tuner.so
SH-IDCA1404-10-140-54-73:112326:112752 [0] NCCL INFO TUNER/Plugin: Using internal tuner plugin.
SH-IDCA1404-10-140-54-73:112326:112752 [0] NCCL INFO ncclCommInitRank comm 0xbe62c50 rank 8 nranks 16 cudaDev 0 nvmlDev 0 busId 51000 commId 0xa4b8c0a427982a36 - Init COMPLETE
SH-IDCA1404-10-140-54-73:112328:112745 [2] NCCL INFO TUNER/Plugin: Plugin load returned 11 : libnccl-net.so: cannot open shared object file: No such file or directory : when loading libnccl-tuner.so
SH-IDCA1404-10-140-54-73:112328:112745 [2] NCCL INFO TUNER/Plugin: Using internal tuner plugin.
SH-IDCA1404-10-140-54-73:112328:112745 [2] NCCL INFO ncclCommInitRank comm 0xa5ded90 rank 10 nranks 16 cudaDev 2 nvmlDev 2 busId 6b000 commId 0xa4b8c0a427982a36 - Init COMPLETE
SH-IDCA1404-10-140-54-73:112333:112751 [7] NCCL INFO TUNER/Plugin: Plugin load returned 11 : libnccl-net.so: cannot open shared object file: No such file or directory : when loading libnccl-tuner.so
SH-IDCA1404-10-140-54-73:112333:112751 [7] NCCL INFO TUNER/Plugin: Using internal tuner plugin.
SH-IDCA1404-10-140-54-73:112333:112751 [7] NCCL INFO ncclCommInitRank comm 0xc7e48b0 rank 15 nranks 16 cudaDev 7 nvmlDev 7 busId d7000 commId 0xa4b8c0a427982a36 - Init COMPLETE
SH-IDCA1404-10-140-54-73:112327:112749 [1] NCCL INFO TUNER/Plugin: Plugin load returned 11 : libnccl-net.so: cannot open shared object file: No such file or directory : when loading libnccl-tuner.so
SH-IDCA1404-10-140-54-73:112327:112749 [1] NCCL INFO TUNER/Plugin: Using internal tuner plugin.
SH-IDCA1404-10-140-54-73:112327:112749 [1] NCCL INFO ncclCommInitRank comm 0x5b7be080 rank 9 nranks 16 cudaDev 1 nvmlDev 1 busId 56000 commId 0xa4b8c0a427982a36 - Init COMPLETE
SH-IDCA1404-10-140-54-73:112331:112756 [5] NCCL INFO TUNER/Plugin: Plugin load returned 11 : libnccl-net.so: cannot open shared object file: No such file or directory : when loading libnccl-tuner.so
SH-IDCA1404-10-140-54-73:112331:112756 [5] NCCL INFO TUNER/Plugin: Using internal tuner plugin.
SH-IDCA1404-10-140-54-73:112331:112756 [5] NCCL INFO ncclCommInitRank comm 0x5a67a600 rank 13 nranks 16 cudaDev 5 nvmlDev 5 busId a1000 commId 0xa4b8c0a427982a36 - Init COMPLETE
SH-IDCA1404-10-140-54-35:48321:49241 [1] NCCL INFO TUNER/Plugin: Plugin load returned 11 : libnccl-net.so: cannot open shared object file: No such file or directory : when loading libnccl-tuner.so
SH-IDCA1404-10-140-54-35:48321:49241 [1] NCCL INFO TUNER/Plugin: Using internal tuner plugin.
SH-IDCA1404-10-140-54-35:48321:49241 [1] NCCL INFO ncclCommInitRank comm 0xbdde7f0 rank 1 nranks 16 cudaDev 1 nvmlDev 1 busId 56000 commId 0xa4b8c0a427982a36 - Init COMPLETE
SH-IDCA1404-10-140-54-35:48322:49249 [2] NCCL INFO TUNER/Plugin: Plugin load returned 11 : libnccl-net.so: cannot open shared object file: No such file or directory : when loading libnccl-tuner.so
SH-IDCA1404-10-140-54-35:48322:49249 [2] NCCL INFO TUNER/Plugin: Using internal tuner plugin.
SH-IDCA1404-10-140-54-35:48322:49249 [2] NCCL INFO ncclCommInitRank comm 0xc0d86d0 rank 2 nranks 16 cudaDev 2 nvmlDev 2 busId 6b000 commId 0xa4b8c0a427982a36 - Init COMPLETE
SH-IDCA1404-10-140-54-35:48326:49244 [6] NCCL INFO TUNER/Plugin: Plugin load returned 11 : libnccl-net.so: cannot open shared object file: No such file or directory : when loading libnccl-tuner.so
SH-IDCA1404-10-140-54-35:48326:49244 [6] NCCL INFO TUNER/Plugin: Using internal tuner plugin.
SH-IDCA1404-10-140-54-35:48326:49244 [6] NCCL INFO ncclCommInitRank comm 0x5d9f93a0 rank 6 nranks 16 cudaDev 6 nvmlDev 6 busId d4000 commId 0xa4b8c0a427982a36 - Init COMPLETE
SH-IDCA1404-10-140-54-35:48324:49253 [4] NCCL INFO TUNER/Plugin: Plugin load returned 11 : libnccl-net.so: cannot open shared object file: No such file or directory : when loading libnccl-tuner.so
SH-IDCA1404-10-140-54-35:48324:49253 [4] NCCL INFO TUNER/Plugin: Using internal tuner plugin.
SH-IDCA1404-10-140-54-35:48324:49253 [4] NCCL INFO ncclCommInitRank comm 0xc6843a0 rank 4 nranks 16 cudaDev 4 nvmlDev 4 busId 9d000 commId 0xa4b8c0a427982a36 - Init COMPLETE
SH-IDCA1404-10-140-54-35:48323:49246 [3] NCCL INFO TUNER/Plugin: Plugin load returned 11 : libnccl-net.so: cannot open shared object file: No such file or directory : when loading libnccl-tuner.so
SH-IDCA1404-10-140-54-35:48323:49246 [3] NCCL INFO TUNER/Plugin: Using internal tuner plugin.
SH-IDCA1404-10-140-54-35:48323:49246 [3] NCCL INFO ncclCommInitRank comm 0xc258260 rank 3 nranks 16 cudaDev 3 nvmlDev 3 busId 71000 commId 0xa4b8c0a427982a36 - Init COMPLETE
SH-IDCA1404-10-140-54-35:48325:49247 [5] NCCL INFO TUNER/Plugin: Plugin load returned 11 : libnccl-net.so: cannot open shared object file: No such file or directory : when loading libnccl-tuner.so
SH-IDCA1404-10-140-54-35:48325:49247 [5] NCCL INFO TUNER/Plugin: Using internal tuner plugin.
SH-IDCA1404-10-140-54-35:48325:49247 [5] NCCL INFO ncclCommInitRank comm 0xbf732e0 rank 5 nranks 16 cudaDev 5 nvmlDev 5 busId a1000 commId 0xa4b8c0a427982a36 - Init COMPLETE
SH-IDCA1404-10-140-54-35:48320:49243 [0] NCCL INFO TUNER/Plugin: Plugin load returned 11 : libnccl-net.so: cannot open shared object file: No such file or directory : when loading libnccl-tuner.so
SH-IDCA1404-10-140-54-35:48320:49243 [0] NCCL INFO TUNER/Plugin: Using internal tuner plugin.
SH-IDCA1404-10-140-54-35:48320:49243 [0] NCCL INFO ncclCommInitRank comm 0xbe87820 rank 0 nranks 16 cudaDev 0 nvmlDev 0 busId 51000 commId 0xa4b8c0a427982a36 - Init COMPLETE
SH-IDCA1404-10-140-54-35:48327:49254 [7] NCCL INFO TUNER/Plugin: Plugin load returned 11 : libnccl-net.so: cannot open shared object file: No such file or directory : when loading libnccl-tuner.so
SH-IDCA1404-10-140-54-35:48327:49254 [7] NCCL INFO TUNER/Plugin: Using internal tuner plugin.
SH-IDCA1404-10-140-54-35:48327:49254 [7] NCCL INFO ncclCommInitRank comm 0xb867a70 rank 7 nranks 16 cudaDev 7 nvmlDev 7 busId d7000 commId 0xa4b8c0a427982a36 - Init COMPLETE
[12/02 04:21:03 TiTok-Gen]: ***** Running training *****
[12/02 04:21:03 TiTok-Gen]:   Num training steps = 1000000
[12/02 04:21:03 TiTok-Gen]:   Gradient Accumulation steps = 1
[12/02 04:21:03 TiTok-Gen]:   Instantaneous batch size per gpu = 64
[12/02 04:21:03 TiTok-Gen]:   Total train batch size (w. parallel, distributed & accumulation) = 1024
[12/02 04:21:03 TiTok-Gen]: Epoch 0/798 started.
[12/02 04:21:33 TiTok-Gen]: Generating images...
[12/02 04:21:42 TiTok-Gen]: Generating images...
[12/02 04:21:50 TiTok-Gen]: Generating images...
[12/02 04:21:58 TiTok-Gen]: Generating images...
[12/02 04:22:05 TiTok-Gen]: Data (t): 0.3563, 90.26/s/gpu Batch (t): 0.7091 LR: 0.000001 Step: 50 Loss: 9.8562 Token Acc: 0.0001 
[12/02 04:22:06 TiTok-Gen]: Generating images...
[12/02 04:22:14 TiTok-Gen]: Generating images...
[12/02 04:22:22 TiTok-Gen]: Generating images...
[12/02 04:22:30 TiTok-Gen]: Generating images...
[12/02 04:22:38 TiTok-Gen]: Generating images...
[12/02 04:22:46 TiTok-Gen]: Data (t): 0.3554, 91.76/s/gpu Batch (t): 0.6975 LR: 0.000001 Step: 100 Loss: 9.8310 Token Acc: 0.0001 
[12/02 04:22:46 TiTok-Gen]: Generating images...
[12/02 04:22:55 TiTok-Gen]: Generating images...
[12/02 04:23:03 TiTok-Gen]: Generating images...
[12/02 04:23:11 TiTok-Gen]: Generating images...
[12/02 04:23:20 TiTok-Gen]: Generating images...
[12/02 04:23:27 TiTok-Gen]: Data (t): 0.4198, 85.09/s/gpu Batch (t): 0.7522 LR: 0.000002 Step: 150 Loss: 9.8116 Token Acc: 0.0003 
[12/02 04:23:28 TiTok-Gen]: Generating images...
[12/02 04:23:36 TiTok-Gen]: Generating images...
[12/02 04:23:45 TiTok-Gen]: Generating images...
[12/02 04:23:53 TiTok-Gen]: Generating images...
[12/02 04:24:02 TiTok-Gen]: Generating images...
[12/02 04:24:10 TiTok-Gen]: Data (t): 0.1580, 110.76/s/gpu Batch (t): 0.5778 LR: 0.000002 Step: 200 Loss: 9.7904 Token Acc: 0.0007 
[12/02 04:24:10 TiTok-Gen]: Generating images...
[12/02 04:24:18 TiTok-Gen]: Generating images...
[12/02 04:24:27 TiTok-Gen]: Generating images...
[12/02 04:24:35 TiTok-Gen]: Generating images...
[12/02 04:24:44 TiTok-Gen]: Generating images...
[12/02 04:24:52 TiTok-Gen]: Data (t): 0.3382, 95.99/s/gpu Batch (t): 0.6668 LR: 0.000003 Step: 250 Loss: 9.7733 Token Acc: 0.0008 
[12/02 04:24:53 TiTok-Gen]: Generating images...
[12/02 04:25:01 TiTok-Gen]: Generating images...
[12/02 04:25:10 TiTok-Gen]: Generating images...
[12/02 04:25:18 TiTok-Gen]: Generating images...
[12/02 04:25:27 TiTok-Gen]: Generating images...
[12/02 04:25:35 TiTok-Gen]: Data (t): 0.3447, 88.90/s/gpu Batch (t): 0.7199 LR: 0.000003 Step: 300 Loss: 9.7502 Token Acc: 0.0013 
[12/02 04:25:35 TiTok-Gen]: Generating images...
[12/02 04:25:43 TiTok-Gen]: Generating images...
[12/02 04:25:52 TiTok-Gen]: Generating images...
[12/02 04:26:00 TiTok-Gen]: Generating images...
[12/02 04:26:08 TiTok-Gen]: Generating images...
[12/02 04:26:16 TiTok-Gen]: Data (t): 0.1639, 84.39/s/gpu Batch (t): 0.7584 LR: 0.000004 Step: 350 Loss: 9.7351 Token Acc: 0.0011 
[12/02 04:26:17 TiTok-Gen]: Generating images...
[12/02 04:26:25 TiTok-Gen]: Generating images...
[12/02 04:26:34 TiTok-Gen]: Generating images...
[12/02 04:26:43 TiTok-Gen]: Generating images...
[12/02 04:26:51 TiTok-Gen]: Generating images...
[12/02 04:26:59 TiTok-Gen]: Data (t): 0.1634, 111.36/s/gpu Batch (t): 0.5747 LR: 0.000004 Step: 400 Loss: 9.7195 Token Acc: 0.0012 
[12/02 04:26:59 TiTok-Gen]: Generating images...
[12/02 04:27:07 TiTok-Gen]: Generating images...
[12/02 04:27:16 TiTok-Gen]: Generating images...
[12/02 04:27:24 TiTok-Gen]: Generating images...
[12/02 04:27:32 TiTok-Gen]: Generating images...
[12/02 04:27:41 TiTok-Gen]: Data (t): 0.2481, 110.87/s/gpu Batch (t): 0.5772 LR: 0.000005 Step: 450 Loss: 9.7120 Token Acc: 0.0008 
[12/02 04:27:41 TiTok-Gen]: Generating images...
[12/02 04:27:50 TiTok-Gen]: Generating images...
[12/02 04:27:57 TiTok-Gen]: Generating images...
[12/02 04:28:06 TiTok-Gen]: Generating images...
[12/02 04:28:14 TiTok-Gen]: Generating images...
[12/02 04:28:22 TiTok-Gen]: Data (t): 0.1596, 115.28/s/gpu Batch (t): 0.5552 LR: 0.000005 Step: 500 Loss: 9.7069 Token Acc: 0.0009 
[12/02 04:28:22 TiTok-Gen]: Generating images...
[12/02 04:28:31 TiTok-Gen]: Generating images...
[12/02 04:28:39 TiTok-Gen]: Generating images...
[12/02 04:28:48 TiTok-Gen]: Generating images...
[12/02 04:28:56 TiTok-Gen]: Generating images...
[12/02 04:29:04 TiTok-Gen]: Data (t): 0.1736, 123.51/s/gpu Batch (t): 0.5182 LR: 0.000006 Step: 550 Loss: 9.7023 Token Acc: 0.0010 
[12/02 04:29:04 TiTok-Gen]: Generating images...
[12/02 04:29:13 TiTok-Gen]: Generating images...
[12/02 04:29:22 TiTok-Gen]: Generating images...
[12/02 04:29:30 TiTok-Gen]: Generating images...
[12/02 04:29:39 TiTok-Gen]: Generating images...
[12/02 04:29:47 TiTok-Gen]: Data (t): 0.3606, 84.75/s/gpu Batch (t): 0.7552 LR: 0.000006 Step: 600 Loss: 9.6987 Token Acc: 0.0014 
[12/02 04:29:47 TiTok-Gen]: Generating images...
[12/02 04:29:56 TiTok-Gen]: Generating images...
[12/02 04:30:05 TiTok-Gen]: Generating images...
[12/02 04:30:13 TiTok-Gen]: Generating images...
[12/02 04:30:22 TiTok-Gen]: Generating images...
[12/02 04:30:30 TiTok-Gen]: Data (t): 0.3726, 91.09/s/gpu Batch (t): 0.7026 LR: 0.000007 Step: 650 Loss: 9.6879 Token Acc: 0.0031 
[12/02 04:30:30 TiTok-Gen]: Generating images...
[12/02 04:30:38 TiTok-Gen]: Generating images...
[12/02 04:30:47 TiTok-Gen]: Generating images...
[12/02 04:30:55 TiTok-Gen]: Generating images...
[12/02 04:31:04 TiTok-Gen]: Generating images...
[12/02 04:31:12 TiTok-Gen]: Data (t): 0.3298, 97.03/s/gpu Batch (t): 0.6596 LR: 0.000007 Step: 700 Loss: 9.6952 Token Acc: 0.0016 
[12/02 04:31:12 TiTok-Gen]: Generating images...
[12/02 04:31:21 TiTok-Gen]: Generating images...
[12/02 04:31:30 TiTok-Gen]: Generating images...
[12/02 04:31:39 TiTok-Gen]: Generating images...
[12/02 04:31:47 TiTok-Gen]: Generating images...
[12/02 04:31:55 TiTok-Gen]: Data (t): 0.1579, 109.62/s/gpu Batch (t): 0.5838 LR: 0.000008 Step: 750 Loss: 9.6863 Token Acc: 0.0018 
[12/02 04:31:56 TiTok-Gen]: Generating images...
[12/02 04:32:04 TiTok-Gen]: Generating images...
[12/02 04:32:13 TiTok-Gen]: Generating images...
[12/02 04:32:22 TiTok-Gen]: Generating images...
[12/02 04:32:31 TiTok-Gen]: Generating images...
[12/02 04:32:39 TiTok-Gen]: Data (t): 0.1612, 103.39/s/gpu Batch (t): 0.6190 LR: 0.000008 Step: 800 Loss: 9.6809 Token Acc: 0.0019 
[12/02 04:32:39 TiTok-Gen]: Generating images...
[12/02 04:32:48 TiTok-Gen]: Generating images...
[12/02 04:32:57 TiTok-Gen]: Generating images...
[12/02 04:33:07 TiTok-Gen]: Generating images...
[12/02 04:33:17 TiTok-Gen]: Generating images...
[12/02 04:33:25 TiTok-Gen]: Data (t): 0.1593, 87.23/s/gpu Batch (t): 0.7337 LR: 0.000009 Step: 850 Loss: 9.6781 Token Acc: 0.0022 
[12/02 04:33:25 TiTok-Gen]: Generating images...
[12/02 04:33:34 TiTok-Gen]: Generating images...
[12/02 04:33:43 TiTok-Gen]: Generating images...
[12/02 04:33:52 TiTok-Gen]: Generating images...
[12/02 04:34:01 TiTok-Gen]: Generating images...
[12/02 04:34:09 TiTok-Gen]: Data (t): 0.1559, 81.52/s/gpu Batch (t): 0.7851 LR: 0.000009 Step: 900 Loss: 9.6694 Token Acc: 0.0025 
[12/02 04:34:10 TiTok-Gen]: Generating images...
[12/02 04:34:19 TiTok-Gen]: Generating images...
[12/02 04:34:27 TiTok-Gen]: Generating images...
[12/02 04:34:36 TiTok-Gen]: Generating images...
[12/02 04:34:44 TiTok-Gen]: Generating images...
[12/02 04:34:52 TiTok-Gen]: Data (t): 0.1563, 85.20/s/gpu Batch (t): 0.7511 LR: 0.000010 Step: 950 Loss: 9.6645 Token Acc: 0.0026 
[12/02 04:34:53 TiTok-Gen]: Generating images...
[12/02 04:35:02 TiTok-Gen]: Generating images...
[12/02 04:35:10 TiTok-Gen]: Generating images...
[12/02 04:35:18 TiTok-Gen]: Generating images...
[12/02 04:35:27 TiTok-Gen]: Generating images...
[12/02 04:35:36 TiTok-Gen]: Data (t): 0.3196, 81.82/s/gpu Batch (t): 0.7822 LR: 0.000010 Step: 1000 Loss: 9.6593 Token Acc: 0.0028 
[12/02 04:35:36 TiTok-Gen]: Generating images...
[12/02 04:35:45 TiTok-Gen]: Generating images...
[12/02 04:35:53 TiTok-Gen]: Generating images...
[12/02 04:36:02 TiTok-Gen]: Generating images...
[12/02 04:36:10 TiTok-Gen]: Generating images...
[12/02 04:36:18 TiTok-Gen]: Data (t): 0.3765, 91.46/s/gpu Batch (t): 0.6997 LR: 0.000010 Step: 1050 Loss: 9.6472 Token Acc: 0.0028 
[12/02 04:36:19 TiTok-Gen]: Generating images...
[12/02 04:36:27 TiTok-Gen]: Generating images...
[12/02 04:36:36 TiTok-Gen]: Generating images...
[12/02 04:36:45 TiTok-Gen]: Generating images...
[12/02 04:36:53 TiTok-Gen]: Generating images...
[12/02 04:37:02 TiTok-Gen]: Data (t): 0.1548, 94.71/s/gpu Batch (t): 0.6757 LR: 0.000011 Step: 1100 Loss: 9.6426 Token Acc: 0.0027 
[12/02 04:37:02 TiTok-Gen]: Generating images...
[12/02 04:37:11 TiTok-Gen]: Generating images...
[12/02 04:37:21 TiTok-Gen]: Generating images...
[12/02 04:37:29 TiTok-Gen]: Generating images...
[12/02 04:37:38 TiTok-Gen]: Generating images...
[12/02 04:37:47 TiTok-Gen]: Data (t): 0.1561, 83.64/s/gpu Batch (t): 0.7652 LR: 0.000012 Step: 1150 Loss: 9.6416 Token Acc: 0.0022 
[12/02 04:37:47 TiTok-Gen]: Generating images...
[12/02 04:37:56 TiTok-Gen]: Generating images...
[12/02 04:38:04 TiTok-Gen]: Generating images...
[12/02 04:38:13 TiTok-Gen]: Generating images...
[12/02 04:38:22 TiTok-Gen]: Generating images...
[12/02 04:38:33 TiTok-Gen]: Data (t): 0.1551, 85.33/s/gpu Batch (t): 0.7501 LR: 0.000012 Step: 1200 Loss: 9.6203 Token Acc: 0.0033 
[12/02 04:38:33 TiTok-Gen]: Generating images...
[12/02 04:38:49 TiTok-Gen]: Generating images...
[12/02 04:38:58 TiTok-Gen]: Generating images...
[12/02 04:39:07 TiTok-Gen]: Generating images...
[12/02 04:39:15 TiTok-Gen]: Generating images...
[12/02 04:39:24 TiTok-Gen]: Data (t): 0.1591, 98.78/s/gpu Batch (t): 0.6479 LR: 0.000013 Step: 1250 Loss: 9.6268 Token Acc: 0.0026 
[12/02 04:39:24 TiTok-Gen]: Generating images...
[12/02 04:39:33 TiTok-Gen]: Generating images...
[12/02 04:39:34 TiTok-Gen]: Epoch 1/798 started.
[12/02 04:40:03 TiTok-Gen]: Generating images...
[12/02 04:40:11 TiTok-Gen]: Generating images...
[12/02 04:40:20 TiTok-Gen]: Generating images...
[12/02 04:40:28 TiTok-Gen]: Data (t): 0.1546, 129.69/s/gpu Batch (t): 0.4935 LR: 0.000013 Step: 1300 Loss: 9.6130 Token Acc: 0.0035 
[12/02 04:40:28 TiTok-Gen]: Generating images...
[12/02 04:40:37 TiTok-Gen]: Generating images...
[12/02 04:40:46 TiTok-Gen]: Generating images...
[12/02 04:40:54 TiTok-Gen]: Generating images...
[12/02 04:41:03 TiTok-Gen]: Generating images...
[12/02 04:41:11 TiTok-Gen]: Data (t): 0.1539, 112.75/s/gpu Batch (t): 0.5676 LR: 0.000014 Step: 1350 Loss: 9.5992 Token Acc: 0.0041 
[12/02 04:41:12 TiTok-Gen]: Generating images...
[12/02 04:41:20 TiTok-Gen]: Generating images...
[12/02 04:41:29 TiTok-Gen]: Generating images...
[12/02 04:41:38 TiTok-Gen]: Generating images...
[12/02 04:41:46 TiTok-Gen]: Generating images...
[12/02 04:41:54 TiTok-Gen]: Data (t): 0.1561, 111.13/s/gpu Batch (t): 0.5759 LR: 0.000014 Step: 1400 Loss: 9.6131 Token Acc: 0.0025 
[12/02 04:41:55 TiTok-Gen]: Generating images...
[12/02 04:42:04 TiTok-Gen]: Generating images...
[12/02 04:42:12 TiTok-Gen]: Generating images...
[12/02 04:42:21 TiTok-Gen]: Generating images...
[12/02 04:42:30 TiTok-Gen]: Generating images...
[12/02 04:42:39 TiTok-Gen]: Data (t): 0.3847, 88.35/s/gpu Batch (t): 0.7244 LR: 0.000015 Step: 1450 Loss: 9.6037 Token Acc: 0.0031 
[12/02 04:42:39 TiTok-Gen]: Generating images...
[12/02 04:42:47 TiTok-Gen]: Generating images...
[12/02 04:42:56 TiTok-Gen]: Generating images...
[12/02 04:43:05 TiTok-Gen]: Generating images...
[12/02 04:43:15 TiTok-Gen]: Generating images...
[12/02 04:43:23 TiTok-Gen]: Data (t): 0.3434, 93.66/s/gpu Batch (t): 0.6834 LR: 0.000015 Step: 1500 Loss: 9.6000 Token Acc: 0.0030 
[12/02 04:43:24 TiTok-Gen]: Generating images...
[12/02 04:43:33 TiTok-Gen]: Generating images...
[12/02 04:43:42 TiTok-Gen]: Generating images...
[12/02 04:43:50 TiTok-Gen]: Generating images...
[12/02 04:43:59 TiTok-Gen]: Generating images...
[12/02 04:44:07 TiTok-Gen]: Data (t): 0.3494, 94.26/s/gpu Batch (t): 0.6790 LR: 0.000016 Step: 1550 Loss: 9.5896 Token Acc: 0.0029 
[12/02 04:44:07 TiTok-Gen]: Generating images...
[12/02 04:44:16 TiTok-Gen]: Generating images...
[12/02 04:44:24 TiTok-Gen]: Generating images...
[12/02 04:44:33 TiTok-Gen]: Generating images...
[12/02 04:44:41 TiTok-Gen]: Generating images...
[12/02 04:44:49 TiTok-Gen]: Data (t): 0.1540, 130.67/s/gpu Batch (t): 0.4898 LR: 0.000016 Step: 1600 Loss: 9.5947 Token Acc: 0.0030 
[12/02 04:44:50 TiTok-Gen]: Generating images...
[12/02 04:44:58 TiTok-Gen]: Generating images...
[12/02 04:45:06 TiTok-Gen]: Generating images...
[12/02 04:45:15 TiTok-Gen]: Generating images...
[12/02 04:45:23 TiTok-Gen]: Generating images...
[12/02 04:45:31 TiTok-Gen]: Data (t): 0.1543, 123.29/s/gpu Batch (t): 0.5191 LR: 0.000017 Step: 1650 Loss: 9.5648 Token Acc: 0.0055 
[12/02 04:45:31 TiTok-Gen]: Generating images...
[12/02 04:45:40 TiTok-Gen]: Generating images...
[12/02 04:45:48 TiTok-Gen]: Generating images...
[12/02 04:45:57 TiTok-Gen]: Generating images...
[12/02 04:46:06 TiTok-Gen]: Generating images...
[12/02 04:46:14 TiTok-Gen]: Data (t): 0.1543, 109.12/s/gpu Batch (t): 0.5865 LR: 0.000017 Step: 1700 Loss: 9.5818 Token Acc: 0.0035 
[12/02 04:46:14 TiTok-Gen]: Generating images...
[12/02 04:46:23 TiTok-Gen]: Generating images...
[12/02 04:46:32 TiTok-Gen]: Generating images...
[12/02 04:46:40 TiTok-Gen]: Generating images...
[12/02 04:46:49 TiTok-Gen]: Generating images...
[12/02 04:46:57 TiTok-Gen]: Data (t): 0.1623, 110.70/s/gpu Batch (t): 0.5781 LR: 0.000017 Step: 1750 Loss: 9.5681 Token Acc: 0.0051 
[12/02 04:46:57 TiTok-Gen]: Generating images...
[12/02 04:47:07 TiTok-Gen]: Generating images...
[12/02 04:47:15 TiTok-Gen]: Generating images...
[12/02 04:47:24 TiTok-Gen]: Generating images...
[12/02 04:47:33 TiTok-Gen]: Generating images...
[12/02 04:47:41 TiTok-Gen]: Data (t): 0.1556, 108.06/s/gpu Batch (t): 0.5923 LR: 0.000018 Step: 1800 Loss: 9.5803 Token Acc: 0.0042 
[12/02 04:47:41 TiTok-Gen]: Generating images...
[12/02 04:47:50 TiTok-Gen]: Generating images...
[12/02 04:47:59 TiTok-Gen]: Generating images...
[12/02 04:48:07 TiTok-Gen]: Generating images...
[12/02 04:48:16 TiTok-Gen]: Generating images...
[12/02 04:48:25 TiTok-Gen]: Data (t): 0.3197, 99.03/s/gpu Batch (t): 0.6463 LR: 0.000018 Step: 1850 Loss: 9.5739 Token Acc: 0.0039 
[12/02 04:48:25 TiTok-Gen]: Generating images...
[12/02 04:48:34 TiTok-Gen]: Generating images...
[12/02 04:48:43 TiTok-Gen]: Generating images...
[12/02 04:48:52 TiTok-Gen]: Generating images...
[12/02 04:49:01 TiTok-Gen]: Generating images...
[12/02 04:49:09 TiTok-Gen]: Data (t): 0.3138, 97.94/s/gpu Batch (t): 0.6535 LR: 0.000019 Step: 1900 Loss: 9.5844 Token Acc: 0.0026 
[12/02 04:49:09 TiTok-Gen]: Generating images...
[12/02 04:49:18 TiTok-Gen]: Generating images...
[12/02 04:49:27 TiTok-Gen]: Generating images...
[12/02 04:49:36 TiTok-Gen]: Generating images...
[12/02 04:49:45 TiTok-Gen]: Generating images...
[12/02 04:49:54 TiTok-Gen]: Data (t): 0.3174, 96.10/s/gpu Batch (t): 0.6659 LR: 0.000020 Step: 1950 Loss: 9.5776 Token Acc: 0.0037 
[12/02 04:49:54 TiTok-Gen]: Generating images...
[12/02 04:50:03 TiTok-Gen]: Generating images...
[12/02 04:50:11 TiTok-Gen]: Generating images...
[12/02 04:50:20 TiTok-Gen]: Generating images...
[12/02 04:50:29 TiTok-Gen]: Generating images...
[12/02 04:50:37 TiTok-Gen]: Data (t): 0.1548, 89.07/s/gpu Batch (t): 0.7185 LR: 0.000020 Step: 2000 Loss: 9.5683 Token Acc: 0.0041 
[12/02 04:50:38 TiTok-Gen]: Generating images...
[12/02 04:50:46 TiTok-Gen]: Generating images...
[12/02 04:50:54 TiTok-Gen]: Generating images...
[12/02 04:51:03 TiTok-Gen]: Generating images...
[12/02 04:51:12 TiTok-Gen]: Generating images...
[12/02 04:51:20 TiTok-Gen]: Data (t): 0.1573, 109.88/s/gpu Batch (t): 0.5825 LR: 0.000021 Step: 2050 Loss: 9.5739 Token Acc: 0.0036 
[12/02 04:51:21 TiTok-Gen]: Generating images...
srun: got SIGCONT
slurmstepd: error: *** JOB 6482413 ON SH-IDCA1404-10-140-54-35 CANCELLED AT 2025-12-02T04:51:26 ***
srun: Job step aborted: Waiting up to 2 seconds for job step to finish.
slurmstepd: error: *** STEP 6482413.0 ON SH-IDCA1404-10-140-54-35 CANCELLED AT 2025-12-02T04:51:26 ***
srun: Easily find out why your job was killed by following the link below:
	https://docs.phoenix.sensetime.com/FAQ/SlurmFAQ/Find-out-why-my-job-was-killed/
srun: forcing job termination
W1202 04:51:26.604000 111703 site-packages/torch/distributed/elastic/agent/server/api.py:719] Received Signals.SIGTERM death signal, shutting down workers
W1202 04:51:26.606000 111703 site-packages/torch/distributed/elastic/multiprocessing/api.py:897] Sending process 112326 closing signal SIGTERM
W1202 04:51:26.637000 47856 site-packages/torch/distributed/elastic/agent/server/api.py:719] Received Signals.SIGTERM death signal, shutting down workers
W1202 04:51:26.640000 47856 site-packages/torch/distributed/elastic/multiprocessing/api.py:897] Sending process 48320 closing signal SIGTERM
W1202 04:51:26.610000 111703 site-packages/torch/distributed/elastic/multiprocessing/api.py:897] Sending process 112327 closing signal SIGTERM
W1202 04:51:26.644000 47856 site-packages/torch/distributed/elastic/multiprocessing/api.py:897] Sending process 48321 closing signal SIGTERM
W1202 04:51:26.613000 111703 site-packages/torch/distributed/elastic/multiprocessing/api.py:897] Sending process 112328 closing signal SIGTERM
W1202 04:51:26.648000 47856 site-packages/torch/distributed/elastic/multiprocessing/api.py:897] Sending process 48322 closing signal SIGTERM
W1202 04:51:26.617000 111703 site-packages/torch/distributed/elastic/multiprocessing/api.py:897] Sending process 112329 closing signal SIGTERM
W1202 04:51:26.653000 47856 site-packages/torch/distributed/elastic/multiprocessing/api.py:897] Sending process 48323 closing signal SIGTERM
W1202 04:51:26.620000 111703 site-packages/torch/distributed/elastic/multiprocessing/api.py:897] Sending process 112330 closing signal SIGTERM
W1202 04:51:26.625000 111703 site-packages/torch/distributed/elastic/multiprocessing/api.py:897] Sending process 112331 closing signal SIGTERM
